2024-02-06T00:47:32.1617281Z Requested labels: ubuntu-latest
2024-02-06T00:47:32.1617634Z Job defined at: cunla/ghactions-manager/.github/workflows/build.yml@refs/heads/master
2024-02-06T00:47:32.1617790Z Waiting for a runner to pick up this job...
2024-02-06T00:47:32.7317772Z Job is waiting for a hosted runner to come online.
2024-02-06T00:47:35.8275259Z Job is about to start running on the hosted runner: GitHub Actions 5 (hosted)
2024-02-06T00:47:38.6968542Z Current runner version: '2.312.0'
2024-02-06T00:47:38.6990809Z ##[group]Operating System
2024-02-06T00:47:38.6991555Z Ubuntu
2024-02-06T00:47:38.6991864Z 22.04.3
2024-02-06T00:47:38.6992207Z LTS
2024-02-06T00:47:38.6992611Z ##[endgroup]
2024-02-06T00:47:38.6992952Z ##[group]Runner Image
2024-02-06T00:47:38.6993392Z Image: ubuntu-22.04
2024-02-06T00:47:38.6993870Z Version: 20240201.1.0
2024-02-06T00:47:38.6994822Z Included Software: https://github.com/actions/runner-images/blob/ubuntu22/20240201.1/images/ubuntu/Ubuntu2204-Readme.md
2024-02-06T00:47:38.6996294Z Image Release: https://github.com/actions/runner-images/releases/tag/ubuntu22%2F20240201.1
2024-02-06T00:47:38.6997436Z ##[endgroup]
2024-02-06T00:47:38.6997854Z ##[group]Runner Image Provisioner
2024-02-06T00:47:38.6998301Z 2.0.341.1
2024-02-06T00:47:38.6998703Z ##[endgroup]
2024-02-06T00:47:38.7000827Z ##[group]GITHUB_TOKEN Permissions
2024-02-06T00:47:38.7002487Z Actions: write
2024-02-06T00:47:38.7002921Z Checks: write
2024-02-06T00:47:38.7003534Z Contents: write
2024-02-06T00:47:38.7004010Z Deployments: write
2024-02-06T00:47:38.7004422Z Discussions: write
2024-02-06T00:47:38.7004886Z Issues: write
2024-02-06T00:47:38.7005249Z Metadata: read
2024-02-06T00:47:38.7005586Z Packages: write
2024-02-06T00:47:38.7006039Z Pages: write
2024-02-06T00:47:38.7006404Z PullRequests: write
2024-02-06T00:47:38.7006787Z RepositoryProjects: write
2024-02-06T00:47:38.7007319Z SecurityEvents: write
2024-02-06T00:47:38.7007728Z Statuses: write
2024-02-06T00:47:38.7008070Z ##[endgroup]
2024-02-06T00:47:38.7011053Z Secret source: Actions
2024-02-06T00:47:38.7011693Z Prepare workflow directory
2024-02-06T00:47:38.7620431Z Prepare all required actions
2024-02-06T00:47:38.7776814Z Getting action download info
2024-02-06T00:47:39.0244511Z Download action repository 'actions/checkout@v4' (SHA:b4ffde65f46336ab88eb53be808477a3936bae11)
2024-02-06T00:47:39.1375582Z Download action repository 'gradle/wrapper-validation-action@v1.1.0' (SHA:56b90f209b02bf6d1deae490e9ef18b21a389cd4)
2024-02-06T00:47:39.3130445Z Download action repository 'actions/setup-java@v4' (SHA:387ac29b308b003ca37ba93a6cab5eb57c8f5f93)
2024-02-06T00:47:39.5668113Z Download action repository 'actions/upload-artifact@v4' (SHA:5d5d22a31266ced268874388b861e4b58bb5c2f3)
2024-02-06T00:47:39.8272913Z Download action repository 'actions/cache@v4' (SHA:13aacd865c20de90d75de3b17ebe84f7a17d57d2)
2024-02-06T00:47:40.1100784Z Complete job name: Build
2024-02-06T00:47:40.1991636Z ##[group]Run sudo rm -rf /usr/share/dotnet
2024-02-06T00:47:40.1992252Z [36;1msudo rm -rf /usr/share/dotnet[0m
2024-02-06T00:47:40.1992753Z [36;1msudo rm -rf /usr/local/lib/android[0m
2024-02-06T00:47:40.1993304Z [36;1msudo rm -rf /opt/ghc[0m
2024-02-06T00:47:40.2033704Z shell: /usr/bin/bash -e {0}
2024-02-06T00:47:40.2034309Z ##[endgroup]
2024-02-06T00:48:37.3430675Z ##[group]Run actions/checkout@v4
2024-02-06T00:48:37.3431071Z with:
2024-02-06T00:48:37.3431342Z   repository: cunla/ghactions-manager
2024-02-06T00:48:37.3431877Z   token: ***
2024-02-06T00:48:37.3432127Z   ssh-strict: true
2024-02-06T00:48:37.3432398Z   persist-credentials: true
2024-02-06T00:48:37.3432713Z   clean: true
2024-02-06T00:48:37.3432981Z   sparse-checkout-cone-mode: true
2024-02-06T00:48:37.3433305Z   fetch-depth: 1
2024-02-06T00:48:37.3433546Z   fetch-tags: false
2024-02-06T00:48:37.3433792Z   show-progress: true
2024-02-06T00:48:37.3434068Z   lfs: false
2024-02-06T00:48:37.3434298Z   submodules: false
2024-02-06T00:48:37.3434554Z   set-safe-directory: true
2024-02-06T00:48:37.3434837Z ##[endgroup]
2024-02-06T00:48:37.5093617Z Syncing repository: cunla/ghactions-manager
2024-02-06T00:48:37.5095201Z ##[group]Getting Git version info
2024-02-06T00:48:37.5095875Z Working directory is '/home/runner/work/ghactions-manager/ghactions-manager'
2024-02-06T00:48:37.5096671Z [command]/usr/bin/git version
2024-02-06T00:48:37.5113845Z git version 2.43.0
2024-02-06T00:48:37.5139966Z ##[endgroup]
2024-02-06T00:48:37.5229168Z Temporarily overriding HOME='/home/runner/work/_temp/d8966904-584f-4940-9415-1f53de9be910' before making global git config changes
2024-02-06T00:48:37.5231212Z Adding repository directory to the temporary git global config as a safe directory
2024-02-06T00:48:37.5233428Z [command]/usr/bin/git config --global --add safe.directory /home/runner/work/ghactions-manager/ghactions-manager
2024-02-06T00:48:37.5267942Z Deleting the contents of '/home/runner/work/ghactions-manager/ghactions-manager'
2024-02-06T00:48:37.5275273Z ##[group]Initializing the repository
2024-02-06T00:48:37.5279802Z [command]/usr/bin/git init /home/runner/work/ghactions-manager/ghactions-manager
2024-02-06T00:48:37.5652925Z hint: Using 'master' as the name for the initial branch. This default branch name
2024-02-06T00:48:37.5654284Z hint: is subject to change. To configure the initial branch name to use in all
2024-02-06T00:48:37.5655530Z hint: of your new repositories, which will suppress this warning, call:
2024-02-06T00:48:37.5656391Z hint:
2024-02-06T00:48:37.5657065Z hint: 	git config --global init.defaultBranch <name>
2024-02-06T00:48:37.5657594Z hint:
2024-02-06T00:48:37.5658081Z hint: Names commonly chosen instead of 'master' are 'main', 'trunk' and
2024-02-06T00:48:37.5658863Z hint: 'development'. The just-created branch can be renamed via this command:
2024-02-06T00:48:37.5659412Z hint:
2024-02-06T00:48:37.5659678Z hint: 	git branch -m <name>
2024-02-06T00:48:37.5666089Z Initialized empty Git repository in /home/runner/work/ghactions-manager/ghactions-manager/.git/
2024-02-06T00:48:37.5676796Z [command]/usr/bin/git remote add origin https://github.com/cunla/ghactions-manager
2024-02-06T00:48:37.5710168Z ##[endgroup]
2024-02-06T00:48:37.5710652Z ##[group]Disabling automatic garbage collection
2024-02-06T00:48:37.5713998Z [command]/usr/bin/git config --local gc.auto 0
2024-02-06T00:48:37.5742632Z ##[endgroup]
2024-02-06T00:48:37.5743309Z ##[group]Setting up auth
2024-02-06T00:48:37.5748491Z [command]/usr/bin/git config --local --name-only --get-regexp core\.sshCommand
2024-02-06T00:48:37.5778884Z [command]/usr/bin/git submodule foreach --recursive sh -c "git config --local --name-only --get-regexp 'core\.sshCommand' && git config --local --unset-all 'core.sshCommand' || :"
2024-02-06T00:48:37.6066555Z [command]/usr/bin/git config --local --name-only --get-regexp http\.https\:\/\/github\.com\/\.extraheader
2024-02-06T00:48:37.6097378Z [command]/usr/bin/git submodule foreach --recursive sh -c "git config --local --name-only --get-regexp 'http\.https\:\/\/github\.com\/\.extraheader' && git config --local --unset-all 'http.https://github.com/.extraheader' || :"
2024-02-06T00:48:37.6338683Z [command]/usr/bin/git config --local http.https://github.com/.extraheader AUTHORIZATION: basic ***
2024-02-06T00:48:37.6374145Z ##[endgroup]
2024-02-06T00:48:37.6375425Z ##[group]Fetching the repository
2024-02-06T00:48:37.6385840Z [command]/usr/bin/git -c protocol.version=2 fetch --no-tags --prune --no-recurse-submodules --depth=1 origin +198fcd73a1808fb5949e3a31c47b97a81bab9426:refs/remotes/origin/master
2024-02-06T00:48:37.9129706Z From https://github.com/cunla/ghactions-manager
2024-02-06T00:48:37.9130954Z  * [new ref]         198fcd73a1808fb5949e3a31c47b97a81bab9426 -> origin/master
2024-02-06T00:48:37.9156761Z ##[endgroup]
2024-02-06T00:48:37.9157656Z ##[group]Determining the checkout info
2024-02-06T00:48:37.9159225Z ##[endgroup]
2024-02-06T00:48:37.9159864Z ##[group]Checking out the ref
2024-02-06T00:48:37.9163951Z [command]/usr/bin/git checkout --progress --force -B master refs/remotes/origin/master
2024-02-06T00:48:37.9356825Z Reset branch 'master'
2024-02-06T00:48:37.9358765Z branch 'master' set up to track 'origin/master'.
2024-02-06T00:48:37.9366338Z ##[endgroup]
2024-02-06T00:48:37.9407978Z [command]/usr/bin/git log -1 --format='%H'
2024-02-06T00:48:37.9433326Z '198fcd73a1808fb5949e3a31c47b97a81bab9426'
2024-02-06T00:48:37.9580101Z ##[group]Run gradle/wrapper-validation-action@v1.1.0
2024-02-06T00:48:37.9580564Z with:
2024-02-06T00:48:37.9580811Z   min-wrapper-count: 1
2024-02-06T00:48:37.9581175Z   allow-snapshots: false
2024-02-06T00:48:37.9581802Z ##[endgroup]
2024-02-06T00:48:38.8528007Z âœ“ Found known Gradle Wrapper JAR files:
2024-02-06T00:48:38.8528819Z   ed2c26eba7cfb93cc2b7785d05e534f07b5b48b5e7fc941921cd098628abca58 gradle/wrapper/gradle-wrapper.jar
2024-02-06T00:48:38.8714794Z ##[group]Run actions/setup-java@v4
2024-02-06T00:48:38.8715146Z with:
2024-02-06T00:48:38.8715371Z   distribution: zulu
2024-02-06T00:48:38.8715634Z   java-version: 17
2024-02-06T00:48:38.8715864Z   cache: gradle
2024-02-06T00:48:38.8716093Z   java-package: jdk
2024-02-06T00:48:38.8716338Z   check-latest: false
2024-02-06T00:48:38.8716575Z   server-id: github
2024-02-06T00:48:38.8716826Z   server-username: GITHUB_ACTOR
2024-02-06T00:48:38.8717691Z   server-password: GITHUB_TOKEN
2024-02-06T00:48:38.8718009Z   overwrite-settings: true
2024-02-06T00:48:38.8718296Z   job-status: success
2024-02-06T00:48:38.8718896Z   token: ***
2024-02-06T00:48:38.8719255Z ##[endgroup]
2024-02-06T00:48:39.0568447Z ##[group]Installed distributions
2024-02-06T00:48:39.0594249Z Trying to resolve the latest version from remote
2024-02-06T00:48:39.1376211Z Resolved latest version as 17.0.10+7
2024-02-06T00:48:39.1376903Z Trying to download...
2024-02-06T00:48:39.1378709Z Downloading Java 17.0.10+7 (Zulu) from https://cdn.azul.com/zulu/bin/zulu17.48.15-ca-jdk17.0.10-linux_x64.tar.gz ...
2024-02-06T00:48:43.2728548Z Extracting Java archive...
2024-02-06T00:48:43.2833139Z [command]/usr/bin/tar xz --warning=no-unknown-keyword --overwrite -C /home/runner/work/_temp/c8aae08a-fd79-4541-b0fb-97a0b7c1d094 -f /home/runner/work/_temp/96bb97b7-f0b3-4acd-aa7b-4f7ba5301529
2024-02-06T00:48:46.2386133Z Java 17.0.10+7 was downloaded
2024-02-06T00:48:46.2388965Z Setting Java 17.0.10+7 as the default
2024-02-06T00:48:46.2389914Z Creating toolchains.xml for JDK version 17 from zulu
2024-02-06T00:48:46.2470576Z Writing to /home/runner/.m2/toolchains.xml
2024-02-06T00:48:46.2471197Z
2024-02-06T00:48:46.2471499Z Java configuration:
2024-02-06T00:48:46.2472030Z   Distribution: zulu
2024-02-06T00:48:46.2472469Z   Version: 17.0.10+7
2024-02-06T00:48:46.2474671Z   Path: /opt/hostedtoolcache/Java_Zulu_jdk/17.0.10-7/x64
2024-02-06T00:48:46.2475191Z
2024-02-06T00:48:46.2476368Z ##[endgroup]
2024-02-06T00:48:46.2502280Z Creating settings.xml with server-id: github
2024-02-06T00:48:46.2504284Z Writing to /home/runner/.m2/settings.xml
2024-02-06T00:48:47.3783128Z Received 222298112 of 2772881144 (8.0%), 212.0 MBs/sec
2024-02-06T00:48:48.3794707Z Received 473956352 of 2772881144 (17.1%), 225.9 MBs/sec
2024-02-06T00:48:49.3794476Z Received 717225984 of 2772881144 (25.9%), 227.9 MBs/sec
2024-02-06T00:48:50.3808653Z Received 968884224 of 2772881144 (34.9%), 230.9 MBs/sec
2024-02-06T00:48:51.3806915Z Received 1216348160 of 2772881144 (43.9%), 231.9 MBs/sec
2024-02-06T00:48:52.3807367Z Received 1472200704 of 2772881144 (53.1%), 233.9 MBs/sec
2024-02-06T00:48:53.3806784Z Received 1723858944 of 2772881144 (62.2%), 234.8 MBs/sec
2024-02-06T00:48:54.3835675Z Received 1975517184 of 2772881144 (71.2%), 235.4 MBs/sec
2024-02-06T00:48:55.3833024Z Received 2235564032 of 2772881144 (80.6%), 236.8 MBs/sec
2024-02-06T00:48:56.3836305Z Received 2491416576 of 2772881144 (89.8%), 237.5 MBs/sec
2024-02-06T00:48:57.3847678Z Received 2743074816 of 2772881144 (98.9%), 237.7 MBs/sec
2024-02-06T00:48:57.5010830Z Cache Size: ~2644 MB (2772881144 B)
2024-02-06T00:48:57.5149833Z [command]/usr/bin/tar -xf /home/runner/work/_temp/66f36aab-3631-4edb-b87d-0f979f6347e4/cache.tzst -P -C /home/runner/work/ghactions-manager/ghactions-manager --use-compress-program unzstd
2024-02-06T00:48:58.3850738Z Received 2772881144 of 2772881144 (100.0%), 220.3 MBs/sec
2024-02-06T00:49:07.7522814Z Cache restored successfully
2024-02-06T00:49:08.2793022Z Cache restored from key: setup-java-Linux-gradle-5692ce608cf1a87ae7313a2527bf681efc1c5dfa44e5c41df2bc168e5700fa63
2024-02-06T00:49:08.2955786Z ##[group]Run ./gradlew test
2024-02-06T00:49:08.2956413Z [36;1m./gradlew test[0m
2024-02-06T00:49:08.2992654Z shell: /usr/bin/bash -e {0}
2024-02-06T00:49:08.2993370Z env:
2024-02-06T00:49:08.2993880Z   JAVA_HOME: /opt/hostedtoolcache/Java_Zulu_jdk/17.0.10-7/x64
2024-02-06T00:49:08.2994769Z   JAVA_HOME_17_X64: /opt/hostedtoolcache/Java_Zulu_jdk/17.0.10-7/x64
2024-02-06T00:49:08.2995492Z ##[endgroup]
2024-02-06T00:49:09.3371908Z
2024-02-06T00:49:09.3374573Z Welcome to Gradle 8.5!
2024-02-06T00:49:09.3375400Z
2024-02-06T00:49:09.3378292Z Here are the highlights of this release:
2024-02-06T00:49:09.3380655Z  - Support for running on Java 21
2024-02-06T00:49:09.3382612Z  - Faster first use with Kotlin DSL
2024-02-06T00:49:09.3383832Z  - Improved error and warning messages
2024-02-06T00:49:09.3384491Z
2024-02-06T00:49:09.3386702Z For more details see https://docs.gradle.org/8.5/release-notes.html
2024-02-06T00:49:09.3387547Z
2024-02-06T00:49:09.4362971Z Starting a Gradle Daemon (subsequent builds will be faster)
2024-02-06T00:49:11.4380612Z Calculating task graph as no cached configuration is available for tasks: test
2024-02-06T00:49:27.6394409Z > Task :checkKotlinGradlePluginConfigurationErrors
2024-02-06T00:49:27.6396449Z > Task :processTestResources NO-SOURCE
2024-02-06T00:49:27.6397496Z > Task :koverFindJar FROM-CACHE
2024-02-06T00:49:27.9372863Z > Task :initializeIntelliJPlugin
2024-02-06T00:49:28.0365716Z > Task :patchPluginXml FROM-CACHE
2024-02-06T00:49:28.0366527Z > Task :verifyPluginConfiguration
2024-02-06T00:49:46.4361893Z > Task :processResources
2024-02-06T00:49:46.4362500Z > Task :compileKotlin
2024-02-06T00:49:46.4365568Z > Task :compileJava NO-SOURCE
2024-02-06T00:49:46.4366137Z > Task :classes
2024-02-06T00:49:46.9362516Z > Task :instrumentCode
2024-02-06T00:49:47.0362615Z > Task :instrumentedJar
2024-02-06T00:49:47.0363511Z > Task :jar
2024-02-06T00:49:47.2372878Z > Task :prepareTestingSandbox
2024-02-06T00:49:49.3363733Z > Task :compileTestKotlin
2024-02-06T00:49:49.3364629Z > Task :compileTestJava NO-SOURCE
2024-02-06T00:49:49.3365229Z > Task :testClasses UP-TO-DATE
2024-02-06T00:49:49.4361962Z > Task :instrumentTestCode
2024-02-06T00:49:49.4363710Z > Task :classpathIndexCleanup
2024-02-06T00:49:51.4361262Z
2024-02-06T00:49:51.4362388Z > Task :test
2024-02-06T00:49:51.4363991Z CompileCommand: exclude com/intellij/openapi/vfs/impl/FilePartNodeRoot.trieDescend bool exclude = true
2024-02-06T00:50:06.7205121Z
2024-02-06T00:50:06.7213467Z BUILD SUCCESSFUL in 57s
2024-02-06T00:50:06.7214129Z 15 actionable tasks: 13 executed, 2 from cache
2024-02-06T00:50:06.7223734Z Configuration cache entry stored.
2024-02-06T00:50:07.0440156Z ##[group]Run ./gradlew runPluginVerifier
2024-02-06T00:50:07.0440598Z [36;1m./gradlew runPluginVerifier[0m
2024-02-06T00:50:07.0465988Z shell: /usr/bin/bash -e {0}
2024-02-06T00:50:07.0466311Z env:
2024-02-06T00:50:07.0466661Z   JAVA_HOME: /opt/hostedtoolcache/Java_Zulu_jdk/17.0.10-7/x64
2024-02-06T00:50:07.0467220Z   JAVA_HOME_17_X64: /opt/hostedtoolcache/Java_Zulu_jdk/17.0.10-7/x64
2024-02-06T00:50:07.0467679Z ##[endgroup]
2024-02-06T00:50:07.7321188Z Calculating task graph as no cached configuration is available for tasks: runPluginVerifier
2024-02-06T00:50:10.7389130Z > Task :initializeIntelliJPlugin SKIPPED
2024-02-06T00:50:10.7390027Z > Task :checkKotlinGradlePluginConfigurationErrors
2024-02-06T00:50:10.7391133Z > Task :patchPluginXml UP-TO-DATE
2024-02-06T00:50:10.7391698Z > Task :verifyPluginConfiguration
2024-02-06T00:50:10.7392337Z > Task :processResources UP-TO-DATE
2024-02-06T00:50:10.8312639Z > Task :compileKotlin UP-TO-DATE
2024-02-06T00:50:10.8313959Z > Task :compileJava NO-SOURCE
2024-02-06T00:50:10.8314978Z > Task :classes UP-TO-DATE
2024-02-06T00:50:10.8315881Z > Task :instrumentCode UP-TO-DATE
2024-02-06T00:50:10.8316841Z > Task :instrumentedJar UP-TO-DATE
2024-02-06T00:50:10.8318395Z > Task :jar UP-TO-DATE
2024-02-06T00:50:10.8319785Z > Task :downloadIdeaProductReleasesXml
2024-02-06T00:50:10.8321670Z > Task :compileTestKotlin UP-TO-DATE
2024-02-06T00:50:10.8323097Z > Task :downloadAndroidStudioProductReleasesXml
2024-02-06T00:50:10.8324158Z > Task :classpathIndexCleanup
2024-02-06T00:50:10.9311952Z > Task :prepareSandbox
2024-02-06T00:50:11.4311444Z > Task :verifyPlugin
2024-02-06T00:50:11.5311793Z > Task :listProductsReleases
2024-02-06T00:50:12.9310848Z
2024-02-06T00:50:12.9311869Z > Task :buildSearchableOptions
2024-02-06T00:50:12.9313365Z CompileCommand: exclude com/intellij/openapi/vfs/impl/FilePartNodeRoot.trieDescend bool exclude = true
2024-02-06T00:50:12.9316761Z 2024-02-06 00:50:12,432 [    602]   WARN - #c.i.s.ComponentManagerImpl - `preload=true` must be used only for core services (service=com.intellij.ae.database.core.baseEvents.fus.AddStatisticsEventLogListenerTemporary, plugin=com.jetbrains.ae.database)
2024-02-06T00:50:12.9320823Z 2024-02-06 00:50:12,433 [    603]   WARN - #c.i.s.ComponentManagerImpl - `preload=true` must be used only for core services (service=com.jetbrains.rdserver.statistics.BackendStatisticsManager, plugin=com.jetbrains.codeWithMe)
2024-02-06T00:50:12.9324025Z 2024-02-06 00:50:12,894 [   1064]   WARN - #c.i.s.ComponentManagerImpl - com.intellij.psi.search.FilenameIndex initializer requests com.intellij.ide.plugins.PluginUtil instance
2024-02-06T00:50:14.3312708Z 2024-02-06 00:50:14,304 [   2474]   WARN - #c.i.s.ComponentManagerImpl - org.zmlx.hg4idea.provider.HgChangeProvider initializer requests com.intellij.openapi.vcs.FileStatusFactory instance
2024-02-06T00:50:15.3313439Z 2024-02-06 00:50:15,286 [   3456]   WARN - java.util.prefs - Prefs file removed in background /home/runner/.java/.userPrefs/prefs.xml
2024-02-06T00:50:16.6314762Z 2024-02-06 00:50:16,547 [   4717]   WARN - #c.i.s.ComponentManagerImpl - com.intellij.codeInsight.daemon.LineMarkerProviders initializer requests com.intellij.codeInsight.daemon.LineMarkerProviders instance
2024-02-06T00:50:18.3313768Z 2024-02-06 00:50:18,225 [   6395]   WARN - #c.i.s.ComponentManagerImpl - com.intellij.psi.LanguageSubstitutors initializer requests com.intellij.psi.LanguageSubstitutors instance
2024-02-06T00:50:20.5314228Z 2024-02-06 00:50:20,473 [   8643]   WARN - #c.i.s.ComponentManagerImpl - com.intellij.psi.codeStyle.CodeStyleSettingsCustomizable initializer requests com.intellij.util.LocaleSensitiveApplicationCacheService instance
2024-02-06T00:50:22.3313506Z 2024-02-06 00:50:22,267 [  10437]   WARN - #c.i.u.j.JBCefApp - JCEF is manually disabled in headless env via 'ide.browser.jcef.headless.enabled=false'
2024-02-06T00:50:22.8373803Z 2024-02-06 00:50:22,780 [  10950] SEVERE - #c.i.u.u.EdtInvocationManager - null
2024-02-06T00:50:22.8375785Z java.lang.reflect.InvocationTargetException
2024-02-06T00:50:22.8377129Z 	at java.desktop/java.awt.EventQueue.invokeAndWait(EventQueue.java:1393)
2024-02-06T00:50:22.8483986Z 	at java.desktop/java.awt.EventQueue.invokeAndWait(EventQueue.java:1368)
2024-02-06T00:50:22.8485931Z 	at com.intellij.util.ui.EdtInvocationManager$SwingEdtInvocationManager.invokeAndWait(EdtInvocationManager.java:102)
2024-02-06T00:50:22.8487990Z 	at com.intellij.util.ui.EdtInvocationManager.invokeAndWaitIfNeeded(EdtInvocationManager.java:83)
2024-02-06T00:50:22.8489803Z 	at com.intellij.ide.ui.search.TraverseUIStarter.startup(TraverseUIStarter.java:111)
2024-02-06T00:50:22.8491408Z 	at com.intellij.ide.ui.search.TraverseUIStarter.main(TraverseUIStarter.java:89)
2024-02-06T00:50:22.8493323Z 	at com.intellij.platform.ide.bootstrap.ApplicationLoader.executeApplicationStarter$lambda$1(ApplicationLoader.kt:288)
2024-02-06T00:50:22.8495394Z 	at java.base/java.util.concurrent.CompletableFuture$AsyncRun.run(CompletableFuture.java:1804)
2024-02-06T00:50:22.8498248Z 	at java.base/java.util.concurrent.CompletableFuture$AsyncRun.exec(CompletableFuture.java:1796)
2024-02-06T00:50:22.8499685Z 	at java.base/java.util.concurrent.ForkJoinTask.doExec(ForkJoinTask.java:373)
2024-02-06T00:50:22.8501084Z 	at java.base/java.util.concurrent.ForkJoinPool$WorkQueue.topLevelExec(ForkJoinPool.java:1182)
2024-02-06T00:50:22.8502514Z 	at java.base/java.util.concurrent.ForkJoinPool.scan(ForkJoinPool.java:1655)
2024-02-06T00:50:22.8503830Z 	at java.base/java.util.concurrent.ForkJoinPool.runWorker(ForkJoinPool.java:1622)
2024-02-06T00:50:22.8639782Z 	at java.base/java.util.concurrent.ForkJoinWorkerThread.run(ForkJoinWorkerThread.java:165)
2024-02-06T00:50:22.8643033Z Caused by: com.intellij.diagnostic.PluginException: Cannot load class kotlinx.coroutines.flow.StateFlow (
2024-02-06T00:50:22.8648167Z   error: loader constraint violation: loader com.intellij.ide.plugins.cl.PluginClassLoader @6e649ed0 wants to load interface kotlinx.coroutines.flow.StateFlow. A different interface with the same name was previously loaded by com.intellij.util.lang.PathClassLoader @35851384. (kotlinx.coroutines.flow.StateFlow is in unnamed module of loader com.intellij.util.lang.PathClassLoader @35851384),
2024-02-06T00:50:22.8654645Z   classLoader=PluginClassLoader(plugin=PluginDescriptor(name=GitHub Actions Manager, id=com.dsoftware.ghtoolbar, descriptorPath=plugin.xml, path=~/work/ghactions-manager/ghactions-manager/build/idea-sandbox/plugins/github-actions-manager, version=1.15.3, package=null, isBundled=false), packagePrefix=null, state=active)
2024-02-06T00:50:22.8657728Z )
2024-02-06T00:50:22.8658757Z 	at com.intellij.ide.plugins.cl.PluginClassLoader.loadClassInsideSelf(PluginClassLoader.kt:331)
2024-02-06T00:50:22.8660294Z 	at com.intellij.ide.plugins.cl.PluginClassLoader.tryLoadingClass(PluginClassLoader.kt:178)
2024-02-06T00:50:22.8661898Z 	at com.intellij.ide.plugins.cl.PluginClassLoader.loadClass(PluginClassLoader.kt:151)
2024-02-06T00:50:22.8663120Z 	at java.base/java.lang.ClassLoader.loadClass(ClassLoader.java:525)
2024-02-06T00:50:22.8666757Z 	at com.dsoftware.ghmanager.ui.settings.GhActionsManagerConfigurable.createPanel(GhActionsManagerConfigurable.kt:36)
2024-02-06T00:50:22.8669744Z 	at com.intellij.openapi.options.DslConfigurableBase$panel$1.compute(BoundConfigurable.kt:35)
2024-02-06T00:50:22.8672735Z 	at com.intellij.openapi.options.DslConfigurableBase$panel$1.compute(BoundConfigurable.kt:30)
2024-02-06T00:50:22.8675349Z 	at com.intellij.openapi.util.ClearableLazyValue.getValue(ClearableLazyValue.java:43)
2024-02-06T00:50:22.8678196Z 	at com.intellij.openapi.options.DslConfigurableBase.createComponent(BoundConfigurable.kt:43)
2024-02-06T00:50:22.8681085Z 	at com.intellij.openapi.options.ex.ConfigurableWrapper.createComponent(ConfigurableWrapper.java:181)
2024-02-06T00:50:22.8683868Z 	at com.intellij.ide.ui.search.SearchUtil.processConfigurables(SearchUtil.java:72)
2024-02-06T00:50:22.8686765Z 	at com.intellij.ide.ui.search.TraverseUIStarter.lambda$startup$0(TraverseUIStarter.java:116)
2024-02-06T00:50:22.8689615Z 	at java.desktop/java.awt.event.InvocationEvent.dispatch(InvocationEvent.java:308)
2024-02-06T00:50:22.8692012Z 	at java.desktop/java.awt.EventQueue.dispatchEventImpl(EventQueue.java:792)
2024-02-06T00:50:22.8694163Z 	at java.desktop/java.awt.EventQueue$3.run(EventQueue.java:739)
2024-02-06T00:50:22.8696161Z 	at java.desktop/java.awt.EventQueue$3.run(EventQueue.java:733)
2024-02-06T00:50:22.8698483Z 	at java.base/java.security.AccessController.doPrivileged(AccessController.java:399)
2024-02-06T00:50:22.8701598Z 	at java.base/java.security.ProtectionDomain$JavaSecurityAccessImpl.doIntersectionPrivilege(ProtectionDomain.java:86)
2024-02-06T00:50:22.8704376Z 	at java.desktop/java.awt.EventQueue.dispatchEvent(EventQueue.java:761)
2024-02-06T00:50:22.8706800Z 	at com.intellij.ide.IdeEventQueue.defaultDispatchEvent(IdeEventQueue.kt:695)
2024-02-06T00:50:22.8709342Z 	at com.intellij.ide.IdeEventQueue._dispatchEvent$lambda$12(IdeEventQueue.kt:589)
2024-02-06T00:50:22.8712370Z 	at com.intellij.openapi.application.impl.RwLockHolder.runWithoutImplicitRead(RwLockHolder.kt:44)
2024-02-06T00:50:22.8714945Z 	at com.intellij.ide.IdeEventQueue._dispatchEvent(IdeEventQueue.kt:589)
2024-02-06T00:50:22.8717602Z 	at com.intellij.ide.IdeEventQueue.access$_dispatchEvent(IdeEventQueue.kt:72)
2024-02-06T00:50:22.8720215Z 	at com.intellij.ide.IdeEventQueue$dispatchEvent$processEventRunnable$1$1.invoke(IdeEventQueue.kt:351)
2024-02-06T00:50:22.8723048Z 	at com.intellij.ide.IdeEventQueue$dispatchEvent$processEventRunnable$1$1.invoke(IdeEventQueue.kt:349)
2024-02-06T00:50:22.8725713Z 	at com.intellij.ide.IdeEventQueueKt.performActivity$lambda$1(IdeEventQueue.kt:1014)
2024-02-06T00:50:22.8728761Z 	at com.intellij.openapi.application.TransactionGuardImpl.performActivity(TransactionGuardImpl.java:106)
2024-02-06T00:50:22.8731431Z 	at com.intellij.ide.IdeEventQueueKt.performActivity(IdeEventQueue.kt:1014)
2024-02-06T00:50:22.8733964Z 	at com.intellij.ide.IdeEventQueue.dispatchEvent$lambda$7(IdeEventQueue.kt:349)
2024-02-06T00:50:22.8736887Z 	at com.intellij.openapi.application.impl.ApplicationImpl.runIntendedWriteActionOnCurrentThread(ApplicationImpl.java:848)
2024-02-06T00:50:22.8739752Z 	at com.intellij.ide.IdeEventQueue.dispatchEvent(IdeEventQueue.kt:391)
2024-02-06T00:50:22.8742296Z 	at java.desktop/java.awt.EventDispatchThread.pumpOneEventForFilters(EventDispatchThread.java:207)
2024-02-06T00:50:22.8747015Z 	at java.desktop/java.awt.EventDispatchThread.pumpEventsForFilter(EventDispatchThread.java:128)
2024-02-06T00:50:22.8748718Z 	at java.desktop/java.awt.EventDispatchThread.pumpEventsForHierarchy(EventDispatchThread.java:117)
2024-02-06T00:50:22.8750339Z 	at java.desktop/java.awt.EventDispatchThread.pumpEvents(EventDispatchThread.java:113)
2024-02-06T00:50:22.8751820Z 	at java.desktop/java.awt.EventDispatchThread.pumpEvents(EventDispatchThread.java:105)
2024-02-06T00:50:22.8753240Z 	at java.desktop/java.awt.EventDispatchThread.run(EventDispatchThread.java:92)
2024-02-06T00:50:22.9325361Z Caused by: java.lang.LinkageError: loader constraint violation: loader com.intellij.ide.plugins.cl.PluginClassLoader @6e649ed0 wants to load interface kotlinx.coroutines.flow.StateFlow. A different interface with the same name was previously loaded by com.intellij.util.lang.PathClassLoader @35851384. (kotlinx.coroutines.flow.StateFlow is in unnamed module of loader com.intellij.util.lang.PathClassLoader @35851384)
2024-02-06T00:50:22.9329377Z 	at java.base/java.lang.ClassLoader.defineClass2(Native Method)
2024-02-06T00:50:22.9330462Z 	at java.base/java.lang.ClassLoader.defineClass(ClassLoader.java:1108)
2024-02-06T00:50:22.9331750Z 	at com.intellij.util.lang.UrlClassLoader.consumeClassData(UrlClassLoader.java:289)
2024-02-06T00:50:22.9333146Z 	at com.intellij.util.lang.ZipResourceFile.findClass(ZipResourceFile.java:113)
2024-02-06T00:50:22.9334331Z 	at com.intellij.util.lang.JarLoader.findClass(JarLoader.java:58)
2024-02-06T00:50:22.9335511Z 	at com.intellij.util.lang.ClassPath.findClassInLoader(ClassPath.java:240)
2024-02-06T00:50:22.9337242Z 	at com.intellij.util.lang.ClassPath.findClass(ClassPath.java:190)
2024-02-06T00:50:22.9338615Z 	at com.intellij.ide.plugins.cl.PluginClassLoader.loadClassInsideSelf(PluginClassLoader.kt:326)
2024-02-06T00:50:22.9339745Z 	... 37 more
2024-02-06T00:50:22.9341097Z 2024-02-06 00:50:22,794 [  10964] SEVERE - #c.i.u.u.EdtInvocationManager - IntelliJ IDEA 2023.3.3  Build #IC-233.14015.106
2024-02-06T00:50:22.9343141Z 2024-02-06 00:50:22,794 [  10964] SEVERE - #c.i.u.u.EdtInvocationManager - JDK: 17.0.9; VM: OpenJDK 64-Bit Server VM; Vendor: JetBrains s.r.o.
2024-02-06T00:50:22.9344859Z 2024-02-06 00:50:22,795 [  10965] SEVERE - #c.i.u.u.EdtInvocationManager - OS: Linux
2024-02-06T00:50:22.9346697Z 2024-02-06 00:50:22,798 [  10968] SEVERE - #c.i.u.u.EdtInvocationManager - Plugin to blame: GitHub Actions Manager version: 1.15.3
2024-02-06T00:50:22.9348441Z 2024-02-06 00:50:22,798 [  10968] SEVERE - #c.i.u.u.EdtInvocationManager - Last Action:
2024-02-06T00:50:22.9349318Z Found 185 configurables
2024-02-06T00:50:24.2351429Z Output written to /home/runner/work/ghactions-manager/ghactions-manager/build/searchableOptions/textmate.jar/search/textmate.jar.searchableOptions.xml
2024-02-06T00:50:24.2354538Z Output written to /home/runner/work/ghactions-manager/ghactions-manager/build/searchableOptions/markdown.jar/search/markdown.jar.searchableOptions.xml
2024-02-06T00:50:24.2358548Z Output written to /home/runner/work/ghactions-manager/ghactions-manager/build/searchableOptions/eclipse.jar/search/eclipse.jar.searchableOptions.xml
2024-02-06T00:50:24.2361241Z Output written to /home/runner/work/ghactions-manager/ghactions-manager/build/searchableOptions/tasks-core.jar/search/tasks-core.jar.searchableOptions.xml
2024-02-06T00:50:24.2364207Z Output written to /home/runner/work/ghactions-manager/ghactions-manager/build/searchableOptions/sh.jar/search/sh.jar.searchableOptions.xml
2024-02-06T00:50:24.2438277Z Output written to /home/runner/work/ghactions-manager/ghactions-manager/build/searchableOptions/java-coverage.jar/search/java-coverage.jar.searchableOptions.xml
2024-02-06T00:50:24.2441149Z Output written to /home/runner/work/ghactions-manager/ghactions-manager/build/searchableOptions/java-impl.jar!/search/java-impl.jar!.searchableOptions.xml
2024-02-06T00:50:24.2443824Z Output written to /home/runner/work/ghactions-manager/ghactions-manager/build/searchableOptions/javaFX.jar!/search/javaFX.jar!.searchableOptions.xml
2024-02-06T00:50:24.2446705Z Output written to /home/runner/work/ghactions-manager/ghactions-manager/build/searchableOptions/searchEverywhereMl.jar/search/searchEverywhereMl.jar.searchableOptions.xml
2024-02-06T00:50:24.2449695Z Output written to /home/runner/work/ghactions-manager/ghactions-manager/build/searchableOptions/idea-junit.jar!/search/idea-junit.jar!.searchableOptions.xml
2024-02-06T00:50:24.2452491Z Output written to /home/runner/work/ghactions-manager/ghactions-manager/build/searchableOptions/uiDesigner.jar/search/uiDesigner.jar.searchableOptions.xml
2024-02-06T00:50:24.2455240Z Output written to /home/runner/work/ghactions-manager/ghactions-manager/build/searchableOptions/javaFX.jar/search/javaFX.jar.searchableOptions.xml
2024-02-06T00:50:24.2457818Z Output written to /home/runner/work/ghactions-manager/ghactions-manager/build/searchableOptions/dev.jar/search/dev.jar.searchableOptions.xml
2024-02-06T00:50:24.2460362Z Output written to /home/runner/work/ghactions-manager/ghactions-manager/build/searchableOptions/space.jar/search/space.jar.searchableOptions.xml
2024-02-06T00:50:24.2463238Z Output written to /home/runner/work/ghactions-manager/ghactions-manager/build/searchableOptions/cwm-plugin-terminal.jar/search/cwm-plugin-terminal.jar.searchableOptions.xml
2024-02-06T00:50:24.2466172Z Output written to /home/runner/work/ghactions-manager/ghactions-manager/build/searchableOptions/vcs-svn.jar/search/vcs-svn.jar.searchableOptions.xml
2024-02-06T00:50:24.2469014Z Output written to /home/runner/work/ghactions-manager/ghactions-manager/build/searchableOptions/byteCodeViewer.jar/search/byteCodeViewer.jar.searchableOptions.xml
2024-02-06T00:50:24.2472221Z Output written to /home/runner/work/ghactions-manager/ghactions-manager/build/searchableOptions/testng-plugin.jar!/search/testng-plugin.jar!.searchableOptions.xml
2024-02-06T00:50:24.2475113Z Output written to /home/runner/work/ghactions-manager/ghactions-manager/build/searchableOptions/marketplace.jar/search/marketplace.jar.searchableOptions.xml
2024-02-06T00:50:24.2478080Z Output written to /home/runner/work/ghactions-manager/ghactions-manager/build/searchableOptions/maven.jar/search/maven.jar.searchableOptions.xml
2024-02-06T00:50:24.2480810Z Output written to /home/runner/work/ghactions-manager/ghactions-manager/build/searchableOptions/copyright.jar/search/copyright.jar.searchableOptions.xml
2024-02-06T00:50:24.2504732Z Output written to /home/runner/work/ghactions-manager/ghactions-manager/build/searchableOptions/maven.jar!/search/maven.jar!.searchableOptions.xml
2024-02-06T00:50:24.2508093Z Output written to /home/runner/work/ghactions-manager/ghactions-manager/build/searchableOptions/instrumented-ghactions-manager-1.15.3.jar/search/instrumented-ghactions-manager-1.15.3.jar.searchableOptions.xml
2024-02-06T00:50:24.2511268Z Output written to /home/runner/work/ghactions-manager/ghactions-manager/build/searchableOptions/Groovy.jar/search/Groovy.jar.searchableOptions.xml
2024-02-06T00:50:24.2513775Z Output written to /home/runner/work/ghactions-manager/ghactions-manager/build/searchableOptions/terminal.jar/search/terminal.jar.searchableOptions.xml
2024-02-06T00:50:24.2516628Z Output written to /home/runner/work/ghactions-manager/ghactions-manager/build/searchableOptions/gradle-java.jar/search/gradle-java.jar.searchableOptions.xml
2024-02-06T00:50:24.2523687Z Output written to /home/runner/work/ghactions-manager/ghactions-manager/build/searchableOptions/performanceTesting-async.jar/search/performanceTesting-async.jar.searchableOptions.xml
2024-02-06T00:50:24.2527144Z Output written to /home/runner/work/ghactions-manager/ghactions-manager/build/searchableOptions/properties.jar/search/properties.jar.searchableOptions.xml
2024-02-06T00:50:24.2529927Z Output written to /home/runner/work/ghactions-manager/ghactions-manager/build/searchableOptions/java-impl.jar/search/java-impl.jar.searchableOptions.xml
2024-02-06T00:50:24.2532727Z Output written to /home/runner/work/ghactions-manager/ghactions-manager/build/searchableOptions/app-client.jar/search/app-client.jar.searchableOptions.xml
2024-02-06T00:50:24.2535424Z Output written to /home/runner/work/ghactions-manager/ghactions-manager/build/searchableOptions/html-tools.jar/search/html-tools.jar.searchableOptions.xml
2024-02-06T00:50:24.2538576Z Output written to /home/runner/work/ghactions-manager/ghactions-manager/build/searchableOptions/vcs-perforce.jar/search/vcs-perforce.jar.searchableOptions.xml
2024-02-06T00:50:24.2541722Z Output written to /home/runner/work/ghactions-manager/ghactions-manager/build/searchableOptions/java-debugger-streams.jar/search/java-debugger-streams.jar.searchableOptions.xml
2024-02-06T00:50:24.2544635Z Output written to /home/runner/work/ghactions-manager/ghactions-manager/build/searchableOptions/gradle.jar/search/gradle.jar.searchableOptions.xml
2024-02-06T00:50:24.2547753Z Output written to /home/runner/work/ghactions-manager/ghactions-manager/build/searchableOptions/testng-plugin.jar/search/testng-plugin.jar.searchableOptions.xml
2024-02-06T00:50:24.2550441Z Output written to /home/runner/work/ghactions-manager/ghactions-manager/build/searchableOptions/grazie.jar/search/grazie.jar.searchableOptions.xml
2024-02-06T00:50:24.2553187Z Output written to /home/runner/work/ghactions-manager/ghactions-manager/build/searchableOptions/qodana.jar/search/qodana.jar.searchableOptions.xml
2024-02-06T00:50:24.2555815Z Output written to /home/runner/work/ghactions-manager/ghactions-manager/build/searchableOptions/app.jar/search/app.jar.searchableOptions.xml
2024-02-06T00:50:24.2559455Z Output written to /home/runner/work/ghactions-manager/ghactions-manager/build/searchableOptions/completionMlRanking.jar/search/completionMlRanking.jar.searchableOptions.xml
2024-02-06T00:50:24.2562555Z Output written to /home/runner/work/ghactions-manager/ghactions-manager/build/searchableOptions/java-decompiler.jar/search/java-decompiler.jar.searchableOptions.xml
2024-02-06T00:50:24.2565323Z Output written to /home/runner/work/ghactions-manager/ghactions-manager/build/searchableOptions/vcs-hg.jar/search/vcs-hg.jar.searchableOptions.xml
2024-02-06T00:50:24.2568714Z Output written to /home/runner/work/ghactions-manager/ghactions-manager/build/searchableOptions/performanceTesting.jar/search/performanceTesting.jar.searchableOptions.xml
2024-02-06T00:50:24.2571771Z Output written to /home/runner/work/ghactions-manager/ghactions-manager/build/searchableOptions/vcs-gitlab.jar/search/vcs-gitlab.jar.searchableOptions.xml
2024-02-06T00:50:24.2574619Z Output written to /home/runner/work/ghactions-manager/ghactions-manager/build/searchableOptions/cwm-common.jar/search/cwm-common.jar.searchableOptions.xml
2024-02-06T00:50:24.2577472Z Output written to /home/runner/work/ghactions-manager/ghactions-manager/build/searchableOptions/java-i18n.jar/search/java-i18n.jar.searchableOptions.xml
2024-02-06T00:50:24.2580583Z Output written to /home/runner/work/ghactions-manager/ghactions-manager/build/searchableOptions/Groovy.jar!/search/Groovy.jar!.searchableOptions.xml
2024-02-06T00:50:24.2583424Z Output written to /home/runner/work/ghactions-manager/ghactions-manager/build/searchableOptions/emojipicker.jar/search/emojipicker.jar.searchableOptions.xml
2024-02-06T00:50:24.2586156Z Output written to /home/runner/work/ghactions-manager/ghactions-manager/build/searchableOptions/toml.jar/search/toml.jar.searchableOptions.xml
2024-02-06T00:50:24.2589339Z Output written to /home/runner/work/ghactions-manager/ghactions-manager/build/searchableOptions/platform-ijent-impl.jar/search/platform-ijent-impl.jar.searchableOptions.xml
2024-02-06T00:50:24.2592804Z Output written to /home/runner/work/ghactions-manager/ghactions-manager/build/searchableOptions/idea-junit.jar/search/idea-junit.jar.searchableOptions.xml
2024-02-06T00:50:24.2595476Z Output written to /home/runner/work/ghactions-manager/ghactions-manager/build/searchableOptions/yaml.jar/search/yaml.jar.searchableOptions.xml
2024-02-06T00:50:24.2598524Z Output written to /home/runner/work/ghactions-manager/ghactions-manager/build/searchableOptions/packageChecker.jar/search/packageChecker.jar.searchableOptions.xml
2024-02-06T00:50:24.2602037Z Output written to /home/runner/work/ghactions-manager/ghactions-manager/build/searchableOptions/platform-tracing-ide.jar/search/platform-tracing-ide.jar.searchableOptions.xml
2024-02-06T00:50:24.2605188Z Output written to /home/runner/work/ghactions-manager/ghactions-manager/build/searchableOptions/editorconfig.jar/search/editorconfig.jar.searchableOptions.xml
2024-02-06T00:50:24.3313157Z Output written to /home/runner/work/ghactions-manager/ghactions-manager/build/searchableOptions/vcs-github.jar/search/vcs-github.jar.searchableOptions.xml
2024-02-06T00:50:24.3316817Z Output written to /home/runner/work/ghactions-manager/ghactions-manager/build/searchableOptions/platform-images.jar/search/platform-images.jar.searchableOptions.xml
2024-02-06T00:50:24.3319829Z Output written to /home/runner/work/ghactions-manager/ghactions-manager/build/searchableOptions/vcs-git.jar/search/vcs-git.jar.searchableOptions.xml
2024-02-06T00:50:24.3321950Z Output written to /home/runner/work/ghactions-manager/ghactions-manager/build/searchableOptions/kotlin-plugin.jar/search/kotlin-plugin.jar.searchableOptions.xml
2024-02-06T00:50:24.3323673Z Output written to /home/runner/work/ghactions-manager/ghactions-manager/build/searchableOptions/modules.jar/search/modules.jar.searchableOptions.xml
2024-02-06T00:50:24.3325415Z Output written to /home/runner/work/ghactions-manager/ghactions-manager/build/searchableOptions/indexing-shared.jar/search/indexing-shared.jar.searchableOptions.xml
2024-02-06T00:50:24.3327405Z Output written to /home/runner/work/ghactions-manager/ghactions-manager/build/searchableOptions/featuresTrainer.jar/search/featuresTrainer.jar.searchableOptions.xml
2024-02-06T00:50:24.3329030Z Output written to /home/runner/work/ghactions-manager/ghactions-manager/build/searchableOptions/kotlin-plugin.jar!/search/kotlin-plugin.jar!.searchableOptions.xml
2024-02-06T00:50:24.3330549Z Output written to /home/runner/work/ghactions-manager/ghactions-manager/build/searchableOptions/cwm-host.jar/search/cwm-host.jar.searchableOptions.xml
2024-02-06T00:50:24.3332160Z Output written to /home/runner/work/ghactions-manager/ghactions-manager/build/searchableOptions/gradle-java-maven.jar/search/gradle-java-maven.jar.searchableOptions.xml
2024-02-06T00:50:24.3333786Z Output written to /home/runner/work/ghactions-manager/ghactions-manager/build/searchableOptions/settingsSync.jar/search/settingsSync.jar.searchableOptions.xml
2024-02-06T00:50:24.3334709Z Searchable options index builder completed
2024-02-06T00:50:24.8311863Z
2024-02-06T00:50:24.8312990Z > Task :jarSearchableOptions FROM-CACHE
2024-02-06T00:50:25.3311144Z > Task :buildPlugin
2024-02-06T00:50:37.8312252Z
2024-02-06T00:50:37.8312864Z > Task :runPluginVerifier
2024-02-06T00:50:37.8313808Z Starting the IntelliJ Plugin Verifier 1.307
2024-02-06T00:50:37.9312319Z Verification reports directory: /home/runner/work/ghactions-manager/ghactions-manager/build/reports/pluginVerifier
2024-02-06T00:50:38.4313243Z 2024-02-06T00:50:38 [main] INFO  verification - Reading IDE /home/runner/.cache/pluginVerifier/ides/IC-233.14015.23
2024-02-06T00:50:38.4315301Z 2024-02-06T00:50:38 [main] INFO  c.j.p.options.OptionsParser - Reading IDE from /home/runner/.cache/pluginVerifier/ides/IC-233.14015.23
2024-02-06T00:50:38.4318885Z 2024-02-06T00:50:38 [main] INFO  c.j.p.options.OptionsParser - Using Java runtime from /home/runner/.gradle/caches/modules-2/files-2.1/com.jetbrains/jbre/jbr_jcef-17.0.9-linux-x64-b1087.11/extracted/jbr_jcef-17.0.9-linux-x64-b1087.11
2024-02-06T00:50:46.1312702Z 2024-02-06T00:50:46 [main] INFO  verification - Reading plugin to check from /home/runner/work/ghactions-manager/ghactions-manager/build/distributions/github-actions-manager-1.15.3.zip
2024-02-06T00:50:47.5312343Z 2024-02-06T00:50:47 [main] INFO  verification - Task check-plugin parameters:
2024-02-06T00:50:47.5313559Z Scheduled verifications (1):
2024-02-06T00:50:47.5314584Z com.dsoftware.ghtoolbar:1.15.3 against IC-233.14015.23
2024-02-06T00:50:47.5315287Z
2024-02-06T00:50:50.5312794Z 2024-02-06T00:50:50 [main] INFO  verification - Finished 1 of 1 verifications (in 2.9 s): IC-233.14015.23 against com.dsoftware.ghtoolbar:1.15.3: Compatible. 142 usages of experimental API
2024-02-06T00:50:50.5316427Z Plugin com.dsoftware.ghtoolbar:1.15.3 against IC-233.14015.23: Compatible. 142 usages of experimental API
2024-02-06T00:50:50.5318102Z Experimental API usages (142):
2024-02-06T00:50:50.5319814Z     #Experimental API method com.intellij.collaboration.ui.codereview.list.search.ReviewListSearchPanelFactory.create(CoroutineScope) invocation
2024-02-06T00:50:50.5335025Z         Experimental API method com.intellij.collaboration.ui.codereview.list.search.ReviewListSearchPanelFactory.create(kotlinx.coroutines.CoroutineScope viewScope) : javax.swing.JComponent is invoked in com.dsoftware.ghmanager.ui.panels.filters.WfRunsFiltersFactory.createWfRunsFiltersPanel(CoroutineScope) : JComponent. This method can be changed in a future release leading to incompatibilities
2024-02-06T00:50:50.5339100Z     #Experimental API class com.intellij.collaboration.ui.SingleValueModel reference
2024-02-06T00:50:50.5342388Z         Experimental API class com.intellij.collaboration.ui.SingleValueModel is referenced in com.dsoftware.ghmanager.ui.panels.JobListComponent.Companion.createJobsListComponent(SingleValueModel, WorkflowRunSelectionContext, boolean) : Pair. This class can be changed in a future release leading to incompatibilities
2024-02-06T00:50:50.5348710Z         Experimental API class com.intellij.collaboration.ui.SingleValueModel is referenced in com.dsoftware.ghmanager.data.WorkflowRunSelectionContext.<init>(CheckedDisposable, Project, GithubAccount, SingleRunDataLoader, WorkflowRunListLoader, GHGitRepositoryMapping, GithubApiRequestExecutor, WorkflowRunListSelectionHolder, JobListSelectionHolder). This class can be changed in a future release leading to incompatibilities
2024-02-06T00:50:50.5353996Z         Experimental API class com.intellij.collaboration.ui.SingleValueModel is referenced in com.dsoftware.ghmanager.data.LogLoadingModelListener.setLogValue() : void. This class can be changed in a future release leading to incompatibilities
2024-02-06T00:50:50.5358051Z         Experimental API class com.intellij.collaboration.ui.SingleValueModel is referenced in com.dsoftware.ghmanager.data.JobsLoadingModelListener.setValue() : void. This class can be changed in a future release leading to incompatibilities
2024-02-06T00:50:50.5362204Z         Experimental API class com.intellij.collaboration.ui.SingleValueModel is referenced in com.dsoftware.ghmanager.data.WorkflowRunSelectionContext.logDataProviderLoadModel : SingleValueModel. This class can be changed in a future release leading to incompatibilities
2024-02-06T00:50:50.5366397Z         Experimental API class com.intellij.collaboration.ui.SingleValueModel is referenced in com.dsoftware.ghmanager.data.LogLoadingModelListener.logModel : SingleValueModel. This class can be changed in a future release leading to incompatibilities
2024-02-06T00:50:50.5370412Z         Experimental API class com.intellij.collaboration.ui.SingleValueModel is referenced in com.dsoftware.ghmanager.data.LogLoadingModelListener.getLogModel() : SingleValueModel. This class can be changed in a future release leading to incompatibilities
2024-02-06T00:50:50.5374956Z         Experimental API class com.intellij.collaboration.ui.SingleValueModel is referenced in com.dsoftware.ghmanager.data.WorkflowRunSelectionContext.getJobDataProviderLoadModel() : SingleValueModel. This class can be changed in a future release leading to incompatibilities
2024-02-06T00:50:50.5379497Z         Experimental API class com.intellij.collaboration.ui.SingleValueModel is referenced in com.dsoftware.ghmanager.data.JobsLoadingModelListener.<init>(Disposable, SingleValueModel, WorkflowRunListSelectionHolder). This class can be changed in a future release leading to incompatibilities
2024-02-06T00:50:50.5383837Z         Experimental API class com.intellij.collaboration.ui.SingleValueModel is referenced in com.dsoftware.ghmanager.data.JobsLoadingModelListener.jobsModel : SingleValueModel. This class can be changed in a future release leading to incompatibilities
2024-02-06T00:50:50.5388030Z         Experimental API class com.intellij.collaboration.ui.SingleValueModel is referenced in com.dsoftware.ghmanager.ui.panels.LogConsolePanelKt.createLogConsolePanel$2$1.invoke() : void. This class can be changed in a future release leading to incompatibilities
2024-02-06T00:50:50.5392715Z         Experimental API class com.intellij.collaboration.ui.SingleValueModel is referenced in com.dsoftware.ghmanager.ui.panels.LogConsolePanelKt.createLogConsolePanel(Project, LogLoadingModelListener, Disposable) : JBPanelWithEmptyText. This class can be changed in a future release leading to incompatibilities
2024-02-06T00:50:50.5397588Z         Experimental API class com.intellij.collaboration.ui.SingleValueModel is referenced in com.dsoftware.ghmanager.data.WorkflowRunSelectionContext.setNewLogProvider() : void. This class can be changed in a future release leading to incompatibilities
2024-02-06T00:50:50.5401956Z         Experimental API class com.intellij.collaboration.ui.SingleValueModel is referenced in com.dsoftware.ghmanager.data.LogLoadingModelListener.<init>(Disposable, SingleValueModel, JobListSelectionHolder). This class can be changed in a future release leading to incompatibilities
2024-02-06T00:50:50.5406309Z         Experimental API class com.intellij.collaboration.ui.SingleValueModel is referenced in com.dsoftware.ghmanager.data.JobsLoadingModelListener.getJobsModel() : SingleValueModel. This class can be changed in a future release leading to incompatibilities
2024-02-06T00:50:50.5410815Z         Experimental API class com.intellij.collaboration.ui.SingleValueModel is referenced in com.dsoftware.ghmanager.data.WorkflowRunSelectionContext.getLogDataProviderLoadModel() : SingleValueModel. This class can be changed in a future release leading to incompatibilities
2024-02-06T00:50:50.5415061Z         Experimental API class com.intellij.collaboration.ui.SingleValueModel is referenced in com.dsoftware.ghmanager.data.WorkflowRunSelectionContext$2.invoke(String) : void. This class can be changed in a future release leading to incompatibilities
2024-02-06T00:50:50.5419265Z         Experimental API class com.intellij.collaboration.ui.SingleValueModel is referenced in com.dsoftware.ghmanager.data.WorkflowRunSelectionContext.jobDataProviderLoadModel : SingleValueModel. This class can be changed in a future release leading to incompatibilities
2024-02-06T00:50:50.5423609Z         Experimental API class com.intellij.collaboration.ui.SingleValueModel is referenced in com.dsoftware.ghmanager.data.WorkflowRunSelectionContext.setNewJobsProvider() : void. This class can be changed in a future release leading to incompatibilities
2024-02-06T00:50:50.5426946Z     #Experimental API method com.intellij.collaboration.ui.codereview.list.search.ReviewListSearchHistoryModel.getLastFilter() is overridden
2024-02-06T00:50:50.5430833Z         Experimental API method com.intellij.collaboration.ui.codereview.list.search.ReviewListSearchHistoryModel.getLastFilter() : S is overridden in class com.dsoftware.ghmanager.ui.panels.filters.WfRunsSearchHistoryModel. This method can be changed in a future release leading to incompatibilities
2024-02-06T00:50:50.5434349Z     #Experimental API interface com.intellij.collaboration.ui.icon.IconsProvider reference
2024-02-06T00:50:50.5437644Z         Experimental API interface com.intellij.collaboration.ui.icon.IconsProvider is referenced in com.dsoftware.ghmanager.ui.panels.filters.WfRunsFiltersFactory.createFilters(CoroutineScope) : List. This interface can be changed in a future release leading to incompatibilities
2024-02-06T00:50:50.5440761Z     #Experimental API method com.intellij.collaboration.ui.SingleValueModel.getValue() invocation
2024-02-06T00:50:50.5443741Z         Experimental API method com.intellij.collaboration.ui.SingleValueModel.getValue() : T is invoked in com.dsoftware.ghmanager.data.WorkflowRunSelectionContext.setNewLogProvider() : void. This method can be changed in a future release leading to incompatibilities
2024-02-06T00:50:50.5448192Z         Experimental API method com.intellij.collaboration.ui.SingleValueModel.getValue() : T is invoked in com.dsoftware.ghmanager.ui.panels.LogConsolePanelKt.createLogConsolePanel$2$1.invoke() : void. This method can be changed in a future release leading to incompatibilities
2024-02-06T00:50:50.5452577Z         Experimental API method com.intellij.collaboration.ui.SingleValueModel.getValue() : T is invoked in com.dsoftware.ghmanager.data.WorkflowRunSelectionContext.setNewJobsProvider() : void. This method can be changed in a future release leading to incompatibilities
2024-02-06T00:50:50.5456097Z     #Experimental API method com.intellij.collaboration.ui.codereview.list.search.ReviewListSearchPanelViewModelBase.getSearchState() invocation
2024-02-06T00:50:50.5460488Z         Experimental API method com.intellij.collaboration.ui.codereview.list.search.ReviewListSearchPanelViewModelBase.getSearchState() : kotlinx.coroutines.flow.MutableStateFlow is invoked in com.dsoftware.ghmanager.ui.panels.WorkflowRunListLoaderPanel$1.invokeSuspend(Object) : Object. This method can be changed in a future release leading to incompatibilities
2024-02-06T00:50:50.5466938Z         Experimental API method com.intellij.collaboration.ui.codereview.list.search.ReviewListSearchPanelViewModelBase.getSearchState() : kotlinx.coroutines.flow.MutableStateFlow is invoked in com.dsoftware.ghmanager.ui.panels.filters.WfRunsSearchPanelViewModel.<init>(CoroutineScope, WorkflowRunSelectionContext). This method can be changed in a future release leading to incompatibilities
2024-02-06T00:50:50.5471617Z     #Experimental API interface com.intellij.collaboration.ui.codereview.list.search.ReviewListQuickFilter reference
2024-02-06T00:50:50.5475355Z         Experimental API interface com.intellij.collaboration.ui.codereview.list.search.ReviewListQuickFilter is referenced in com.dsoftware.ghmanager.ui.panels.filters.WfRunsSearchPanelViewModel.<init>(CoroutineScope, WorkflowRunSelectionContext). This interface can be changed in a future release leading to incompatibilities
2024-02-06T00:50:50.5480973Z         Experimental API interface com.intellij.collaboration.ui.codereview.list.search.ReviewListQuickFilter is referenced in com.dsoftware.ghmanager.ui.panels.filters.WfRunsFiltersFactory.getQuickFilterTitle(ReviewListQuickFilter) : String. This interface can be changed in a future release leading to incompatibilities
2024-02-06T00:50:50.5485982Z         Experimental API interface com.intellij.collaboration.ui.codereview.list.search.ReviewListQuickFilter is referenced in com.dsoftware.ghmanager.ui.panels.filters.WorkflowRunListQuickFilter. This interface can be changed in a future release leading to incompatibilities
2024-02-06T00:50:50.5488058Z     #Experimental API constructor com.intellij.collaboration.ui.icon.CachingIconsProvider.<init>(IconsProvider, Function1, int, DefaultConstructorMarker) invocation
2024-02-06T00:50:50.5490811Z         Experimental API constructor com.intellij.collaboration.ui.icon.CachingIconsProvider.<init>(com.intellij.collaboration.ui.icon.IconsProvider arg0, kotlin.jvm.functions.Function1 arg1, int arg2, kotlin.jvm.internal.DefaultConstructorMarker arg3) is invoked in com.dsoftware.ghmanager.ui.panels.filters.WfRunsFiltersFactory.createFilters(CoroutineScope) : List. This constructor can be changed in a future release leading to incompatibilities
2024-02-06T00:50:50.5493566Z     #Experimental API class com.intellij.collaboration.ui.codereview.list.search.DropDownComponentFactory reference
2024-02-06T00:50:50.5495498Z         Experimental API class com.intellij.collaboration.ui.codereview.list.search.DropDownComponentFactory is referenced in com.dsoftware.ghmanager.ui.panels.filters.WfRunsFiltersFactory.createFilters(CoroutineScope) : List. This class can be changed in a future release leading to incompatibilities
2024-02-06T00:50:50.5497361Z     #Experimental API method com.intellij.collaboration.ui.SimpleEventListener.eventOccurred() invocation
2024-02-06T00:50:50.5499245Z         Experimental API method com.intellij.collaboration.ui.SimpleEventListener.eventOccurred() : void is invoked in com.dsoftware.ghmanager.data.WorkflowRunListLoader.special$.inlined.observable$2.afterChange(KProperty, Boolean, Boolean) : void. This method can be changed in a future release leading to incompatibilities
2024-02-06T00:50:50.5502049Z         Experimental API method com.intellij.collaboration.ui.SimpleEventListener.eventOccurred() : void is invoked in com.dsoftware.ghmanager.data.WorkflowRunListLoader.special$.inlined.observable$1.afterChange(KProperty, Throwable, Throwable) : void. This method can be changed in a future release leading to incompatibilities
2024-02-06T00:50:50.5504786Z         Experimental API method com.intellij.collaboration.ui.SimpleEventListener.eventOccurred() : void is invoked in com.dsoftware.ghmanager.data.ListSelectionHolder.special$.inlined.observable$1.afterChange(KProperty, T, T) : void. This method can be changed in a future release leading to incompatibilities
2024-02-06T00:50:50.5506951Z     #Experimental API class com.intellij.collaboration.ui.codereview.list.search.ChooserPopupUtil.PopupItemPresentation.Simple reference
2024-02-06T00:50:50.5509428Z         Experimental API class com.intellij.collaboration.ui.codereview.list.search.ChooserPopupUtil.PopupItemPresentation.Simple is referenced in com.dsoftware.ghmanager.ui.panels.filters.WfRunsFiltersFactory.createFilters$9.invoke(WfRunsListSearchValue.Status) : ChooserPopupUtil.PopupItemPresentation. This class can be changed in a future release leading to incompatibilities
2024-02-06T00:50:50.5513122Z         Experimental API class com.intellij.collaboration.ui.codereview.list.search.ChooserPopupUtil.PopupItemPresentation.Simple is referenced in com.dsoftware.ghmanager.ui.panels.filters.WfRunsFiltersFactory.createFilters$14.invoke(WfRunsListSearchValue.Event) : ChooserPopupUtil.PopupItemPresentation. This class can be changed in a future release leading to incompatibilities
2024-02-06T00:50:50.5516612Z         Experimental API class com.intellij.collaboration.ui.codereview.list.search.ChooserPopupUtil.PopupItemPresentation.Simple is referenced in com.dsoftware.ghmanager.ui.panels.filters.WfRunsFiltersFactory.createFilters$3.invoke(WorkflowType) : ChooserPopupUtil.PopupItemPresentation. This class can be changed in a future release leading to incompatibilities
2024-02-06T00:50:50.5520306Z         Experimental API class com.intellij.collaboration.ui.codereview.list.search.ChooserPopupUtil.PopupItemPresentation.Simple is referenced in com.dsoftware.ghmanager.ui.panels.filters.WfRunsFiltersFactory.createFilters$6.invoke(GHUser) : ChooserPopupUtil.PopupItemPresentation. This class can be changed in a future release leading to incompatibilities
2024-02-06T00:50:50.5523611Z         Experimental API class com.intellij.collaboration.ui.codereview.list.search.ChooserPopupUtil.PopupItemPresentation.Simple is referenced in com.dsoftware.ghmanager.ui.panels.filters.WfRunsFiltersFactory.createFilters$11.invoke(String) : ChooserPopupUtil.PopupItemPresentation. This class can be changed in a future release leading to incompatibilities
2024-02-06T00:50:50.5526209Z     #Experimental API constructor com.intellij.collaboration.ui.codereview.list.search.ChooserPopupUtil.PopupItemPresentation.Simple.<init>(String, Icon, String, int, DefaultConstructorMarker) invocation
2024-02-06T00:50:50.5529661Z         Experimental API constructor com.intellij.collaboration.ui.codereview.list.search.ChooserPopupUtil.PopupItemPresentation.Simple.<init>(java.lang.String arg0, javax.swing.Icon arg1, java.lang.String arg2, int arg3, kotlin.jvm.internal.DefaultConstructorMarker arg4) is invoked in com.dsoftware.ghmanager.ui.panels.filters.WfRunsFiltersFactory.createFilters$3.invoke(WorkflowType) : ChooserPopupUtil.PopupItemPresentation. This constructor can be changed in a future release leading to incompatibilities
2024-02-06T00:50:50.5534282Z         Experimental API constructor com.intellij.collaboration.ui.codereview.list.search.ChooserPopupUtil.PopupItemPresentation.Simple.<init>(java.lang.String arg0, javax.swing.Icon arg1, java.lang.String arg2, int arg3, kotlin.jvm.internal.DefaultConstructorMarker arg4) is invoked in com.dsoftware.ghmanager.ui.panels.filters.WfRunsFiltersFactory.createFilters$11.invoke(String) : ChooserPopupUtil.PopupItemPresentation. This constructor can be changed in a future release leading to incompatibilities
2024-02-06T00:50:50.5538872Z         Experimental API constructor com.intellij.collaboration.ui.codereview.list.search.ChooserPopupUtil.PopupItemPresentation.Simple.<init>(java.lang.String arg0, javax.swing.Icon arg1, java.lang.String arg2, int arg3, kotlin.jvm.internal.DefaultConstructorMarker arg4) is invoked in com.dsoftware.ghmanager.ui.panels.filters.WfRunsFiltersFactory.createFilters$9.invoke(WfRunsListSearchValue.Status) : ChooserPopupUtil.PopupItemPresentation. This constructor can be changed in a future release leading to incompatibilities
2024-02-06T00:50:50.5543567Z         Experimental API constructor com.intellij.collaboration.ui.codereview.list.search.ChooserPopupUtil.PopupItemPresentation.Simple.<init>(java.lang.String arg0, javax.swing.Icon arg1, java.lang.String arg2, int arg3, kotlin.jvm.internal.DefaultConstructorMarker arg4) is invoked in com.dsoftware.ghmanager.ui.panels.filters.WfRunsFiltersFactory.createFilters$14.invoke(WfRunsListSearchValue.Event) : ChooserPopupUtil.PopupItemPresentation. This constructor can be changed in a future release leading to incompatibilities
2024-02-06T00:50:50.5546621Z     #Experimental API interface com.intellij.collaboration.ui.codereview.list.search.ReviewListSearchValue reference
2024-02-06T00:50:50.5548670Z         Experimental API interface com.intellij.collaboration.ui.codereview.list.search.ReviewListSearchValue is referenced in com.dsoftware.ghmanager.ui.panels.filters.WfRunsListSearchValue. This interface can be changed in a future release leading to incompatibilities
2024-02-06T00:50:50.5551500Z         Experimental API interface com.intellij.collaboration.ui.codereview.list.search.ReviewListSearchValue is referenced in com.dsoftware.ghmanager.ui.panels.filters.WfRunsSearchPanelViewModel.withQuery(ReviewListSearchValue, String) : ReviewListSearchValue. This interface can be changed in a future release leading to incompatibilities
2024-02-06T00:50:50.5554625Z         Experimental API interface com.intellij.collaboration.ui.codereview.list.search.ReviewListSearchValue is referenced in com.dsoftware.ghmanager.ui.panels.filters.WfRunsFiltersFactory.getShortText(ReviewListSearchValue) : String. This interface can be changed in a future release leading to incompatibilities
2024-02-06T00:50:50.5557725Z         Experimental API interface com.intellij.collaboration.ui.codereview.list.search.ReviewListSearchValue is referenced in com.dsoftware.ghmanager.ui.panels.filters.WorkflowRunListQuickFilter.All.getFilter() : ReviewListSearchValue. This interface can be changed in a future release leading to incompatibilities
2024-02-06T00:50:50.5560683Z         Experimental API interface com.intellij.collaboration.ui.codereview.list.search.ReviewListSearchValue is referenced in com.dsoftware.ghmanager.ui.panels.filters.WorkflowRunListQuickFilter.InProgres.getFilter() : ReviewListSearchValue. This interface can be changed in a future release leading to incompatibilities
2024-02-06T00:50:50.5563940Z         Experimental API interface com.intellij.collaboration.ui.codereview.list.search.ReviewListSearchValue is referenced in com.dsoftware.ghmanager.ui.panels.filters.WfRunsSearchHistoryModel.getLastFilter() : ReviewListSearchValue. This interface can be changed in a future release leading to incompatibilities
2024-02-06T00:50:50.5566882Z         Experimental API interface com.intellij.collaboration.ui.codereview.list.search.ReviewListSearchValue is referenced in com.dsoftware.ghmanager.ui.panels.filters.WfRunsSearchPanelViewModel.<init>(CoroutineScope, WorkflowRunSelectionContext). This interface can be changed in a future release leading to incompatibilities
2024-02-06T00:50:50.5569868Z         Experimental API interface com.intellij.collaboration.ui.codereview.list.search.ReviewListSearchValue is referenced in com.dsoftware.ghmanager.ui.panels.filters.WfRunsSearchHistoryModel.setLastFilter(ReviewListSearchValue) : void. This interface can be changed in a future release leading to incompatibilities
2024-02-06T00:50:50.5571862Z     #Experimental API class com.intellij.collaboration.async.CompletableFutureUtil reference
2024-02-06T00:50:50.5573584Z         Experimental API class com.intellij.collaboration.async.CompletableFutureUtil is referenced in com.dsoftware.ghmanager.data.WorkflowRunListLoader.requestLoadMore$4.invoke(List) : CompletionStage. This class can be changed in a future release leading to incompatibilities
2024-02-06T00:50:50.5576267Z         Experimental API class com.intellij.collaboration.async.CompletableFutureUtil is referenced in com.dsoftware.ghmanager.data.WorkflowDataContextService.acquireContext$1$1.invoke(ProgressIndicator) : CompletableFuture. This class can be changed in a future release leading to incompatibilities
2024-02-06T00:50:50.5578753Z         Experimental API class com.intellij.collaboration.async.CompletableFutureUtil is referenced in com.dsoftware.ghmanager.data.WorkflowRunListLoader.loadMore(boolean) : void. This class can be changed in a future release leading to incompatibilities
2024-02-06T00:50:50.5581248Z         Experimental API class com.intellij.collaboration.async.CompletableFutureUtil is referenced in com.dsoftware.ghmanager.data.WorkflowRunListLoader.loadMore$1.invoke(List, Throwable) : void. This class can be changed in a future release leading to incompatibilities
2024-02-06T00:50:50.5583853Z         Experimental API class com.intellij.collaboration.async.CompletableFutureUtil is referenced in com.dsoftware.ghmanager.data.WorkflowRunListLoader.requestLoadMore(ProgressIndicator, boolean) : CompletableFuture. This class can be changed in a future release leading to incompatibilities
2024-02-06T00:50:50.5585771Z     #Experimental API interface com.intellij.collaboration.ui.icon.AsyncImageIconsProvider.AsyncImageLoader reference
2024-02-06T00:50:50.5587745Z         Experimental API interface com.intellij.collaboration.ui.icon.AsyncImageIconsProvider.AsyncImageLoader is referenced in com.dsoftware.ghmanager.ui.panels.filters.WfRunsFiltersFactory.AvatarLoader. This interface can be changed in a future release leading to incompatibilities
2024-02-06T00:50:50.5590602Z         Experimental API interface com.intellij.collaboration.ui.icon.AsyncImageIconsProvider.AsyncImageLoader is referenced in com.dsoftware.ghmanager.ui.panels.filters.WfRunsFiltersFactory.createFilters(CoroutineScope) : List. This interface can be changed in a future release leading to incompatibilities
2024-02-06T00:50:50.5592529Z     #Experimental API class com.intellij.collaboration.ui.SimpleEventListener.Companion reference
2024-02-06T00:50:50.5594401Z         Experimental API class com.intellij.collaboration.ui.SimpleEventListener.Companion is referenced in com.dsoftware.ghmanager.data.WorkflowRunListLoader.addErrorChangeListener(Disposable, Function0) : void. This class can be changed in a future release leading to incompatibilities
2024-02-06T00:50:50.5597367Z         Experimental API class com.intellij.collaboration.ui.SimpleEventListener.Companion is referenced in com.dsoftware.ghmanager.data.WorkflowRunListLoader.addLoadingStateChangeListener(Disposable, Function0) : void. This class can be changed in a future release leading to incompatibilities
2024-02-06T00:50:50.5600045Z         Experimental API class com.intellij.collaboration.ui.SimpleEventListener.Companion is referenced in com.dsoftware.ghmanager.data.ListSelectionHolder.addSelectionChangeListener(Disposable, Function0) : void. This class can be changed in a future release leading to incompatibilities
2024-02-06T00:50:50.5602144Z     #Experimental API class com.intellij.collaboration.ui.codereview.list.search.PersistingReviewListSearchHistoryModel reference
2024-02-06T00:50:50.5604372Z         Experimental API class com.intellij.collaboration.ui.codereview.list.search.PersistingReviewListSearchHistoryModel is referenced in com.dsoftware.ghmanager.ui.panels.filters.WfRunsSearchHistoryModel.<init>(WfRunsListPersistentSearchHistory). This class can be changed in a future release leading to incompatibilities
2024-02-06T00:50:50.5607386Z         Experimental API class com.intellij.collaboration.ui.codereview.list.search.PersistingReviewListSearchHistoryModel is referenced in com.dsoftware.ghmanager.ui.panels.filters.WfRunsSearchHistoryModel. This class can be changed in a future release leading to incompatibilities
2024-02-06T00:50:50.5609265Z     #Experimental API interface com.intellij.collaboration.ui.SimpleEventListener reference
2024-02-06T00:50:50.5611024Z         Experimental API interface com.intellij.collaboration.ui.SimpleEventListener is referenced in com.dsoftware.ghmanager.data.WorkflowRunListLoader.addErrorChangeListener(Disposable, Function0) : void. This interface can be changed in a future release leading to incompatibilities
2024-02-06T00:50:50.5613765Z         Experimental API interface com.intellij.collaboration.ui.SimpleEventListener is referenced in com.dsoftware.ghmanager.data.ListSelectionHolder.special$.inlined.observable$1.afterChange(KProperty, T, T) : void. This interface can be changed in a future release leading to incompatibilities
2024-02-06T00:50:50.5616766Z         Experimental API interface com.intellij.collaboration.ui.SimpleEventListener is referenced in com.dsoftware.ghmanager.data.WorkflowRunListLoader.<init>(CheckedDisposable, GithubApiRequestExecutor, RepositoryCoordinates, GhActionsSettingsService, WorkflowRunFilter). This interface can be changed in a future release leading to incompatibilities
2024-02-06T00:50:50.5619652Z         Experimental API interface com.intellij.collaboration.ui.SimpleEventListener is referenced in com.dsoftware.ghmanager.data.WorkflowRunListLoader.addLoadingStateChangeListener(Disposable, Function0) : void. This interface can be changed in a future release leading to incompatibilities
2024-02-06T00:50:50.5622440Z         Experimental API interface com.intellij.collaboration.ui.SimpleEventListener is referenced in com.dsoftware.ghmanager.data.WorkflowRunListLoader.special$.inlined.observable$1.afterChange(KProperty, Throwable, Throwable) : void. This interface can be changed in a future release leading to incompatibilities
2024-02-06T00:50:50.5625120Z         Experimental API interface com.intellij.collaboration.ui.SimpleEventListener is referenced in com.dsoftware.ghmanager.data.ListSelectionHolder.addSelectionChangeListener(Disposable, Function0) : void. This interface can be changed in a future release leading to incompatibilities
2024-02-06T00:50:50.5627480Z         Experimental API interface com.intellij.collaboration.ui.SimpleEventListener is referenced in com.dsoftware.ghmanager.data.ListSelectionHolder.<init>(). This interface can be changed in a future release leading to incompatibilities
2024-02-06T00:50:50.5629956Z         Experimental API interface com.intellij.collaboration.ui.SimpleEventListener is referenced in com.dsoftware.ghmanager.data.WorkflowRunListLoader.special$.inlined.observable$2.afterChange(KProperty, Boolean, Boolean) : void. This interface can be changed in a future release leading to incompatibilities
2024-02-06T00:50:50.5632228Z     #Experimental API method com.intellij.collaboration.ui.icon.AsyncImageIconsProvider.AsyncImageLoader.load(T, Continuation) is overridden
2024-02-06T00:50:50.5634539Z         Experimental API method com.intellij.collaboration.ui.icon.AsyncImageIconsProvider.AsyncImageLoader.load(T arg0, kotlin.coroutines.Continuation arg1) : java.lang.Object is overridden in class com.dsoftware.ghmanager.ui.panels.filters.WfRunsFiltersFactory.AvatarLoader. This method can be changed in a future release leading to incompatibilities
2024-02-06T00:50:50.5637166Z     #Experimental API method com.intellij.collaboration.ui.SimpleEventListener.Companion.addDisposableListener(EventDispatcher, Disposable, Function0) invocation
2024-02-06T00:50:50.5640008Z         Experimental API method com.intellij.collaboration.ui.SimpleEventListener.Companion.addDisposableListener(com.intellij.util.EventDispatcher dispatcher, com.intellij.openapi.Disposable disposable, kotlin.jvm.functions.Function0 listener) : void is invoked in com.dsoftware.ghmanager.data.WorkflowRunListLoader.addErrorChangeListener(Disposable, Function0) : void. This method can be changed in a future release leading to incompatibilities
2024-02-06T00:50:50.5644170Z         Experimental API method com.intellij.collaboration.ui.SimpleEventListener.Companion.addDisposableListener(com.intellij.util.EventDispatcher dispatcher, com.intellij.openapi.Disposable disposable, kotlin.jvm.functions.Function0 listener) : void is invoked in com.dsoftware.ghmanager.data.ListSelectionHolder.addSelectionChangeListener(Disposable, Function0) : void. This method can be changed in a future release leading to incompatibilities
2024-02-06T00:50:50.5648246Z         Experimental API method com.intellij.collaboration.ui.SimpleEventListener.Companion.addDisposableListener(com.intellij.util.EventDispatcher dispatcher, com.intellij.openapi.Disposable disposable, kotlin.jvm.functions.Function0 listener) : void is invoked in com.dsoftware.ghmanager.data.WorkflowRunListLoader.addLoadingStateChangeListener(Disposable, Function0) : void. This method can be changed in a future release leading to incompatibilities
2024-02-06T00:50:50.5650780Z     #Experimental API constructor com.intellij.collaboration.ui.SingleValueModel.<init>(T) invocation
2024-02-06T00:50:50.5652927Z         Experimental API constructor com.intellij.collaboration.ui.SingleValueModel.<init>(T initialValue) is invoked in com.dsoftware.ghmanager.data.JobsLoadingModelListener.<init>(Disposable, SingleValueModel, WorkflowRunListSelectionHolder). This constructor can be changed in a future release leading to incompatibilities
2024-02-06T00:50:50.5655718Z         Experimental API constructor com.intellij.collaboration.ui.SingleValueModel.<init>(T initialValue) is invoked in com.dsoftware.ghmanager.data.LogLoadingModelListener.<init>(Disposable, SingleValueModel, JobListSelectionHolder). This constructor can be changed in a future release leading to incompatibilities
2024-02-06T00:50:50.5659477Z         Experimental API constructor com.intellij.collaboration.ui.SingleValueModel.<init>(T initialValue) is invoked in com.dsoftware.ghmanager.data.WorkflowRunSelectionContext.<init>(CheckedDisposable, Project, GithubAccount, SingleRunDataLoader, WorkflowRunListLoader, GHGitRepositoryMapping, GithubApiRequestExecutor, WorkflowRunListSelectionHolder, JobListSelectionHolder). This constructor can be changed in a future release leading to incompatibilities
2024-02-06T00:50:50.5662150Z     #Experimental API class com.intellij.collaboration.ui.codereview.list.search.ReviewListSearchPanelViewModelBase reference
2024-02-06T00:50:50.5664152Z         Experimental API class com.intellij.collaboration.ui.codereview.list.search.ReviewListSearchPanelViewModelBase is referenced in com.dsoftware.ghmanager.ui.panels.filters.WfRunsSearchPanelViewModel. This class can be changed in a future release leading to incompatibilities
2024-02-06T00:50:50.5667087Z         Experimental API class com.intellij.collaboration.ui.codereview.list.search.ReviewListSearchPanelViewModelBase is referenced in com.dsoftware.ghmanager.ui.panels.filters.WfRunsSearchPanelViewModel.<init>(CoroutineScope, WorkflowRunSelectionContext). This class can be changed in a future release leading to incompatibilities
2024-02-06T00:50:50.5669469Z     #Experimental API class com.intellij.collaboration.ui.codereview.list.search.ReviewListSearchPanelFactory reference
2024-02-06T00:50:50.5671511Z         Experimental API class com.intellij.collaboration.ui.codereview.list.search.ReviewListSearchPanelFactory is referenced in com.dsoftware.ghmanager.ui.panels.filters.WfRunsFiltersFactory.<init>(WfRunsSearchPanelViewModel). This class can be changed in a future release leading to incompatibilities
2024-02-06T00:50:50.5674314Z         Experimental API class com.intellij.collaboration.ui.codereview.list.search.ReviewListSearchPanelFactory is referenced in com.dsoftware.ghmanager.ui.panels.filters.WfRunsFiltersFactory. This class can be changed in a future release leading to incompatibilities
2024-02-06T00:50:50.5676243Z     #Experimental API method com.intellij.collaboration.ui.SingleValueModel.setValue(T) invocation
2024-02-06T00:50:50.5678091Z         Experimental API method com.intellij.collaboration.ui.SingleValueModel.setValue(T value) : void is invoked in com.dsoftware.ghmanager.data.JobsLoadingModelListener.setValue() : void. This method can be changed in a future release leading to incompatibilities
2024-02-06T00:50:50.5680636Z         Experimental API method com.intellij.collaboration.ui.SingleValueModel.setValue(T value) : void is invoked in com.dsoftware.ghmanager.data.WorkflowRunSelectionContext.setNewJobsProvider() : void. This method can be changed in a future release leading to incompatibilities
2024-02-06T00:50:50.5683085Z         Experimental API method com.intellij.collaboration.ui.SingleValueModel.setValue(T value) : void is invoked in com.dsoftware.ghmanager.data.WorkflowRunSelectionContext$2.invoke(String) : void. This method can be changed in a future release leading to incompatibilities
2024-02-06T00:50:50.5685647Z         Experimental API method com.intellij.collaboration.ui.SingleValueModel.setValue(T value) : void is invoked in com.dsoftware.ghmanager.data.WorkflowRunSelectionContext.setNewLogProvider() : void. This method can be changed in a future release leading to incompatibilities
2024-02-06T00:50:50.5688247Z         Experimental API method com.intellij.collaboration.ui.SingleValueModel.setValue(T value) : void is invoked in com.dsoftware.ghmanager.data.LogLoadingModelListener.setLogValue() : void. This method can be changed in a future release leading to incompatibilities
2024-02-06T00:50:50.5690133Z     #Experimental API method com.intellij.collaboration.ui.SingleValueModel.addAndInvokeListener(Function1) invocation
2024-02-06T00:50:50.5692575Z         Experimental API method com.intellij.collaboration.ui.SingleValueModel.addAndInvokeListener(kotlin.jvm.functions.Function1 listener) : void is invoked in com.dsoftware.ghmanager.ui.panels.JobListComponent.Companion.createJobsListComponent(SingleValueModel, WorkflowRunSelectionContext, boolean) : Pair. This method can be changed in a future release leading to incompatibilities
2024-02-06T00:50:50.5695901Z         Experimental API method com.intellij.collaboration.ui.SingleValueModel.addAndInvokeListener(kotlin.jvm.functions.Function1 listener) : void is invoked in com.dsoftware.ghmanager.data.LogLoadingModelListener.<init>(Disposable, SingleValueModel, JobListSelectionHolder). This method can be changed in a future release leading to incompatibilities
2024-02-06T00:50:50.5699182Z         Experimental API method com.intellij.collaboration.ui.SingleValueModel.addAndInvokeListener(kotlin.jvm.functions.Function1 listener) : void is invoked in com.dsoftware.ghmanager.ui.panels.LogConsolePanelKt.createLogConsolePanel(Project, LogLoadingModelListener, Disposable) : JBPanelWithEmptyText. This method can be changed in a future release leading to incompatibilities
2024-02-06T00:50:50.5702731Z         Experimental API method com.intellij.collaboration.ui.SingleValueModel.addAndInvokeListener(kotlin.jvm.functions.Function1 listener) : void is invoked in com.dsoftware.ghmanager.data.JobsLoadingModelListener.<init>(Disposable, SingleValueModel, WorkflowRunListSelectionHolder). This method can be changed in a future release leading to incompatibilities
2024-02-06T00:50:50.5705047Z     #Experimental API interface com.intellij.collaboration.ui.codereview.list.search.ChooserPopupUtil.PopupItemPresentation reference
2024-02-06T00:50:50.5707713Z         Experimental API interface com.intellij.collaboration.ui.codereview.list.search.ChooserPopupUtil.PopupItemPresentation is referenced in com.dsoftware.ghmanager.ui.panels.filters.WfRunsFiltersFactory.createFilters$6.invoke(GHUser) : ChooserPopupUtil.PopupItemPresentation. This interface can be changed in a future release leading to incompatibilities
2024-02-06T00:50:50.5711122Z         Experimental API interface com.intellij.collaboration.ui.codereview.list.search.ChooserPopupUtil.PopupItemPresentation is referenced in com.dsoftware.ghmanager.ui.panels.filters.WfRunsFiltersFactory.createFilters$11.invoke(String) : ChooserPopupUtil.PopupItemPresentation. This interface can be changed in a future release leading to incompatibilities
2024-02-06T00:50:50.5714544Z         Experimental API interface com.intellij.collaboration.ui.codereview.list.search.ChooserPopupUtil.PopupItemPresentation is referenced in com.dsoftware.ghmanager.ui.panels.filters.WfRunsFiltersFactory.createFilters$3.invoke(WorkflowType) : ChooserPopupUtil.PopupItemPresentation. This interface can be changed in a future release leading to incompatibilities
2024-02-06T00:50:50.5718250Z         Experimental API interface com.intellij.collaboration.ui.codereview.list.search.ChooserPopupUtil.PopupItemPresentation is referenced in com.dsoftware.ghmanager.ui.panels.filters.WfRunsFiltersFactory.createFilters$9.invoke(WfRunsListSearchValue.Status) : ChooserPopupUtil.PopupItemPresentation. This interface can be changed in a future release leading to incompatibilities
2024-02-06T00:50:50.5722013Z         Experimental API interface com.intellij.collaboration.ui.codereview.list.search.ChooserPopupUtil.PopupItemPresentation is referenced in com.dsoftware.ghmanager.ui.panels.filters.WfRunsFiltersFactory.createFilters$14.invoke(WfRunsListSearchValue.Event) : ChooserPopupUtil.PopupItemPresentation. This interface can be changed in a future release leading to incompatibilities
2024-02-06T00:50:50.5724267Z     #Experimental API field com.intellij.collaboration.ui.SimpleEventListener.Companion access
2024-02-06T00:50:50.5726447Z         Experimental API field com.intellij.collaboration.ui.SimpleEventListener.Companion : com.intellij.collaboration.ui.SimpleEventListener.Companion is accessed in com.dsoftware.ghmanager.data.WorkflowRunListLoader.addErrorChangeListener(Disposable, Function0) : void. This field can be changed in a future release leading to incompatibilities
2024-02-06T00:50:50.5729675Z         Experimental API field com.intellij.collaboration.ui.SimpleEventListener.Companion : com.intellij.collaboration.ui.SimpleEventListener.Companion is accessed in com.dsoftware.ghmanager.data.WorkflowRunListLoader.addLoadingStateChangeListener(Disposable, Function0) : void. This field can be changed in a future release leading to incompatibilities
2024-02-06T00:50:50.5733057Z         Experimental API field com.intellij.collaboration.ui.SimpleEventListener.Companion : com.intellij.collaboration.ui.SimpleEventListener.Companion is accessed in com.dsoftware.ghmanager.data.ListSelectionHolder.addSelectionChangeListener(Disposable, Function0) : void. This field can be changed in a future release leading to incompatibilities
2024-02-06T00:50:50.5735575Z     #Experimental API method com.intellij.collaboration.async.CompletableFutureUtil.successOnEdt$default(CompletableFutureUtil, CompletableFuture, ModalityState, Function1, int, Object) invocation
2024-02-06T00:50:50.5739147Z         Experimental API method com.intellij.collaboration.async.CompletableFutureUtil.successOnEdt$default(com.intellij.collaboration.async.CompletableFutureUtil arg0, java.util.concurrent.CompletableFuture arg1, com.intellij.openapi.application.ModalityState arg2, kotlin.jvm.functions.Function1 arg3, int arg4, java.lang.Object arg5) : java.util.concurrent.CompletableFuture is invoked in com.dsoftware.ghmanager.data.WorkflowDataContextService.acquireContext$1$1.invoke(ProgressIndicator) : CompletableFuture. This method can be changed in a future release leading to incompatibilities
2024-02-06T00:50:50.5742749Z     #Experimental API method com.intellij.collaboration.ui.codereview.list.search.ReviewListSearchHistoryModel.setLastFilter(S) is overridden
2024-02-06T00:50:50.5745121Z         Experimental API method com.intellij.collaboration.ui.codereview.list.search.ReviewListSearchHistoryModel.setLastFilter(S arg0) : void is overridden in class com.dsoftware.ghmanager.ui.panels.filters.WfRunsSearchHistoryModel. This method can be changed in a future release leading to incompatibilities
2024-02-06T00:50:50.5747710Z     #Experimental API method com.intellij.collaboration.ui.codereview.list.search.ReviewListSearchPanelViewModelBase.partialState(MutableStateFlow, Function1, Function2) invocation
2024-02-06T00:50:50.5751089Z         Experimental API method com.intellij.collaboration.ui.codereview.list.search.ReviewListSearchPanelViewModelBase.partialState(kotlinx.coroutines.flow.MutableStateFlow $this$partialState, kotlin.jvm.functions.Function1 getter, kotlin.jvm.functions.Function2 updater) : kotlinx.coroutines.flow.MutableStateFlow is invoked in com.dsoftware.ghmanager.ui.panels.filters.WfRunsSearchPanelViewModel.<init>(CoroutineScope, WorkflowRunSelectionContext). This method can be changed in a future release leading to incompatibilities
2024-02-06T00:50:50.5754238Z     #Experimental API constructor com.intellij.collaboration.ui.codereview.list.search.DropDownComponentFactory.<init>(MutableStateFlow) invocation
2024-02-06T00:50:50.5756737Z         Experimental API constructor com.intellij.collaboration.ui.codereview.list.search.DropDownComponentFactory.<init>(kotlinx.coroutines.flow.MutableStateFlow state) is invoked in com.dsoftware.ghmanager.ui.panels.filters.WfRunsFiltersFactory.createFilters(CoroutineScope) : List. This constructor can be changed in a future release leading to incompatibilities
2024-02-06T00:50:50.5759517Z     #Experimental API method com.intellij.collaboration.async.CompletableFutureUtil.submitIOTask(ProgressManager, ProgressIndicator, Function1) invocation
2024-02-06T00:50:50.5762621Z         Experimental API method com.intellij.collaboration.async.CompletableFutureUtil.submitIOTask(com.intellij.openapi.progress.ProgressManager $this$submitIOTask, com.intellij.openapi.progress.ProgressIndicator progressIndicator, kotlin.jvm.functions.Function1 task) : java.util.concurrent.CompletableFuture is invoked in com.dsoftware.ghmanager.data.WorkflowRunListLoader.requestLoadMore(ProgressIndicator, boolean) : CompletableFuture. This method can be changed in a future release leading to incompatibilities
2024-02-06T00:50:50.5767268Z         Experimental API method com.intellij.collaboration.async.CompletableFutureUtil.submitIOTask(com.intellij.openapi.progress.ProgressManager $this$submitIOTask, com.intellij.openapi.progress.ProgressIndicator progressIndicator, kotlin.jvm.functions.Function1 task) : java.util.concurrent.CompletableFuture is invoked in com.dsoftware.ghmanager.data.WorkflowRunListLoader.requestLoadMore$4.invoke(List) : CompletionStage. This method can be changed in a future release leading to incompatibilities
2024-02-06T00:50:50.5771896Z         Experimental API method com.intellij.collaboration.async.CompletableFutureUtil.submitIOTask(com.intellij.openapi.progress.ProgressManager $this$submitIOTask, com.intellij.openapi.progress.ProgressIndicator progressIndicator, kotlin.jvm.functions.Function1 task) : java.util.concurrent.CompletableFuture is invoked in com.dsoftware.ghmanager.data.WorkflowDataContextService.acquireContext$1$1.invoke(ProgressIndicator) : CompletableFuture. This method can be changed in a future release leading to incompatibilities
2024-02-06T00:50:50.5775141Z     #Experimental API method com.intellij.collaboration.ui.codereview.list.search.ReviewListQuickFilter.getFilter() is overridden
2024-02-06T00:50:50.5777269Z         Experimental API method com.intellij.collaboration.ui.codereview.list.search.ReviewListQuickFilter.getFilter() : S is overridden in class com.dsoftware.ghmanager.ui.panels.filters.WorkflowRunListQuickFilter.InProgres. This method can be changed in a future release leading to incompatibilities
2024-02-06T00:50:50.5780099Z         Experimental API method com.intellij.collaboration.ui.codereview.list.search.ReviewListQuickFilter.getFilter() : S is overridden in class com.dsoftware.ghmanager.ui.panels.filters.WorkflowRunListQuickFilter.All. This method can be changed in a future release leading to incompatibilities
2024-02-06T00:50:50.5782036Z     #Experimental API field com.intellij.collaboration.async.CompletableFutureUtil.INSTANCE access
2024-02-06T00:50:50.5784030Z         Experimental API field com.intellij.collaboration.async.CompletableFutureUtil.INSTANCE : com.intellij.collaboration.async.CompletableFutureUtil is accessed in com.dsoftware.ghmanager.data.WorkflowRunListLoader.loadMore(boolean) : void. This field can be changed in a future release leading to incompatibilities
2024-02-06T00:50:50.5787141Z         Experimental API field com.intellij.collaboration.async.CompletableFutureUtil.INSTANCE : com.intellij.collaboration.async.CompletableFutureUtil is accessed in com.dsoftware.ghmanager.data.WorkflowDataContextService.acquireContext$1$1.invoke(ProgressIndicator) : CompletableFuture. This field can be changed in a future release leading to incompatibilities
2024-02-06T00:50:50.5790507Z         Experimental API field com.intellij.collaboration.async.CompletableFutureUtil.INSTANCE : com.intellij.collaboration.async.CompletableFutureUtil is accessed in com.dsoftware.ghmanager.data.WorkflowRunListLoader.requestLoadMore(ProgressIndicator, boolean) : CompletableFuture. This field can be changed in a future release leading to incompatibilities
2024-02-06T00:50:50.5793796Z         Experimental API field com.intellij.collaboration.async.CompletableFutureUtil.INSTANCE : com.intellij.collaboration.async.CompletableFutureUtil is accessed in com.dsoftware.ghmanager.data.WorkflowRunListLoader.requestLoadMore$4.invoke(List) : CompletionStage. This field can be changed in a future release leading to incompatibilities
2024-02-06T00:50:50.5797083Z         Experimental API field com.intellij.collaboration.async.CompletableFutureUtil.INSTANCE : com.intellij.collaboration.async.CompletableFutureUtil is accessed in com.dsoftware.ghmanager.data.WorkflowRunListLoader.loadMore$1.invoke(List, Throwable) : void. This field can be changed in a future release leading to incompatibilities
2024-02-06T00:50:50.5799084Z     #Experimental API class com.intellij.collaboration.ui.icon.AsyncImageIconsProvider reference
2024-02-06T00:50:50.5800878Z         Experimental API class com.intellij.collaboration.ui.icon.AsyncImageIconsProvider is referenced in com.dsoftware.ghmanager.ui.panels.filters.WfRunsFiltersFactory.createFilters(CoroutineScope) : List. This class can be changed in a future release leading to incompatibilities
2024-02-06T00:50:50.5802994Z     #Experimental API method com.intellij.collaboration.ui.icon.AsyncImageIconsProvider.AsyncImageLoader.postProcess(Image, Continuation) is overridden
2024-02-06T00:50:50.5805529Z         Experimental API method com.intellij.collaboration.ui.icon.AsyncImageIconsProvider.AsyncImageLoader.postProcess(java.awt.Image image, kotlin.coroutines.Continuation $completion) : java.lang.Object is overridden in class com.dsoftware.ghmanager.ui.panels.filters.WfRunsFiltersFactory.AvatarLoader. This method can be changed in a future release leading to incompatibilities
2024-02-06T00:50:50.5808096Z     #Experimental API method com.intellij.collaboration.ui.codereview.list.search.ReviewListSearchPanelFactory.getQuickFilterTitle(Q) is overridden
2024-02-06T00:50:50.5810648Z         Experimental API method com.intellij.collaboration.ui.codereview.list.search.ReviewListSearchPanelFactory.getQuickFilterTitle(Q arg0) : java.lang.String is overridden in class com.dsoftware.ghmanager.ui.panels.filters.WfRunsFiltersFactory. This method can be changed in a future release leading to incompatibilities
2024-02-06T00:50:50.5813029Z     #Experimental API method com.intellij.collaboration.ui.codereview.list.search.PersistingReviewListSearchHistoryModel.getPersistentHistory() is overridden
2024-02-06T00:50:50.5815495Z         Experimental API method com.intellij.collaboration.ui.codereview.list.search.PersistingReviewListSearchHistoryModel.getPersistentHistory() : java.util.List is overridden in class com.dsoftware.ghmanager.ui.panels.filters.WfRunsSearchHistoryModel. This method can be changed in a future release leading to incompatibilities
2024-02-06T00:50:50.5817883Z     #Experimental API method com.intellij.collaboration.ui.icon.AsyncImageIconsProvider.AsyncImageLoader.createBaseIcon(T, int) is overridden
2024-02-06T00:50:50.5820217Z         Experimental API method com.intellij.collaboration.ui.icon.AsyncImageIconsProvider.AsyncImageLoader.createBaseIcon(T key, int iconSize) : javax.swing.Icon is overridden in class com.dsoftware.ghmanager.ui.panels.filters.WfRunsFiltersFactory.AvatarLoader. This method can be changed in a future release leading to incompatibilities
2024-02-06T00:50:50.5822767Z     #Experimental API method com.intellij.collaboration.async.CompletableFutureUtil.handleOnEdt$default(CompletableFutureUtil, CompletableFuture, ModalityState, Function2, int, Object) invocation
2024-02-06T00:50:50.5826109Z         Experimental API method com.intellij.collaboration.async.CompletableFutureUtil.handleOnEdt$default(com.intellij.collaboration.async.CompletableFutureUtil arg0, java.util.concurrent.CompletableFuture arg1, com.intellij.openapi.application.ModalityState arg2, kotlin.jvm.functions.Function2 arg3, int arg4, java.lang.Object arg5) : java.util.concurrent.CompletableFuture is invoked in com.dsoftware.ghmanager.data.WorkflowRunListLoader.loadMore(boolean) : void. This method can be changed in a future release leading to incompatibilities
2024-02-06T00:50:50.5829182Z     #Experimental API interface com.intellij.collaboration.ui.codereview.list.search.ReviewListSearchPanelViewModel reference
2024-02-06T00:50:50.5831545Z         Experimental API interface com.intellij.collaboration.ui.codereview.list.search.ReviewListSearchPanelViewModel is referenced in com.dsoftware.ghmanager.ui.panels.filters.WfRunsFiltersFactory.<init>(WfRunsSearchPanelViewModel). This interface can be changed in a future release leading to incompatibilities
2024-02-06T00:50:50.5833936Z     #Experimental API constructor com.intellij.collaboration.ui.codereview.list.search.ChooserPopupUtil.PopupItemPresentation.Simple.<init>(String, Icon, String) invocation
2024-02-06T00:50:50.5837026Z         Experimental API constructor com.intellij.collaboration.ui.codereview.list.search.ChooserPopupUtil.PopupItemPresentation.Simple.<init>(java.lang.String shortText, javax.swing.Icon icon, java.lang.String fullText) is invoked in com.dsoftware.ghmanager.ui.panels.filters.WfRunsFiltersFactory.createFilters$6.invoke(GHUser) : ChooserPopupUtil.PopupItemPresentation. This constructor can be changed in a future release leading to incompatibilities
2024-02-06T00:50:50.5839762Z     #Experimental API method com.intellij.collaboration.ui.icon.CachingIconsProvider.getIcon(T, int) invocation
2024-02-06T00:50:50.5841955Z         Experimental API method com.intellij.collaboration.ui.icon.CachingIconsProvider.getIcon(T key, int iconSize) : javax.swing.Icon is invoked in com.dsoftware.ghmanager.ui.panels.filters.WfRunsFiltersFactory.createFilters$6.invoke(GHUser) : ChooserPopupUtil.PopupItemPresentation. This method can be changed in a future release leading to incompatibilities
2024-02-06T00:50:50.5844511Z     #Experimental API method com.intellij.collaboration.ui.codereview.list.search.PersistingReviewListSearchHistoryModel.setPersistentHistory(List) is overridden
2024-02-06T00:50:50.5847199Z         Experimental API method com.intellij.collaboration.ui.codereview.list.search.PersistingReviewListSearchHistoryModel.setPersistentHistory(java.util.List arg0) : void is overridden in class com.dsoftware.ghmanager.ui.panels.filters.WfRunsSearchHistoryModel. This method can be changed in a future release leading to incompatibilities
2024-02-06T00:50:50.5849284Z     #Experimental API class com.intellij.collaboration.ui.icon.CachingIconsProvider reference
2024-02-06T00:50:50.5851291Z         Experimental API class com.intellij.collaboration.ui.icon.CachingIconsProvider is referenced in com.dsoftware.ghmanager.ui.panels.filters.WfRunsFiltersFactory.createFilters$6.invoke(GHUser) : ChooserPopupUtil.PopupItemPresentation. This class can be changed in a future release leading to incompatibilities
2024-02-06T00:50:50.5854021Z         Experimental API class com.intellij.collaboration.ui.icon.CachingIconsProvider is referenced in com.dsoftware.ghmanager.ui.panels.filters.WfRunsFiltersFactory.createFilters$6.<init>(CachingIconsProvider). This class can be changed in a future release leading to incompatibilities
2024-02-06T00:50:50.5856608Z         Experimental API class com.intellij.collaboration.ui.icon.CachingIconsProvider is referenced in com.dsoftware.ghmanager.ui.panels.filters.WfRunsFiltersFactory.createFilters(CoroutineScope) : List. This class can be changed in a future release leading to incompatibilities
2024-02-06T00:50:50.5859359Z         Experimental API class com.intellij.collaboration.ui.icon.CachingIconsProvider is referenced in com.dsoftware.ghmanager.ui.panels.filters.WfRunsFiltersFactory.createFilters$6.$avatarIconsProvider : CachingIconsProvider. This class can be changed in a future release leading to incompatibilities
2024-02-06T00:50:50.5861348Z     #Experimental API method com.intellij.collaboration.async.CompletableFutureUtil.isCancellation(Throwable) invocation
2024-02-06T00:50:50.5863477Z         Experimental API method com.intellij.collaboration.async.CompletableFutureUtil.isCancellation(java.lang.Throwable error) : boolean is invoked in com.dsoftware.ghmanager.data.WorkflowRunListLoader.loadMore$1.invoke(List, Throwable) : void. This method can be changed in a future release leading to incompatibilities
2024-02-06T00:50:50.5865716Z     #Experimental API method com.intellij.collaboration.ui.codereview.list.search.ReviewListSearchPanelFactory.getVm() invocation
2024-02-06T00:50:50.5867849Z         Experimental API method com.intellij.collaboration.ui.codereview.list.search.ReviewListSearchPanelFactory.getVm() : VM is invoked in com.dsoftware.ghmanager.ui.panels.filters.WfRunsFiltersFactory.createFilters(CoroutineScope) : List. This method can be changed in a future release leading to incompatibilities
2024-02-06T00:50:50.5870304Z     #Experimental API method com.intellij.collaboration.ui.codereview.list.search.DropDownComponentFactory.create(CoroutineScope, String, List, Function0, Function1, Function1) invocation
2024-02-06T00:50:50.5873751Z         Experimental API method com.intellij.collaboration.ui.codereview.list.search.DropDownComponentFactory.create(kotlinx.coroutines.CoroutineScope vmScope, java.lang.String filterName, java.util.List items, kotlin.jvm.functions.Function0 onSelect, kotlin.jvm.functions.Function1 valuePresenter, kotlin.jvm.functions.Function1 popupItemPresenter) : javax.swing.JComponent is invoked in com.dsoftware.ghmanager.ui.panels.filters.WfRunsFiltersFactory.createFilters(CoroutineScope) : List. This method can be changed in a future release leading to incompatibilities
2024-02-06T00:50:50.5877261Z     #Experimental API method com.intellij.collaboration.ui.codereview.list.search.ReviewListSearchPanelViewModelBase.withQuery(S, String) is overridden
2024-02-06T00:50:50.5879677Z         Experimental API method com.intellij.collaboration.ui.codereview.list.search.ReviewListSearchPanelViewModelBase.withQuery(S arg0, java.lang.String arg1) : S is overridden in class com.dsoftware.ghmanager.ui.panels.filters.WfRunsSearchPanelViewModel. This method can be changed in a future release leading to incompatibilities
2024-02-06T00:50:50.5882181Z     #Experimental API method com.intellij.collaboration.ui.codereview.list.search.ReviewListSearchPanelViewModel.getQuickFilters() is overridden
2024-02-06T00:50:50.5884501Z         Experimental API method com.intellij.collaboration.ui.codereview.list.search.ReviewListSearchPanelViewModel.getQuickFilters() : java.util.List is overridden in class com.dsoftware.ghmanager.ui.panels.filters.WfRunsSearchPanelViewModel. This method can be changed in a future release leading to incompatibilities
2024-02-06T00:50:50.5886828Z     #Experimental API method com.intellij.collaboration.ui.codereview.list.search.ReviewListSearchPanelFactory.getShortText(S) is overridden
2024-02-06T00:50:50.5889060Z         Experimental API method com.intellij.collaboration.ui.codereview.list.search.ReviewListSearchPanelFactory.getShortText(S arg0) : java.lang.String is overridden in class com.dsoftware.ghmanager.ui.panels.filters.WfRunsFiltersFactory. This method can be changed in a future release leading to incompatibilities
2024-02-06T00:50:50.5891575Z     #Experimental API constructor com.intellij.collaboration.ui.codereview.list.search.ReviewListSearchPanelViewModelBase.<init>(CoroutineScope, ReviewListSearchHistoryModel, S, Q) invocation
2024-02-06T00:50:50.5894964Z         Experimental API constructor com.intellij.collaboration.ui.codereview.list.search.ReviewListSearchPanelViewModelBase.<init>(kotlinx.coroutines.CoroutineScope scope, com.intellij.collaboration.ui.codereview.list.search.ReviewListSearchHistoryModel historyModel, S emptySearch, Q defaultQuickFilter) is invoked in com.dsoftware.ghmanager.ui.panels.filters.WfRunsSearchPanelViewModel.<init>(CoroutineScope, WorkflowRunSelectionContext). This constructor can be changed in a future release leading to incompatibilities
2024-02-06T00:50:50.5898264Z     #Experimental API constructor com.intellij.collaboration.ui.codereview.list.search.PersistingReviewListSearchHistoryModel.<init>(int, int, DefaultConstructorMarker) invocation
2024-02-06T00:50:50.5901292Z         Experimental API constructor com.intellij.collaboration.ui.codereview.list.search.PersistingReviewListSearchHistoryModel.<init>(int arg0, int arg1, kotlin.jvm.internal.DefaultConstructorMarker arg2) is invoked in com.dsoftware.ghmanager.ui.panels.filters.WfRunsSearchHistoryModel.<init>(WfRunsListPersistentSearchHistory). This constructor can be changed in a future release leading to incompatibilities
2024-02-06T00:50:50.5904010Z     #Experimental API method com.intellij.collaboration.ui.codereview.list.search.ReviewListSearchPanelFactory.createFilters(CoroutineScope) is overridden
2024-02-06T00:50:50.5906436Z         Experimental API method com.intellij.collaboration.ui.codereview.list.search.ReviewListSearchPanelFactory.createFilters(kotlinx.coroutines.CoroutineScope arg0) : java.util.List is overridden in class com.dsoftware.ghmanager.ui.panels.filters.WfRunsFiltersFactory. This method can be changed in a future release leading to incompatibilities
2024-02-06T00:50:50.5909261Z     #Experimental API method com.intellij.collaboration.ui.codereview.list.search.DropDownComponentFactory.create$default(DropDownComponentFactory, CoroutineScope, String, List, Function0, Function1, Function1, int, Object) invocation
2024-02-06T00:50:50.5913332Z         Experimental API method com.intellij.collaboration.ui.codereview.list.search.DropDownComponentFactory.create$default(com.intellij.collaboration.ui.codereview.list.search.DropDownComponentFactory arg0, kotlinx.coroutines.CoroutineScope arg1, java.lang.String arg2, java.util.List arg3, kotlin.jvm.functions.Function0 arg4, kotlin.jvm.functions.Function1 arg5, kotlin.jvm.functions.Function1 arg6, int arg7, java.lang.Object arg8) : javax.swing.JComponent is invoked in com.dsoftware.ghmanager.ui.panels.filters.WfRunsFiltersFactory.createFilters(CoroutineScope) : List. This method can be changed in a future release leading to incompatibilities
2024-02-06T00:50:50.5917261Z     #Experimental API interface com.intellij.collaboration.ui.codereview.list.search.ReviewListSearchHistoryModel reference
2024-02-06T00:50:50.5919468Z         Experimental API interface com.intellij.collaboration.ui.codereview.list.search.ReviewListSearchHistoryModel is referenced in com.dsoftware.ghmanager.ui.panels.filters.WfRunsSearchPanelViewModel.<init>(CoroutineScope, WorkflowRunSelectionContext). This interface can be changed in a future release leading to incompatibilities
2024-02-06T00:50:50.5921713Z     #Experimental API method com.intellij.collaboration.ui.codereview.list.search.ReviewListSearchValue.getSearchQuery() is overridden
2024-02-06T00:50:50.5923940Z         Experimental API method com.intellij.collaboration.ui.codereview.list.search.ReviewListSearchValue.getSearchQuery() : java.lang.String is overridden in class com.dsoftware.ghmanager.ui.panels.filters.WfRunsListSearchValue. This method can be changed in a future release leading to incompatibilities
2024-02-06T00:50:50.5926176Z     #Experimental API constructor com.intellij.collaboration.ui.icon.AsyncImageIconsProvider.<init>(CoroutineScope, AsyncImageIconsProvider.AsyncImageLoader) invocation
2024-02-06T00:50:50.5928954Z         Experimental API constructor com.intellij.collaboration.ui.icon.AsyncImageIconsProvider.<init>(kotlinx.coroutines.CoroutineScope scope, com.intellij.collaboration.ui.icon.AsyncImageIconsProvider.AsyncImageLoader loader) is invoked in com.dsoftware.ghmanager.ui.panels.filters.WfRunsFiltersFactory.createFilters(CoroutineScope) : List. This constructor can be changed in a future release leading to incompatibilities
2024-02-06T00:50:50.5931692Z     #Experimental API constructor com.intellij.collaboration.ui.codereview.list.search.ReviewListSearchPanelFactory.<init>(VM) invocation
2024-02-06T00:50:50.5933896Z         Experimental API constructor com.intellij.collaboration.ui.codereview.list.search.ReviewListSearchPanelFactory.<init>(VM vm) is invoked in com.dsoftware.ghmanager.ui.panels.filters.WfRunsFiltersFactory.<init>(WfRunsSearchPanelViewModel). This constructor can be changed in a future release leading to incompatibilities
2024-02-06T00:50:50.5935796Z     Plugin can probably be enabled or disabled without IDE restart
2024-02-06T00:50:50.5936178Z
2024-02-06T00:50:50.5936860Z 2024-02-06T00:50:50 [main] INFO  verification - Total time spent downloading plugins and their dependencies: 352 ms
2024-02-06T00:50:50.5938118Z 2024-02-06T00:50:50 [main] INFO  verification - Total amount of plugins and dependencies downloaded: 692.08 KB
2024-02-06T00:50:50.5939271Z 2024-02-06T00:50:50 [main] INFO  verification - Total amount of space used for plugins and dependencies: 692.08 KB
2024-02-06T00:50:50.5940870Z 2024-02-06T00:50:50 [main] INFO  verification - Verification reports for com.dsoftware.ghtoolbar:1.15.3 saved to /home/runner/work/ghactions-manager/ghactions-manager/build/reports/pluginVerifier/IC-233.14015.23
2024-02-06T00:50:50.5942344Z 2024-02-06T00:50:50 [main] INFO  verification - Total time spent in plugin verification: 12 s 52 ms
2024-02-06T00:50:50.8737472Z
2024-02-06T00:50:50.8738692Z Deprecated Gradle features were used in this build, making it incompatible with Gradle 9.0.
2024-02-06T00:50:50.8739684Z
2024-02-06T00:50:50.8741206Z You can use '--warning-mode all' to show the individual deprecation warnings and determine if they come from your own scripts or plugins.
2024-02-06T00:50:50.8742534Z
2024-02-06T00:50:50.8744827Z For more on this, please refer to https://docs.gradle.org/8.5/userguide/command_line_interface.html#sec:command_line_warnings in the Gradle documentation.
2024-02-06T00:50:50.8746229Z
2024-02-06T00:50:50.8746464Z BUILD SUCCESSFUL in 43s
2024-02-06T00:50:50.8747534Z 19 actionable tasks: 11 executed, 1 from cache, 7 up-to-date
2024-02-06T00:50:50.8748392Z Configuration cache entry stored.
2024-02-06T00:50:50.8848911Z ##[group]Run PROPERTIES="$(./gradlew properties --console=plain -q)"
2024-02-06T00:50:50.8849669Z [36;1mPROPERTIES="$(./gradlew properties --console=plain -q)"[0m
2024-02-06T00:50:50.8850578Z [36;1mVERSION="$(echo "$PROPERTIES" | grep "^version:" | cut -f2- -d ' ')"[0m
2024-02-06T00:50:50.8851457Z [36;1mCHANGELOG="$(./gradlew getChangelog --unreleased --no-header --console=plain -q)"[0m
2024-02-06T00:50:50.8852115Z [36;1m[0m
2024-02-06T00:50:50.8852566Z [36;1mecho "version=$VERSION" >> $GITHUB_OUTPUT[0m
2024-02-06T00:50:50.8853159Z [36;1mecho "pluginVerifierHomeDir=~/.pluginVerifier" >> $GITHUB_OUTPUT[0m
2024-02-06T00:50:50.8853725Z [36;1m[0m
2024-02-06T00:50:50.8854143Z [36;1mecho "changelog<<EOF" >> $GITHUB_OUTPUT[0m
2024-02-06T00:50:50.8854647Z [36;1mecho "$CHANGELOG" >> $GITHUB_OUTPUT[0m
2024-02-06T00:50:50.8855093Z [36;1mecho "EOF" >> $GITHUB_OUTPUT[0m
2024-02-06T00:50:50.8855517Z [36;1m[0m
2024-02-06T00:50:50.8856146Z [36;1m./gradlew listProductsReleases # prepare list of IDEs for Plugin Verifier[0m
2024-02-06T00:50:50.8884267Z shell: /usr/bin/bash --noprofile --norc -e -o pipefail {0}
2024-02-06T00:50:50.8884883Z env:
2024-02-06T00:50:50.8885255Z   JAVA_HOME: /opt/hostedtoolcache/Java_Zulu_jdk/17.0.10-7/x64
2024-02-06T00:50:50.8885864Z   JAVA_HOME_17_X64: /opt/hostedtoolcache/Java_Zulu_jdk/17.0.10-7/x64
2024-02-06T00:50:50.8886455Z ##[endgroup]
2024-02-06T00:50:53.2985318Z Calculating task graph as no cached configuration is available for tasks: listProductsReleases
2024-02-06T00:50:54.3806037Z > Task :initializeIntelliJPlugin SKIPPED
2024-02-06T00:50:54.3807862Z > Task :patchPluginXml UP-TO-DATE
2024-02-06T00:50:54.3809076Z > Task :downloadIdeaProductReleasesXml
2024-02-06T00:50:54.3817610Z > Task :downloadAndroidStudioProductReleasesXml
2024-02-06T00:50:54.3824637Z > Task :listProductsReleases UP-TO-DATE
2024-02-06T00:50:54.3825505Z
2024-02-06T00:50:54.3826084Z BUILD SUCCESSFUL in 1s
2024-02-06T00:50:54.3829966Z 4 actionable tasks: 2 executed, 2 up-to-date
2024-02-06T00:50:54.3838525Z Configuration cache entry stored.
2024-02-06T00:50:54.4861004Z ##[group]Run actions/cache@v4
2024-02-06T00:50:54.4861439Z with:
2024-02-06T00:50:54.4861872Z   path: ~/.pluginVerifier/ides
2024-02-06T00:50:54.4862522Z   key: plugin-verifier-9a305983231f0d6cf534a9fd59cc676edc3526015adcd345873334dba070b40f
2024-02-06T00:50:54.4863211Z   enableCrossOsArchive: false
2024-02-06T00:50:54.4863674Z   fail-on-cache-miss: false
2024-02-06T00:50:54.4864021Z   lookup-only: false
2024-02-06T00:50:54.4864380Z   save-always: false
2024-02-06T00:50:54.4864785Z env:
2024-02-06T00:50:54.4865203Z   JAVA_HOME: /opt/hostedtoolcache/Java_Zulu_jdk/17.0.10-7/x64
2024-02-06T00:50:54.4865881Z   JAVA_HOME_17_X64: /opt/hostedtoolcache/Java_Zulu_jdk/17.0.10-7/x64
2024-02-06T00:50:54.4866354Z ##[endgroup]
2024-02-06T00:50:54.7445196Z Cache Size: ~0 MB (210 B)
2024-02-06T00:50:54.7473784Z [command]/usr/bin/tar -xf /home/runner/work/_temp/a8d27f09-c5d2-4771-a8b4-68ba8201a1bf/cache.tzst -P -C /home/runner/work/ghactions-manager/ghactions-manager --use-compress-program unzstd
2024-02-06T00:50:54.7535655Z Cache restored successfully
2024-02-06T00:50:54.7608303Z Cache restored from key: plugin-verifier-9a305983231f0d6cf534a9fd59cc676edc3526015adcd345873334dba070b40f
2024-02-06T00:50:54.7706135Z ##[group]Run ./gradlew runPluginVerifier -Pplugin.verifier.home.dir=~/.pluginVerifier
2024-02-06T00:50:54.7707415Z [36;1m./gradlew runPluginVerifier -Pplugin.verifier.home.dir=~/.pluginVerifier[0m
2024-02-06T00:50:54.7733850Z shell: /usr/bin/bash -e {0}
2024-02-06T00:50:54.7734368Z env:
2024-02-06T00:50:54.7734784Z   JAVA_HOME: /opt/hostedtoolcache/Java_Zulu_jdk/17.0.10-7/x64
2024-02-06T00:50:54.7735519Z   JAVA_HOME_17_X64: /opt/hostedtoolcache/Java_Zulu_jdk/17.0.10-7/x64
2024-02-06T00:50:54.7736108Z ##[endgroup]
2024-02-06T00:50:55.4406340Z Calculating task graph as configuration cache cannot be reused because the set of Gradle properties has changed.
2024-02-06T00:50:57.0390908Z > Task :initializeIntelliJPlugin SKIPPED
2024-02-06T00:50:57.0392733Z > Task :checkKotlinGradlePluginConfigurationErrors
2024-02-06T00:50:57.0394434Z > Task :patchPluginXml UP-TO-DATE
2024-02-06T00:50:57.0395893Z > Task :verifyPluginConfiguration
2024-02-06T00:50:57.0397593Z > Task :processResources UP-TO-DATE
2024-02-06T00:50:57.0408608Z > Task :downloadAndroidStudioProductReleasesXml
2024-02-06T00:50:57.1405131Z > Task :downloadIdeaProductReleasesXml
2024-02-06T00:50:57.1406817Z > Task :listProductsReleases UP-TO-DATE
2024-02-06T00:50:57.1408365Z > Task :compileKotlin UP-TO-DATE
2024-02-06T00:50:57.1409517Z > Task :compileJava NO-SOURCE
2024-02-06T00:50:57.1410407Z > Task :classes UP-TO-DATE
2024-02-06T00:50:57.1411769Z > Task :instrumentCode UP-TO-DATE
2024-02-06T00:50:57.1412842Z > Task :instrumentedJar UP-TO-DATE
2024-02-06T00:50:57.1413973Z > Task :jar UP-TO-DATE
2024-02-06T00:50:57.1414987Z > Task :prepareSandbox UP-TO-DATE
2024-02-06T00:50:57.1416703Z > Task :compileTestKotlin UP-TO-DATE
2024-02-06T00:50:57.1417574Z > Task :classpathIndexCleanup
2024-02-06T00:50:57.1418381Z > Task :buildSearchableOptions UP-TO-DATE
2024-02-06T00:50:57.1419223Z > Task :jarSearchableOptions UP-TO-DATE
2024-02-06T00:50:57.1420196Z > Task :buildPlugin UP-TO-DATE
2024-02-06T00:50:57.1420829Z > Task :verifyPlugin
2024-02-06T00:50:59.1373807Z
2024-02-06T00:50:59.1375051Z > Task :runPluginVerifier
2024-02-06T00:50:59.1376705Z Starting the IntelliJ Plugin Verifier 1.307
2024-02-06T00:50:59.1379344Z 2024-02-06T00:50:57 [main] INFO  c.j.p.options.OptionsParser - Delete the verification directory /home/runner/work/ghactions-manager/ghactions-manager/build/reports/pluginVerifier because it isn't empty
2024-02-06T00:50:59.1382189Z Verification reports directory: /home/runner/work/ghactions-manager/ghactions-manager/build/reports/pluginVerifier
2024-02-06T00:50:59.1383848Z 2024-02-06T00:50:58 [main] INFO  verification - Reading IDE /home/runner/.cache/pluginVerifier/ides/IC-233.14015.23
2024-02-06T00:50:59.1385185Z 2024-02-06T00:50:58 [main] INFO  c.j.p.options.OptionsParser - Reading IDE from /home/runner/.cache/pluginVerifier/ides/IC-233.14015.23
2024-02-06T00:50:59.1387546Z 2024-02-06T00:50:58 [main] INFO  c.j.p.options.OptionsParser - Using Java runtime from /home/runner/.gradle/caches/modules-2/files-2.1/com.jetbrains/jbre/jbr_jcef-17.0.9-linux-x64-b1087.11/extracted/jbr_jcef-17.0.9-linux-x64-b1087.11
2024-02-06T00:51:05.9401805Z 2024-02-06T00:51:05 [main] INFO  verification - Reading plugin to check from /home/runner/work/ghactions-manager/ghactions-manager/build/distributions/github-actions-manager-1.15.3.zip
2024-02-06T00:51:07.2376681Z 2024-02-06T00:51:07 [main] INFO  verification - Task check-plugin parameters:
2024-02-06T00:51:07.2377791Z Scheduled verifications (1):
2024-02-06T00:51:07.2378919Z com.dsoftware.ghtoolbar:1.15.3 against IC-233.14015.23
2024-02-06T00:51:07.2379548Z
2024-02-06T00:51:09.2375882Z 2024-02-06T00:51:09 [main] INFO  verification - Finished 1 of 1 verifications (in 2.0 s): IC-233.14015.23 against com.dsoftware.ghtoolbar:1.15.3: Compatible. 142 usages of experimental API
2024-02-06T00:51:09.2378802Z Plugin com.dsoftware.ghtoolbar:1.15.3 against IC-233.14015.23: Compatible. 142 usages of experimental API
2024-02-06T00:51:09.2380125Z Experimental API usages (142):
2024-02-06T00:51:09.2382342Z     #Experimental API method com.intellij.collaboration.ui.codereview.list.search.ReviewListSearchPanelFactory.create(CoroutineScope) invocation
2024-02-06T00:51:09.2387070Z         Experimental API method com.intellij.collaboration.ui.codereview.list.search.ReviewListSearchPanelFactory.create(kotlinx.coroutines.CoroutineScope viewScope) : javax.swing.JComponent is invoked in com.dsoftware.ghmanager.ui.panels.filters.WfRunsFiltersFactory.createWfRunsFiltersPanel(CoroutineScope) : JComponent. This method can be changed in a future release leading to incompatibilities
2024-02-06T00:51:09.2391223Z     #Experimental API class com.intellij.collaboration.ui.SingleValueModel reference
2024-02-06T00:51:09.2394529Z         Experimental API class com.intellij.collaboration.ui.SingleValueModel is referenced in com.dsoftware.ghmanager.ui.panels.JobListComponent.Companion.createJobsListComponent(SingleValueModel, WorkflowRunSelectionContext, boolean) : Pair. This class can be changed in a future release leading to incompatibilities
2024-02-06T00:51:09.2400892Z         Experimental API class com.intellij.collaboration.ui.SingleValueModel is referenced in com.dsoftware.ghmanager.data.WorkflowRunSelectionContext.<init>(CheckedDisposable, Project, GithubAccount, SingleRunDataLoader, WorkflowRunListLoader, GHGitRepositoryMapping, GithubApiRequestExecutor, WorkflowRunListSelectionHolder, JobListSelectionHolder). This class can be changed in a future release leading to incompatibilities
2024-02-06T00:51:09.2406345Z         Experimental API class com.intellij.collaboration.ui.SingleValueModel is referenced in com.dsoftware.ghmanager.data.LogLoadingModelListener.setLogValue() : void. This class can be changed in a future release leading to incompatibilities
2024-02-06T00:51:09.2410355Z         Experimental API class com.intellij.collaboration.ui.SingleValueModel is referenced in com.dsoftware.ghmanager.data.JobsLoadingModelListener.setValue() : void. This class can be changed in a future release leading to incompatibilities
2024-02-06T00:51:09.2414487Z         Experimental API class com.intellij.collaboration.ui.SingleValueModel is referenced in com.dsoftware.ghmanager.data.WorkflowRunSelectionContext.logDataProviderLoadModel : SingleValueModel. This class can be changed in a future release leading to incompatibilities
2024-02-06T00:51:09.2418807Z         Experimental API class com.intellij.collaboration.ui.SingleValueModel is referenced in com.dsoftware.ghmanager.data.LogLoadingModelListener.logModel : SingleValueModel. This class can be changed in a future release leading to incompatibilities
2024-02-06T00:51:09.2422808Z         Experimental API class com.intellij.collaboration.ui.SingleValueModel is referenced in com.dsoftware.ghmanager.data.LogLoadingModelListener.getLogModel() : SingleValueModel. This class can be changed in a future release leading to incompatibilities
2024-02-06T00:51:09.2427095Z         Experimental API class com.intellij.collaboration.ui.SingleValueModel is referenced in com.dsoftware.ghmanager.data.WorkflowRunSelectionContext.getJobDataProviderLoadModel() : SingleValueModel. This class can be changed in a future release leading to incompatibilities
2024-02-06T00:51:09.2431612Z         Experimental API class com.intellij.collaboration.ui.SingleValueModel is referenced in com.dsoftware.ghmanager.data.JobsLoadingModelListener.<init>(Disposable, SingleValueModel, WorkflowRunListSelectionHolder). This class can be changed in a future release leading to incompatibilities
2024-02-06T00:51:09.2435952Z         Experimental API class com.intellij.collaboration.ui.SingleValueModel is referenced in com.dsoftware.ghmanager.data.JobsLoadingModelListener.jobsModel : SingleValueModel. This class can be changed in a future release leading to incompatibilities
2024-02-06T00:51:09.2440803Z         Experimental API class com.intellij.collaboration.ui.SingleValueModel is referenced in com.dsoftware.ghmanager.ui.panels.LogConsolePanelKt.createLogConsolePanel$2$1.invoke() : void. This class can be changed in a future release leading to incompatibilities
2024-02-06T00:51:09.2445449Z         Experimental API class com.intellij.collaboration.ui.SingleValueModel is referenced in com.dsoftware.ghmanager.ui.panels.LogConsolePanelKt.createLogConsolePanel(Project, LogLoadingModelListener, Disposable) : JBPanelWithEmptyText. This class can be changed in a future release leading to incompatibilities
2024-02-06T00:51:09.2450187Z         Experimental API class com.intellij.collaboration.ui.SingleValueModel is referenced in com.dsoftware.ghmanager.data.WorkflowRunSelectionContext.setNewLogProvider() : void. This class can be changed in a future release leading to incompatibilities
2024-02-06T00:51:09.2454533Z         Experimental API class com.intellij.collaboration.ui.SingleValueModel is referenced in com.dsoftware.ghmanager.data.LogLoadingModelListener.<init>(Disposable, SingleValueModel, JobListSelectionHolder). This class can be changed in a future release leading to incompatibilities
2024-02-06T00:51:09.2459069Z         Experimental API class com.intellij.collaboration.ui.SingleValueModel is referenced in com.dsoftware.ghmanager.data.JobsLoadingModelListener.getJobsModel() : SingleValueModel. This class can be changed in a future release leading to incompatibilities
2024-02-06T00:51:09.2463555Z         Experimental API class com.intellij.collaboration.ui.SingleValueModel is referenced in com.dsoftware.ghmanager.data.WorkflowRunSelectionContext.getLogDataProviderLoadModel() : SingleValueModel. This class can be changed in a future release leading to incompatibilities
2024-02-06T00:51:09.2467790Z         Experimental API class com.intellij.collaboration.ui.SingleValueModel is referenced in com.dsoftware.ghmanager.data.WorkflowRunSelectionContext$2.invoke(String) : void. This class can be changed in a future release leading to incompatibilities
2024-02-06T00:51:09.2471977Z         Experimental API class com.intellij.collaboration.ui.SingleValueModel is referenced in com.dsoftware.ghmanager.data.WorkflowRunSelectionContext.jobDataProviderLoadModel : SingleValueModel. This class can be changed in a future release leading to incompatibilities
2024-02-06T00:51:09.2476369Z         Experimental API class com.intellij.collaboration.ui.SingleValueModel is referenced in com.dsoftware.ghmanager.data.WorkflowRunSelectionContext.setNewJobsProvider() : void. This class can be changed in a future release leading to incompatibilities
2024-02-06T00:51:09.2479844Z     #Experimental API method com.intellij.collaboration.ui.codereview.list.search.ReviewListSearchHistoryModel.getLastFilter() is overridden
2024-02-06T00:51:09.2483479Z         Experimental API method com.intellij.collaboration.ui.codereview.list.search.ReviewListSearchHistoryModel.getLastFilter() : S is overridden in class com.dsoftware.ghmanager.ui.panels.filters.WfRunsSearchHistoryModel. This method can be changed in a future release leading to incompatibilities
2024-02-06T00:51:09.2486564Z     #Experimental API interface com.intellij.collaboration.ui.icon.IconsProvider reference
2024-02-06T00:51:09.2489749Z         Experimental API interface com.intellij.collaboration.ui.icon.IconsProvider is referenced in com.dsoftware.ghmanager.ui.panels.filters.WfRunsFiltersFactory.createFilters(CoroutineScope) : List. This interface can be changed in a future release leading to incompatibilities
2024-02-06T00:51:09.2492780Z     #Experimental API method com.intellij.collaboration.ui.SingleValueModel.getValue() invocation
2024-02-06T00:51:09.2495798Z         Experimental API method com.intellij.collaboration.ui.SingleValueModel.getValue() : T is invoked in com.dsoftware.ghmanager.data.WorkflowRunSelectionContext.setNewLogProvider() : void. This method can be changed in a future release leading to incompatibilities
2024-02-06T00:51:09.2500403Z         Experimental API method com.intellij.collaboration.ui.SingleValueModel.getValue() : T is invoked in com.dsoftware.ghmanager.ui.panels.LogConsolePanelKt.createLogConsolePanel$2$1.invoke() : void. This method can be changed in a future release leading to incompatibilities
2024-02-06T00:51:09.2505183Z         Experimental API method com.intellij.collaboration.ui.SingleValueModel.getValue() : T is invoked in com.dsoftware.ghmanager.data.WorkflowRunSelectionContext.setNewJobsProvider() : void. This method can be changed in a future release leading to incompatibilities
2024-02-06T00:51:09.2508720Z     #Experimental API method com.intellij.collaboration.ui.codereview.list.search.ReviewListSearchPanelViewModelBase.getSearchState() invocation
2024-02-06T00:51:09.2513650Z         Experimental API method com.intellij.collaboration.ui.codereview.list.search.ReviewListSearchPanelViewModelBase.getSearchState() : kotlinx.coroutines.flow.MutableStateFlow is invoked in com.dsoftware.ghmanager.ui.panels.WorkflowRunListLoaderPanel$1.invokeSuspend(Object) : Object. This method can be changed in a future release leading to incompatibilities
2024-02-06T00:51:09.2645273Z         Experimental API method com.intellij.collaboration.ui.codereview.list.search.ReviewListSearchPanelViewModelBase.getSearchState() : kotlinx.coroutines.flow.MutableStateFlow is invoked in com.dsoftware.ghmanager.ui.panels.filters.WfRunsSearchPanelViewModel.<init>(CoroutineScope, WorkflowRunSelectionContext). This method can be changed in a future release leading to incompatibilities
2024-02-06T00:51:09.2650366Z     #Experimental API interface com.intellij.collaboration.ui.codereview.list.search.ReviewListQuickFilter reference
2024-02-06T00:51:09.2654365Z         Experimental API interface com.intellij.collaboration.ui.codereview.list.search.ReviewListQuickFilter is referenced in com.dsoftware.ghmanager.ui.panels.filters.WfRunsSearchPanelViewModel.<init>(CoroutineScope, WorkflowRunSelectionContext). This interface can be changed in a future release leading to incompatibilities
2024-02-06T00:51:09.2681271Z         Experimental API interface com.intellij.collaboration.ui.codereview.list.search.ReviewListQuickFilter is referenced in com.dsoftware.ghmanager.ui.panels.filters.WfRunsFiltersFactory.getQuickFilterTitle(ReviewListQuickFilter) : String. This interface can be changed in a future release leading to incompatibilities
2024-02-06T00:51:09.2801401Z         Experimental API interface com.intellij.collaboration.ui.codereview.list.search.ReviewListQuickFilter is referenced in com.dsoftware.ghmanager.ui.panels.filters.WorkflowRunListQuickFilter. This interface can be changed in a future release leading to incompatibilities
2024-02-06T00:51:09.2804878Z     #Experimental API constructor com.intellij.collaboration.ui.icon.CachingIconsProvider.<init>(IconsProvider, Function1, int, DefaultConstructorMarker) invocation
2024-02-06T00:51:09.2809504Z         Experimental API constructor com.intellij.collaboration.ui.icon.CachingIconsProvider.<init>(com.intellij.collaboration.ui.icon.IconsProvider arg0, kotlin.jvm.functions.Function1 arg1, int arg2, kotlin.jvm.internal.DefaultConstructorMarker arg3) is invoked in com.dsoftware.ghmanager.ui.panels.filters.WfRunsFiltersFactory.createFilters(CoroutineScope) : List. This constructor can be changed in a future release leading to incompatibilities
2024-02-06T00:51:09.2814619Z     #Experimental API class com.intellij.collaboration.ui.codereview.list.search.DropDownComponentFactory reference
2024-02-06T00:51:09.2818242Z         Experimental API class com.intellij.collaboration.ui.codereview.list.search.DropDownComponentFactory is referenced in com.dsoftware.ghmanager.ui.panels.filters.WfRunsFiltersFactory.createFilters(CoroutineScope) : List. This class can be changed in a future release leading to incompatibilities
2024-02-06T00:51:09.2821747Z     #Experimental API method com.intellij.collaboration.ui.SimpleEventListener.eventOccurred() invocation
2024-02-06T00:51:09.2825639Z         Experimental API method com.intellij.collaboration.ui.SimpleEventListener.eventOccurred() : void is invoked in com.dsoftware.ghmanager.data.WorkflowRunListLoader.special$.inlined.observable$2.afterChange(KProperty, Boolean, Boolean) : void. This method can be changed in a future release leading to incompatibilities
2024-02-06T00:51:09.2831562Z         Experimental API method com.intellij.collaboration.ui.SimpleEventListener.eventOccurred() : void is invoked in com.dsoftware.ghmanager.data.WorkflowRunListLoader.special$.inlined.observable$1.afterChange(KProperty, Throwable, Throwable) : void. This method can be changed in a future release leading to incompatibilities
2024-02-06T00:51:09.2837174Z         Experimental API method com.intellij.collaboration.ui.SimpleEventListener.eventOccurred() : void is invoked in com.dsoftware.ghmanager.data.ListSelectionHolder.special$.inlined.observable$1.afterChange(KProperty, T, T) : void. This method can be changed in a future release leading to incompatibilities
2024-02-06T00:51:09.2841093Z     #Experimental API class com.intellij.collaboration.ui.codereview.list.search.ChooserPopupUtil.PopupItemPresentation.Simple reference
2024-02-06T00:51:09.2845877Z         Experimental API class com.intellij.collaboration.ui.codereview.list.search.ChooserPopupUtil.PopupItemPresentation.Simple is referenced in com.dsoftware.ghmanager.ui.panels.filters.WfRunsFiltersFactory.createFilters$9.invoke(WfRunsListSearchValue.Status) : ChooserPopupUtil.PopupItemPresentation. This class can be changed in a future release leading to incompatibilities
2024-02-06T00:51:09.2853081Z         Experimental API class com.intellij.collaboration.ui.codereview.list.search.ChooserPopupUtil.PopupItemPresentation.Simple is referenced in com.dsoftware.ghmanager.ui.panels.filters.WfRunsFiltersFactory.createFilters$14.invoke(WfRunsListSearchValue.Event) : ChooserPopupUtil.PopupItemPresentation. This class can be changed in a future release leading to incompatibilities
2024-02-06T00:51:09.2859701Z         Experimental API class com.intellij.collaboration.ui.codereview.list.search.ChooserPopupUtil.PopupItemPresentation.Simple is referenced in com.dsoftware.ghmanager.ui.panels.filters.WfRunsFiltersFactory.createFilters$3.invoke(WorkflowType) : ChooserPopupUtil.PopupItemPresentation. This class can be changed in a future release leading to incompatibilities
2024-02-06T00:51:09.2866235Z         Experimental API class com.intellij.collaboration.ui.codereview.list.search.ChooserPopupUtil.PopupItemPresentation.Simple is referenced in com.dsoftware.ghmanager.ui.panels.filters.WfRunsFiltersFactory.createFilters$6.invoke(GHUser) : ChooserPopupUtil.PopupItemPresentation. This class can be changed in a future release leading to incompatibilities
2024-02-06T00:51:09.2872499Z         Experimental API class com.intellij.collaboration.ui.codereview.list.search.ChooserPopupUtil.PopupItemPresentation.Simple is referenced in com.dsoftware.ghmanager.ui.panels.filters.WfRunsFiltersFactory.createFilters$11.invoke(String) : ChooserPopupUtil.PopupItemPresentation. This class can be changed in a future release leading to incompatibilities
2024-02-06T00:51:09.3075503Z     #Experimental API constructor com.intellij.collaboration.ui.codereview.list.search.ChooserPopupUtil.PopupItemPresentation.Simple.<init>(String, Icon, String, int, DefaultConstructorMarker) invocation
2024-02-06T00:51:09.3082286Z         Experimental API constructor com.intellij.collaboration.ui.codereview.list.search.ChooserPopupUtil.PopupItemPresentation.Simple.<init>(java.lang.String arg0, javax.swing.Icon arg1, java.lang.String arg2, int arg3, kotlin.jvm.internal.DefaultConstructorMarker arg4) is invoked in com.dsoftware.ghmanager.ui.panels.filters.WfRunsFiltersFactory.createFilters$3.invoke(WorkflowType) : ChooserPopupUtil.PopupItemPresentation. This constructor can be changed in a future release leading to incompatibilities
2024-02-06T00:51:09.3090899Z         Experimental API constructor com.intellij.collaboration.ui.codereview.list.search.ChooserPopupUtil.PopupItemPresentation.Simple.<init>(java.lang.String arg0, javax.swing.Icon arg1, java.lang.String arg2, int arg3, kotlin.jvm.internal.DefaultConstructorMarker arg4) is invoked in com.dsoftware.ghmanager.ui.panels.filters.WfRunsFiltersFactory.createFilters$11.invoke(String) : ChooserPopupUtil.PopupItemPresentation. This constructor can be changed in a future release leading to incompatibilities
2024-02-06T00:51:09.3100316Z         Experimental API constructor com.intellij.collaboration.ui.codereview.list.search.ChooserPopupUtil.PopupItemPresentation.Simple.<init>(java.lang.String arg0, javax.swing.Icon arg1, java.lang.String arg2, int arg3, kotlin.jvm.internal.DefaultConstructorMarker arg4) is invoked in com.dsoftware.ghmanager.ui.panels.filters.WfRunsFiltersFactory.createFilters$9.invoke(WfRunsListSearchValue.Status) : ChooserPopupUtil.PopupItemPresentation. This constructor can be changed in a future release leading to incompatibilities
2024-02-06T00:51:09.3111093Z         Experimental API constructor com.intellij.collaboration.ui.codereview.list.search.ChooserPopupUtil.PopupItemPresentation.Simple.<init>(java.lang.String arg0, javax.swing.Icon arg1, java.lang.String arg2, int arg3, kotlin.jvm.internal.DefaultConstructorMarker arg4) is invoked in com.dsoftware.ghmanager.ui.panels.filters.WfRunsFiltersFactory.createFilters$14.invoke(WfRunsListSearchValue.Event) : ChooserPopupUtil.PopupItemPresentation. This constructor can be changed in a future release leading to incompatibilities
2024-02-06T00:51:09.3114641Z     #Experimental API interface com.intellij.collaboration.ui.codereview.list.search.ReviewListSearchValue reference
2024-02-06T00:51:09.3116771Z         Experimental API interface com.intellij.collaboration.ui.codereview.list.search.ReviewListSearchValue is referenced in com.dsoftware.ghmanager.ui.panels.filters.WfRunsListSearchValue. This interface can be changed in a future release leading to incompatibilities
2024-02-06T00:51:09.3119961Z         Experimental API interface com.intellij.collaboration.ui.codereview.list.search.ReviewListSearchValue is referenced in com.dsoftware.ghmanager.ui.panels.filters.WfRunsSearchPanelViewModel.withQuery(ReviewListSearchValue, String) : ReviewListSearchValue. This interface can be changed in a future release leading to incompatibilities
2024-02-06T00:51:09.3123125Z         Experimental API interface com.intellij.collaboration.ui.codereview.list.search.ReviewListSearchValue is referenced in com.dsoftware.ghmanager.ui.panels.filters.WfRunsFiltersFactory.getShortText(ReviewListSearchValue) : String. This interface can be changed in a future release leading to incompatibilities
2024-02-06T00:51:09.3126062Z         Experimental API interface com.intellij.collaboration.ui.codereview.list.search.ReviewListSearchValue is referenced in com.dsoftware.ghmanager.ui.panels.filters.WorkflowRunListQuickFilter.All.getFilter() : ReviewListSearchValue. This interface can be changed in a future release leading to incompatibilities
2024-02-06T00:51:09.3129057Z         Experimental API interface com.intellij.collaboration.ui.codereview.list.search.ReviewListSearchValue is referenced in com.dsoftware.ghmanager.ui.panels.filters.WorkflowRunListQuickFilter.InProgres.getFilter() : ReviewListSearchValue. This interface can be changed in a future release leading to incompatibilities
2024-02-06T00:51:09.3132142Z         Experimental API interface com.intellij.collaboration.ui.codereview.list.search.ReviewListSearchValue is referenced in com.dsoftware.ghmanager.ui.panels.filters.WfRunsSearchHistoryModel.getLastFilter() : ReviewListSearchValue. This interface can be changed in a future release leading to incompatibilities
2024-02-06T00:51:09.3135102Z         Experimental API interface com.intellij.collaboration.ui.codereview.list.search.ReviewListSearchValue is referenced in com.dsoftware.ghmanager.ui.panels.filters.WfRunsSearchPanelViewModel.<init>(CoroutineScope, WorkflowRunSelectionContext). This interface can be changed in a future release leading to incompatibilities
2024-02-06T00:51:09.3138196Z         Experimental API interface com.intellij.collaboration.ui.codereview.list.search.ReviewListSearchValue is referenced in com.dsoftware.ghmanager.ui.panels.filters.WfRunsSearchHistoryModel.setLastFilter(ReviewListSearchValue) : void. This interface can be changed in a future release leading to incompatibilities
2024-02-06T00:51:09.3140287Z     #Experimental API class com.intellij.collaboration.async.CompletableFutureUtil reference
2024-02-06T00:51:09.3142068Z         Experimental API class com.intellij.collaboration.async.CompletableFutureUtil is referenced in com.dsoftware.ghmanager.data.WorkflowRunListLoader.requestLoadMore$4.invoke(List) : CompletionStage. This class can be changed in a future release leading to incompatibilities
2024-02-06T00:51:09.3144771Z         Experimental API class com.intellij.collaboration.async.CompletableFutureUtil is referenced in com.dsoftware.ghmanager.data.WorkflowDataContextService.acquireContext$1$1.invoke(ProgressIndicator) : CompletableFuture. This class can be changed in a future release leading to incompatibilities
2024-02-06T00:51:09.3147287Z         Experimental API class com.intellij.collaboration.async.CompletableFutureUtil is referenced in com.dsoftware.ghmanager.data.WorkflowRunListLoader.loadMore(boolean) : void. This class can be changed in a future release leading to incompatibilities
2024-02-06T00:51:09.3149812Z         Experimental API class com.intellij.collaboration.async.CompletableFutureUtil is referenced in com.dsoftware.ghmanager.data.WorkflowRunListLoader.loadMore$1.invoke(List, Throwable) : void. This class can be changed in a future release leading to incompatibilities
2024-02-06T00:51:09.3152411Z         Experimental API class com.intellij.collaboration.async.CompletableFutureUtil is referenced in com.dsoftware.ghmanager.data.WorkflowRunListLoader.requestLoadMore(ProgressIndicator, boolean) : CompletableFuture. This class can be changed in a future release leading to incompatibilities
2024-02-06T00:51:09.3154341Z     #Experimental API interface com.intellij.collaboration.ui.icon.AsyncImageIconsProvider.AsyncImageLoader reference
2024-02-06T00:51:09.3156365Z         Experimental API interface com.intellij.collaboration.ui.icon.AsyncImageIconsProvider.AsyncImageLoader is referenced in com.dsoftware.ghmanager.ui.panels.filters.WfRunsFiltersFactory.AvatarLoader. This interface can be changed in a future release leading to incompatibilities
2024-02-06T00:51:09.3159386Z         Experimental API interface com.intellij.collaboration.ui.icon.AsyncImageIconsProvider.AsyncImageLoader is referenced in com.dsoftware.ghmanager.ui.panels.filters.WfRunsFiltersFactory.createFilters(CoroutineScope) : List. This interface can be changed in a future release leading to incompatibilities
2024-02-06T00:51:09.3161297Z     #Experimental API class com.intellij.collaboration.ui.SimpleEventListener.Companion reference
2024-02-06T00:51:09.3163188Z         Experimental API class com.intellij.collaboration.ui.SimpleEventListener.Companion is referenced in com.dsoftware.ghmanager.data.WorkflowRunListLoader.addErrorChangeListener(Disposable, Function0) : void. This class can be changed in a future release leading to incompatibilities
2024-02-06T00:51:09.3165878Z         Experimental API class com.intellij.collaboration.ui.SimpleEventListener.Companion is referenced in com.dsoftware.ghmanager.data.WorkflowRunListLoader.addLoadingStateChangeListener(Disposable, Function0) : void. This class can be changed in a future release leading to incompatibilities
2024-02-06T00:51:09.3168668Z         Experimental API class com.intellij.collaboration.ui.SimpleEventListener.Companion is referenced in com.dsoftware.ghmanager.data.ListSelectionHolder.addSelectionChangeListener(Disposable, Function0) : void. This class can be changed in a future release leading to incompatibilities
2024-02-06T00:51:09.3170689Z     #Experimental API class com.intellij.collaboration.ui.codereview.list.search.PersistingReviewListSearchHistoryModel reference
2024-02-06T00:51:09.3172907Z         Experimental API class com.intellij.collaboration.ui.codereview.list.search.PersistingReviewListSearchHistoryModel is referenced in com.dsoftware.ghmanager.ui.panels.filters.WfRunsSearchHistoryModel.<init>(WfRunsListPersistentSearchHistory). This class can be changed in a future release leading to incompatibilities
2024-02-06T00:51:09.3176091Z         Experimental API class com.intellij.collaboration.ui.codereview.list.search.PersistingReviewListSearchHistoryModel is referenced in com.dsoftware.ghmanager.ui.panels.filters.WfRunsSearchHistoryModel. This class can be changed in a future release leading to incompatibilities
2024-02-06T00:51:09.3177928Z     #Experimental API interface com.intellij.collaboration.ui.SimpleEventListener reference
2024-02-06T00:51:09.3179677Z         Experimental API interface com.intellij.collaboration.ui.SimpleEventListener is referenced in com.dsoftware.ghmanager.data.WorkflowRunListLoader.addErrorChangeListener(Disposable, Function0) : void. This interface can be changed in a future release leading to incompatibilities
2024-02-06T00:51:09.3182371Z         Experimental API interface com.intellij.collaboration.ui.SimpleEventListener is referenced in com.dsoftware.ghmanager.data.ListSelectionHolder.special$.inlined.observable$1.afterChange(KProperty, T, T) : void. This interface can be changed in a future release leading to incompatibilities
2024-02-06T00:51:09.3185402Z         Experimental API interface com.intellij.collaboration.ui.SimpleEventListener is referenced in com.dsoftware.ghmanager.data.WorkflowRunListLoader.<init>(CheckedDisposable, GithubApiRequestExecutor, RepositoryCoordinates, GhActionsSettingsService, WorkflowRunFilter). This interface can be changed in a future release leading to incompatibilities
2024-02-06T00:51:09.3188497Z         Experimental API interface com.intellij.collaboration.ui.SimpleEventListener is referenced in com.dsoftware.ghmanager.data.WorkflowRunListLoader.addLoadingStateChangeListener(Disposable, Function0) : void. This interface can be changed in a future release leading to incompatibilities
2024-02-06T00:51:09.3191202Z         Experimental API interface com.intellij.collaboration.ui.SimpleEventListener is referenced in com.dsoftware.ghmanager.data.WorkflowRunListLoader.special$.inlined.observable$1.afterChange(KProperty, Throwable, Throwable) : void. This interface can be changed in a future release leading to incompatibilities
2024-02-06T00:51:09.3193903Z         Experimental API interface com.intellij.collaboration.ui.SimpleEventListener is referenced in com.dsoftware.ghmanager.data.ListSelectionHolder.addSelectionChangeListener(Disposable, Function0) : void. This interface can be changed in a future release leading to incompatibilities
2024-02-06T00:51:09.3196401Z         Experimental API interface com.intellij.collaboration.ui.SimpleEventListener is referenced in com.dsoftware.ghmanager.data.ListSelectionHolder.<init>(). This interface can be changed in a future release leading to incompatibilities
2024-02-06T00:51:09.3199110Z         Experimental API interface com.intellij.collaboration.ui.SimpleEventListener is referenced in com.dsoftware.ghmanager.data.WorkflowRunListLoader.special$.inlined.observable$2.afterChange(KProperty, Boolean, Boolean) : void. This interface can be changed in a future release leading to incompatibilities
2024-02-06T00:51:09.3201297Z     #Experimental API method com.intellij.collaboration.ui.icon.AsyncImageIconsProvider.AsyncImageLoader.load(T, Continuation) is overridden
2024-02-06T00:51:09.3203688Z         Experimental API method com.intellij.collaboration.ui.icon.AsyncImageIconsProvider.AsyncImageLoader.load(T arg0, kotlin.coroutines.Continuation arg1) : java.lang.Object is overridden in class com.dsoftware.ghmanager.ui.panels.filters.WfRunsFiltersFactory.AvatarLoader. This method can be changed in a future release leading to incompatibilities
2024-02-06T00:51:09.3206183Z     #Experimental API method com.intellij.collaboration.ui.SimpleEventListener.Companion.addDisposableListener(EventDispatcher, Disposable, Function0) invocation
2024-02-06T00:51:09.3209253Z         Experimental API method com.intellij.collaboration.ui.SimpleEventListener.Companion.addDisposableListener(com.intellij.util.EventDispatcher dispatcher, com.intellij.openapi.Disposable disposable, kotlin.jvm.functions.Function0 listener) : void is invoked in com.dsoftware.ghmanager.data.WorkflowRunListLoader.addErrorChangeListener(Disposable, Function0) : void. This method can be changed in a future release leading to incompatibilities
2024-02-06T00:51:09.3213365Z         Experimental API method com.intellij.collaboration.ui.SimpleEventListener.Companion.addDisposableListener(com.intellij.util.EventDispatcher dispatcher, com.intellij.openapi.Disposable disposable, kotlin.jvm.functions.Function0 listener) : void is invoked in com.dsoftware.ghmanager.data.ListSelectionHolder.addSelectionChangeListener(Disposable, Function0) : void. This method can be changed in a future release leading to incompatibilities
2024-02-06T00:51:09.3217632Z         Experimental API method com.intellij.collaboration.ui.SimpleEventListener.Companion.addDisposableListener(com.intellij.util.EventDispatcher dispatcher, com.intellij.openapi.Disposable disposable, kotlin.jvm.functions.Function0 listener) : void is invoked in com.dsoftware.ghmanager.data.WorkflowRunListLoader.addLoadingStateChangeListener(Disposable, Function0) : void. This method can be changed in a future release leading to incompatibilities
2024-02-06T00:51:09.3220611Z     #Experimental API constructor com.intellij.collaboration.ui.SingleValueModel.<init>(T) invocation
2024-02-06T00:51:09.3222542Z         Experimental API constructor com.intellij.collaboration.ui.SingleValueModel.<init>(T initialValue) is invoked in com.dsoftware.ghmanager.data.JobsLoadingModelListener.<init>(Disposable, SingleValueModel, WorkflowRunListSelectionHolder). This constructor can be changed in a future release leading to incompatibilities
2024-02-06T00:51:09.3225426Z         Experimental API constructor com.intellij.collaboration.ui.SingleValueModel.<init>(T initialValue) is invoked in com.dsoftware.ghmanager.data.LogLoadingModelListener.<init>(Disposable, SingleValueModel, JobListSelectionHolder). This constructor can be changed in a future release leading to incompatibilities
2024-02-06T00:51:09.3228823Z         Experimental API constructor com.intellij.collaboration.ui.SingleValueModel.<init>(T initialValue) is invoked in com.dsoftware.ghmanager.data.WorkflowRunSelectionContext.<init>(CheckedDisposable, Project, GithubAccount, SingleRunDataLoader, WorkflowRunListLoader, GHGitRepositoryMapping, GithubApiRequestExecutor, WorkflowRunListSelectionHolder, JobListSelectionHolder). This constructor can be changed in a future release leading to incompatibilities
2024-02-06T00:51:09.3231451Z     #Experimental API class com.intellij.collaboration.ui.codereview.list.search.ReviewListSearchPanelViewModelBase reference
2024-02-06T00:51:09.3233544Z         Experimental API class com.intellij.collaboration.ui.codereview.list.search.ReviewListSearchPanelViewModelBase is referenced in com.dsoftware.ghmanager.ui.panels.filters.WfRunsSearchPanelViewModel. This class can be changed in a future release leading to incompatibilities
2024-02-06T00:51:09.3236438Z         Experimental API class com.intellij.collaboration.ui.codereview.list.search.ReviewListSearchPanelViewModelBase is referenced in com.dsoftware.ghmanager.ui.panels.filters.WfRunsSearchPanelViewModel.<init>(CoroutineScope, WorkflowRunSelectionContext). This class can be changed in a future release leading to incompatibilities
2024-02-06T00:51:09.3238995Z     #Experimental API class com.intellij.collaboration.ui.codereview.list.search.ReviewListSearchPanelFactory reference
2024-02-06T00:51:09.3241119Z         Experimental API class com.intellij.collaboration.ui.codereview.list.search.ReviewListSearchPanelFactory is referenced in com.dsoftware.ghmanager.ui.panels.filters.WfRunsFiltersFactory.<init>(WfRunsSearchPanelViewModel). This class can be changed in a future release leading to incompatibilities
2024-02-06T00:51:09.3243815Z         Experimental API class com.intellij.collaboration.ui.codereview.list.search.ReviewListSearchPanelFactory is referenced in com.dsoftware.ghmanager.ui.panels.filters.WfRunsFiltersFactory. This class can be changed in a future release leading to incompatibilities
2024-02-06T00:51:09.3245688Z     #Experimental API method com.intellij.collaboration.ui.SingleValueModel.setValue(T) invocation
2024-02-06T00:51:09.3247556Z         Experimental API method com.intellij.collaboration.ui.SingleValueModel.setValue(T value) : void is invoked in com.dsoftware.ghmanager.data.JobsLoadingModelListener.setValue() : void. This method can be changed in a future release leading to incompatibilities
2024-02-06T00:51:09.3250120Z         Experimental API method com.intellij.collaboration.ui.SingleValueModel.setValue(T value) : void is invoked in com.dsoftware.ghmanager.data.WorkflowRunSelectionContext.setNewJobsProvider() : void. This method can be changed in a future release leading to incompatibilities
2024-02-06T00:51:09.3252601Z         Experimental API method com.intellij.collaboration.ui.SingleValueModel.setValue(T value) : void is invoked in com.dsoftware.ghmanager.data.WorkflowRunSelectionContext$2.invoke(String) : void. This method can be changed in a future release leading to incompatibilities
2024-02-06T00:51:09.3255226Z         Experimental API method com.intellij.collaboration.ui.SingleValueModel.setValue(T value) : void is invoked in com.dsoftware.ghmanager.data.WorkflowRunSelectionContext.setNewLogProvider() : void. This method can be changed in a future release leading to incompatibilities
2024-02-06T00:51:09.3257754Z         Experimental API method com.intellij.collaboration.ui.SingleValueModel.setValue(T value) : void is invoked in com.dsoftware.ghmanager.data.LogLoadingModelListener.setLogValue() : void. This method can be changed in a future release leading to incompatibilities
2024-02-06T00:51:09.3259531Z     #Experimental API method com.intellij.collaboration.ui.SingleValueModel.addAndInvokeListener(Function1) invocation
2024-02-06T00:51:09.3261957Z         Experimental API method com.intellij.collaboration.ui.SingleValueModel.addAndInvokeListener(kotlin.jvm.functions.Function1 listener) : void is invoked in com.dsoftware.ghmanager.ui.panels.JobListComponent.Companion.createJobsListComponent(SingleValueModel, WorkflowRunSelectionContext, boolean) : Pair. This method can be changed in a future release leading to incompatibilities
2024-02-06T00:51:09.3265352Z         Experimental API method com.intellij.collaboration.ui.SingleValueModel.addAndInvokeListener(kotlin.jvm.functions.Function1 listener) : void is invoked in com.dsoftware.ghmanager.data.LogLoadingModelListener.<init>(Disposable, SingleValueModel, JobListSelectionHolder). This method can be changed in a future release leading to incompatibilities
2024-02-06T00:51:09.3268660Z         Experimental API method com.intellij.collaboration.ui.SingleValueModel.addAndInvokeListener(kotlin.jvm.functions.Function1 listener) : void is invoked in com.dsoftware.ghmanager.ui.panels.LogConsolePanelKt.createLogConsolePanel(Project, LogLoadingModelListener, Disposable) : JBPanelWithEmptyText. This method can be changed in a future release leading to incompatibilities
2024-02-06T00:51:09.3272119Z         Experimental API method com.intellij.collaboration.ui.SingleValueModel.addAndInvokeListener(kotlin.jvm.functions.Function1 listener) : void is invoked in com.dsoftware.ghmanager.data.JobsLoadingModelListener.<init>(Disposable, SingleValueModel, WorkflowRunListSelectionHolder). This method can be changed in a future release leading to incompatibilities
2024-02-06T00:51:09.3274461Z     #Experimental API interface com.intellij.collaboration.ui.codereview.list.search.ChooserPopupUtil.PopupItemPresentation reference
2024-02-06T00:51:09.3277077Z         Experimental API interface com.intellij.collaboration.ui.codereview.list.search.ChooserPopupUtil.PopupItemPresentation is referenced in com.dsoftware.ghmanager.ui.panels.filters.WfRunsFiltersFactory.createFilters$6.invoke(GHUser) : ChooserPopupUtil.PopupItemPresentation. This interface can be changed in a future release leading to incompatibilities
2024-02-06T00:51:09.3280993Z         Experimental API interface com.intellij.collaboration.ui.codereview.list.search.ChooserPopupUtil.PopupItemPresentation is referenced in com.dsoftware.ghmanager.ui.panels.filters.WfRunsFiltersFactory.createFilters$11.invoke(String) : ChooserPopupUtil.PopupItemPresentation. This interface can be changed in a future release leading to incompatibilities
2024-02-06T00:51:09.3284440Z         Experimental API interface com.intellij.collaboration.ui.codereview.list.search.ChooserPopupUtil.PopupItemPresentation is referenced in com.dsoftware.ghmanager.ui.panels.filters.WfRunsFiltersFactory.createFilters$3.invoke(WorkflowType) : ChooserPopupUtil.PopupItemPresentation. This interface can be changed in a future release leading to incompatibilities
2024-02-06T00:51:09.3288028Z         Experimental API interface com.intellij.collaboration.ui.codereview.list.search.ChooserPopupUtil.PopupItemPresentation is referenced in com.dsoftware.ghmanager.ui.panels.filters.WfRunsFiltersFactory.createFilters$9.invoke(WfRunsListSearchValue.Status) : ChooserPopupUtil.PopupItemPresentation. This interface can be changed in a future release leading to incompatibilities
2024-02-06T00:51:09.3291778Z         Experimental API interface com.intellij.collaboration.ui.codereview.list.search.ChooserPopupUtil.PopupItemPresentation is referenced in com.dsoftware.ghmanager.ui.panels.filters.WfRunsFiltersFactory.createFilters$14.invoke(WfRunsListSearchValue.Event) : ChooserPopupUtil.PopupItemPresentation. This interface can be changed in a future release leading to incompatibilities
2024-02-06T00:51:09.3294073Z     #Experimental API field com.intellij.collaboration.ui.SimpleEventListener.Companion access
2024-02-06T00:51:09.3296248Z         Experimental API field com.intellij.collaboration.ui.SimpleEventListener.Companion : com.intellij.collaboration.ui.SimpleEventListener.Companion is accessed in com.dsoftware.ghmanager.data.WorkflowRunListLoader.addErrorChangeListener(Disposable, Function0) : void. This field can be changed in a future release leading to incompatibilities
2024-02-06T00:51:09.3299470Z         Experimental API field com.intellij.collaboration.ui.SimpleEventListener.Companion : com.intellij.collaboration.ui.SimpleEventListener.Companion is accessed in com.dsoftware.ghmanager.data.WorkflowRunListLoader.addLoadingStateChangeListener(Disposable, Function0) : void. This field can be changed in a future release leading to incompatibilities
2024-02-06T00:51:09.3302806Z         Experimental API field com.intellij.collaboration.ui.SimpleEventListener.Companion : com.intellij.collaboration.ui.SimpleEventListener.Companion is accessed in com.dsoftware.ghmanager.data.ListSelectionHolder.addSelectionChangeListener(Disposable, Function0) : void. This field can be changed in a future release leading to incompatibilities
2024-02-06T00:51:09.3305331Z     #Experimental API method com.intellij.collaboration.async.CompletableFutureUtil.successOnEdt$default(CompletableFutureUtil, CompletableFuture, ModalityState, Function1, int, Object) invocation
2024-02-06T00:51:09.3308904Z         Experimental API method com.intellij.collaboration.async.CompletableFutureUtil.successOnEdt$default(com.intellij.collaboration.async.CompletableFutureUtil arg0, java.util.concurrent.CompletableFuture arg1, com.intellij.openapi.application.ModalityState arg2, kotlin.jvm.functions.Function1 arg3, int arg4, java.lang.Object arg5) : java.util.concurrent.CompletableFuture is invoked in com.dsoftware.ghmanager.data.WorkflowDataContextService.acquireContext$1$1.invoke(ProgressIndicator) : CompletableFuture. This method can be changed in a future release leading to incompatibilities
2024-02-06T00:51:09.3312366Z     #Experimental API method com.intellij.collaboration.ui.codereview.list.search.ReviewListSearchHistoryModel.setLastFilter(S) is overridden
2024-02-06T00:51:09.3314698Z         Experimental API method com.intellij.collaboration.ui.codereview.list.search.ReviewListSearchHistoryModel.setLastFilter(S arg0) : void is overridden in class com.dsoftware.ghmanager.ui.panels.filters.WfRunsSearchHistoryModel. This method can be changed in a future release leading to incompatibilities
2024-02-06T00:51:09.3317672Z     #Experimental API method com.intellij.collaboration.ui.codereview.list.search.ReviewListSearchPanelViewModelBase.partialState(MutableStateFlow, Function1, Function2) invocation
2024-02-06T00:51:09.3321104Z         Experimental API method com.intellij.collaboration.ui.codereview.list.search.ReviewListSearchPanelViewModelBase.partialState(kotlinx.coroutines.flow.MutableStateFlow $this$partialState, kotlin.jvm.functions.Function1 getter, kotlin.jvm.functions.Function2 updater) : kotlinx.coroutines.flow.MutableStateFlow is invoked in com.dsoftware.ghmanager.ui.panels.filters.WfRunsSearchPanelViewModel.<init>(CoroutineScope, WorkflowRunSelectionContext). This method can be changed in a future release leading to incompatibilities
2024-02-06T00:51:09.3324283Z     #Experimental API constructor com.intellij.collaboration.ui.codereview.list.search.DropDownComponentFactory.<init>(MutableStateFlow) invocation
2024-02-06T00:51:09.3326782Z         Experimental API constructor com.intellij.collaboration.ui.codereview.list.search.DropDownComponentFactory.<init>(kotlinx.coroutines.flow.MutableStateFlow state) is invoked in com.dsoftware.ghmanager.ui.panels.filters.WfRunsFiltersFactory.createFilters(CoroutineScope) : List. This constructor can be changed in a future release leading to incompatibilities
2024-02-06T00:51:09.3329411Z     #Experimental API method com.intellij.collaboration.async.CompletableFutureUtil.submitIOTask(ProgressManager, ProgressIndicator, Function1) invocation
2024-02-06T00:51:09.3332507Z         Experimental API method com.intellij.collaboration.async.CompletableFutureUtil.submitIOTask(com.intellij.openapi.progress.ProgressManager $this$submitIOTask, com.intellij.openapi.progress.ProgressIndicator progressIndicator, kotlin.jvm.functions.Function1 task) : java.util.concurrent.CompletableFuture is invoked in com.dsoftware.ghmanager.data.WorkflowRunListLoader.requestLoadMore(ProgressIndicator, boolean) : CompletableFuture. This method can be changed in a future release leading to incompatibilities
2024-02-06T00:51:09.3337195Z         Experimental API method com.intellij.collaboration.async.CompletableFutureUtil.submitIOTask(com.intellij.openapi.progress.ProgressManager $this$submitIOTask, com.intellij.openapi.progress.ProgressIndicator progressIndicator, kotlin.jvm.functions.Function1 task) : java.util.concurrent.CompletableFuture is invoked in com.dsoftware.ghmanager.data.WorkflowRunListLoader.requestLoadMore$4.invoke(List) : CompletionStage. This method can be changed in a future release leading to incompatibilities
2024-02-06T00:51:09.3377988Z         Experimental API method com.intellij.collaboration.async.CompletableFutureUtil.submitIOTask(com.intellij.openapi.progress.ProgressManager $this$submitIOTask, com.intellij.openapi.progress.ProgressIndicator progressIndicator, kotlin.jvm.functions.Function1 task) : java.util.concurrent.CompletableFuture is invoked in com.dsoftware.ghmanager.data.WorkflowDataContextService.acquireContext$1$1.invoke(ProgressIndicator) : CompletableFuture. This method can be changed in a future release leading to incompatibilities
2024-02-06T00:51:09.3383824Z     #Experimental API method com.intellij.collaboration.ui.codereview.list.search.ReviewListQuickFilter.getFilter() is overridden
2024-02-06T00:51:09.3387707Z         Experimental API method com.intellij.collaboration.ui.codereview.list.search.ReviewListQuickFilter.getFilter() : S is overridden in class com.dsoftware.ghmanager.ui.panels.filters.WorkflowRunListQuickFilter.InProgres. This method can be changed in a future release leading to incompatibilities
2024-02-06T00:51:09.3392922Z         Experimental API method com.intellij.collaboration.ui.codereview.list.search.ReviewListQuickFilter.getFilter() : S is overridden in class com.dsoftware.ghmanager.ui.panels.filters.WorkflowRunListQuickFilter.All. This method can be changed in a future release leading to incompatibilities
2024-02-06T00:51:09.3396551Z     #Experimental API field com.intellij.collaboration.async.CompletableFutureUtil.INSTANCE access
2024-02-06T00:51:09.3400655Z         Experimental API field com.intellij.collaboration.async.CompletableFutureUtil.INSTANCE : com.intellij.collaboration.async.CompletableFutureUtil is accessed in com.dsoftware.ghmanager.data.WorkflowRunListLoader.loadMore(boolean) : void. This field can be changed in a future release leading to incompatibilities
2024-02-06T00:51:09.3406668Z         Experimental API field com.intellij.collaboration.async.CompletableFutureUtil.INSTANCE : com.intellij.collaboration.async.CompletableFutureUtil is accessed in com.dsoftware.ghmanager.data.WorkflowDataContextService.acquireContext$1$1.invoke(ProgressIndicator) : CompletableFuture. This field can be changed in a future release leading to incompatibilities
2024-02-06T00:51:09.3412906Z         Experimental API field com.intellij.collaboration.async.CompletableFutureUtil.INSTANCE : com.intellij.collaboration.async.CompletableFutureUtil is accessed in com.dsoftware.ghmanager.data.WorkflowRunListLoader.requestLoadMore(ProgressIndicator, boolean) : CompletableFuture. This field can be changed in a future release leading to incompatibilities
2024-02-06T00:51:09.3419448Z         Experimental API field com.intellij.collaboration.async.CompletableFutureUtil.INSTANCE : com.intellij.collaboration.async.CompletableFutureUtil is accessed in com.dsoftware.ghmanager.data.WorkflowRunListLoader.requestLoadMore$4.invoke(List) : CompletionStage. This field can be changed in a future release leading to incompatibilities
2024-02-06T00:51:09.3425205Z         Experimental API field com.intellij.collaboration.async.CompletableFutureUtil.INSTANCE : com.intellij.collaboration.async.CompletableFutureUtil is accessed in com.dsoftware.ghmanager.data.WorkflowRunListLoader.loadMore$1.invoke(List, Throwable) : void. This field can be changed in a future release leading to incompatibilities
2024-02-06T00:51:09.3428868Z     #Experimental API class com.intellij.collaboration.ui.icon.AsyncImageIconsProvider reference
2024-02-06T00:51:09.3432362Z         Experimental API class com.intellij.collaboration.ui.icon.AsyncImageIconsProvider is referenced in com.dsoftware.ghmanager.ui.panels.filters.WfRunsFiltersFactory.createFilters(CoroutineScope) : List. This class can be changed in a future release leading to incompatibilities
2024-02-06T00:51:09.3436074Z     #Experimental API method com.intellij.collaboration.ui.icon.AsyncImageIconsProvider.AsyncImageLoader.postProcess(Image, Continuation) is overridden
2024-02-06T00:51:09.3441109Z         Experimental API method com.intellij.collaboration.ui.icon.AsyncImageIconsProvider.AsyncImageLoader.postProcess(java.awt.Image image, kotlin.coroutines.Continuation $completion) : java.lang.Object is overridden in class com.dsoftware.ghmanager.ui.panels.filters.WfRunsFiltersFactory.AvatarLoader. This method can be changed in a future release leading to incompatibilities
2024-02-06T00:51:09.3445807Z     #Experimental API method com.intellij.collaboration.ui.codereview.list.search.ReviewListSearchPanelFactory.getQuickFilterTitle(Q) is overridden
2024-02-06T00:51:09.3450092Z         Experimental API method com.intellij.collaboration.ui.codereview.list.search.ReviewListSearchPanelFactory.getQuickFilterTitle(Q arg0) : java.lang.String is overridden in class com.dsoftware.ghmanager.ui.panels.filters.WfRunsFiltersFactory. This method can be changed in a future release leading to incompatibilities
2024-02-06T00:51:09.3454613Z     #Experimental API method com.intellij.collaboration.ui.codereview.list.search.PersistingReviewListSearchHistoryModel.getPersistentHistory() is overridden
2024-02-06T00:51:09.3458243Z         Experimental API method com.intellij.collaboration.ui.codereview.list.search.PersistingReviewListSearchHistoryModel.getPersistentHistory() : java.util.List is overridden in class com.dsoftware.ghmanager.ui.panels.filters.WfRunsSearchHistoryModel. This method can be changed in a future release leading to incompatibilities
2024-02-06T00:51:09.3460806Z     #Experimental API method com.intellij.collaboration.ui.icon.AsyncImageIconsProvider.AsyncImageLoader.createBaseIcon(T, int) is overridden
2024-02-06T00:51:09.3463376Z         Experimental API method com.intellij.collaboration.ui.icon.AsyncImageIconsProvider.AsyncImageLoader.createBaseIcon(T key, int iconSize) : javax.swing.Icon is overridden in class com.dsoftware.ghmanager.ui.panels.filters.WfRunsFiltersFactory.AvatarLoader. This method can be changed in a future release leading to incompatibilities
2024-02-06T00:51:09.3465916Z     #Experimental API method com.intellij.collaboration.async.CompletableFutureUtil.handleOnEdt$default(CompletableFutureUtil, CompletableFuture, ModalityState, Function2, int, Object) invocation
2024-02-06T00:51:09.3469377Z         Experimental API method com.intellij.collaboration.async.CompletableFutureUtil.handleOnEdt$default(com.intellij.collaboration.async.CompletableFutureUtil arg0, java.util.concurrent.CompletableFuture arg1, com.intellij.openapi.application.ModalityState arg2, kotlin.jvm.functions.Function2 arg3, int arg4, java.lang.Object arg5) : java.util.concurrent.CompletableFuture is invoked in com.dsoftware.ghmanager.data.WorkflowRunListLoader.loadMore(boolean) : void. This method can be changed in a future release leading to incompatibilities
2024-02-06T00:51:09.3472662Z     #Experimental API interface com.intellij.collaboration.ui.codereview.list.search.ReviewListSearchPanelViewModel reference
2024-02-06T00:51:09.3474797Z         Experimental API interface com.intellij.collaboration.ui.codereview.list.search.ReviewListSearchPanelViewModel is referenced in com.dsoftware.ghmanager.ui.panels.filters.WfRunsFiltersFactory.<init>(WfRunsSearchPanelViewModel). This interface can be changed in a future release leading to incompatibilities
2024-02-06T00:51:09.3477534Z     #Experimental API constructor com.intellij.collaboration.ui.codereview.list.search.ChooserPopupUtil.PopupItemPresentation.Simple.<init>(String, Icon, String) invocation
2024-02-06T00:51:09.3480575Z         Experimental API constructor com.intellij.collaboration.ui.codereview.list.search.ChooserPopupUtil.PopupItemPresentation.Simple.<init>(java.lang.String shortText, javax.swing.Icon icon, java.lang.String fullText) is invoked in com.dsoftware.ghmanager.ui.panels.filters.WfRunsFiltersFactory.createFilters$6.invoke(GHUser) : ChooserPopupUtil.PopupItemPresentation. This constructor can be changed in a future release leading to incompatibilities
2024-02-06T00:51:09.3483303Z     #Experimental API method com.intellij.collaboration.ui.icon.CachingIconsProvider.getIcon(T, int) invocation
2024-02-06T00:51:09.3485520Z         Experimental API method com.intellij.collaboration.ui.icon.CachingIconsProvider.getIcon(T key, int iconSize) : javax.swing.Icon is invoked in com.dsoftware.ghmanager.ui.panels.filters.WfRunsFiltersFactory.createFilters$6.invoke(GHUser) : ChooserPopupUtil.PopupItemPresentation. This method can be changed in a future release leading to incompatibilities
2024-02-06T00:51:09.3488037Z     #Experimental API method com.intellij.collaboration.ui.codereview.list.search.PersistingReviewListSearchHistoryModel.setPersistentHistory(List) is overridden
2024-02-06T00:51:09.3490619Z         Experimental API method com.intellij.collaboration.ui.codereview.list.search.PersistingReviewListSearchHistoryModel.setPersistentHistory(java.util.List arg0) : void is overridden in class com.dsoftware.ghmanager.ui.panels.filters.WfRunsSearchHistoryModel. This method can be changed in a future release leading to incompatibilities
2024-02-06T00:51:09.3492726Z     #Experimental API class com.intellij.collaboration.ui.icon.CachingIconsProvider reference
2024-02-06T00:51:09.3494720Z         Experimental API class com.intellij.collaboration.ui.icon.CachingIconsProvider is referenced in com.dsoftware.ghmanager.ui.panels.filters.WfRunsFiltersFactory.createFilters$6.invoke(GHUser) : ChooserPopupUtil.PopupItemPresentation. This class can be changed in a future release leading to incompatibilities
2024-02-06T00:51:09.3497633Z         Experimental API class com.intellij.collaboration.ui.icon.CachingIconsProvider is referenced in com.dsoftware.ghmanager.ui.panels.filters.WfRunsFiltersFactory.createFilters$6.<init>(CachingIconsProvider). This class can be changed in a future release leading to incompatibilities
2024-02-06T00:51:09.3500249Z         Experimental API class com.intellij.collaboration.ui.icon.CachingIconsProvider is referenced in com.dsoftware.ghmanager.ui.panels.filters.WfRunsFiltersFactory.createFilters(CoroutineScope) : List. This class can be changed in a future release leading to incompatibilities
2024-02-06T00:51:09.3502999Z         Experimental API class com.intellij.collaboration.ui.icon.CachingIconsProvider is referenced in com.dsoftware.ghmanager.ui.panels.filters.WfRunsFiltersFactory.createFilters$6.$avatarIconsProvider : CachingIconsProvider. This class can be changed in a future release leading to incompatibilities
2024-02-06T00:51:09.3505016Z     #Experimental API method com.intellij.collaboration.async.CompletableFutureUtil.isCancellation(Throwable) invocation
2024-02-06T00:51:09.3507071Z         Experimental API method com.intellij.collaboration.async.CompletableFutureUtil.isCancellation(java.lang.Throwable error) : boolean is invoked in com.dsoftware.ghmanager.data.WorkflowRunListLoader.loadMore$1.invoke(List, Throwable) : void. This method can be changed in a future release leading to incompatibilities
2024-02-06T00:51:09.3509408Z     #Experimental API method com.intellij.collaboration.ui.codereview.list.search.ReviewListSearchPanelFactory.getVm() invocation
2024-02-06T00:51:09.3511570Z         Experimental API method com.intellij.collaboration.ui.codereview.list.search.ReviewListSearchPanelFactory.getVm() : VM is invoked in com.dsoftware.ghmanager.ui.panels.filters.WfRunsFiltersFactory.createFilters(CoroutineScope) : List. This method can be changed in a future release leading to incompatibilities
2024-02-06T00:51:09.3514030Z     #Experimental API method com.intellij.collaboration.ui.codereview.list.search.DropDownComponentFactory.create(CoroutineScope, String, List, Function0, Function1, Function1) invocation
2024-02-06T00:51:09.3517664Z         Experimental API method com.intellij.collaboration.ui.codereview.list.search.DropDownComponentFactory.create(kotlinx.coroutines.CoroutineScope vmScope, java.lang.String filterName, java.util.List items, kotlin.jvm.functions.Function0 onSelect, kotlin.jvm.functions.Function1 valuePresenter, kotlin.jvm.functions.Function1 popupItemPresenter) : javax.swing.JComponent is invoked in com.dsoftware.ghmanager.ui.panels.filters.WfRunsFiltersFactory.createFilters(CoroutineScope) : List. This method can be changed in a future release leading to incompatibilities
2024-02-06T00:51:09.3521067Z     #Experimental API method com.intellij.collaboration.ui.codereview.list.search.ReviewListSearchPanelViewModelBase.withQuery(S, String) is overridden
2024-02-06T00:51:09.3523513Z         Experimental API method com.intellij.collaboration.ui.codereview.list.search.ReviewListSearchPanelViewModelBase.withQuery(S arg0, java.lang.String arg1) : S is overridden in class com.dsoftware.ghmanager.ui.panels.filters.WfRunsSearchPanelViewModel. This method can be changed in a future release leading to incompatibilities
2024-02-06T00:51:09.3525862Z     #Experimental API method com.intellij.collaboration.ui.codereview.list.search.ReviewListSearchPanelViewModel.getQuickFilters() is overridden
2024-02-06T00:51:09.3528242Z         Experimental API method com.intellij.collaboration.ui.codereview.list.search.ReviewListSearchPanelViewModel.getQuickFilters() : java.util.List is overridden in class com.dsoftware.ghmanager.ui.panels.filters.WfRunsSearchPanelViewModel. This method can be changed in a future release leading to incompatibilities
2024-02-06T00:51:09.3530511Z     #Experimental API method com.intellij.collaboration.ui.codereview.list.search.ReviewListSearchPanelFactory.getShortText(S) is overridden
2024-02-06T00:51:09.3532749Z         Experimental API method com.intellij.collaboration.ui.codereview.list.search.ReviewListSearchPanelFactory.getShortText(S arg0) : java.lang.String is overridden in class com.dsoftware.ghmanager.ui.panels.filters.WfRunsFiltersFactory. This method can be changed in a future release leading to incompatibilities
2024-02-06T00:51:09.3535382Z     #Experimental API constructor com.intellij.collaboration.ui.codereview.list.search.ReviewListSearchPanelViewModelBase.<init>(CoroutineScope, ReviewListSearchHistoryModel, S, Q) invocation
2024-02-06T00:51:09.3538800Z         Experimental API constructor com.intellij.collaboration.ui.codereview.list.search.ReviewListSearchPanelViewModelBase.<init>(kotlinx.coroutines.CoroutineScope scope, com.intellij.collaboration.ui.codereview.list.search.ReviewListSearchHistoryModel historyModel, S emptySearch, Q defaultQuickFilter) is invoked in com.dsoftware.ghmanager.ui.panels.filters.WfRunsSearchPanelViewModel.<init>(CoroutineScope, WorkflowRunSelectionContext). This constructor can be changed in a future release leading to incompatibilities
2024-02-06T00:51:09.3542228Z     #Experimental API constructor com.intellij.collaboration.ui.codereview.list.search.PersistingReviewListSearchHistoryModel.<init>(int, int, DefaultConstructorMarker) invocation
2024-02-06T00:51:09.3545196Z         Experimental API constructor com.intellij.collaboration.ui.codereview.list.search.PersistingReviewListSearchHistoryModel.<init>(int arg0, int arg1, kotlin.jvm.internal.DefaultConstructorMarker arg2) is invoked in com.dsoftware.ghmanager.ui.panels.filters.WfRunsSearchHistoryModel.<init>(WfRunsListPersistentSearchHistory). This constructor can be changed in a future release leading to incompatibilities
2024-02-06T00:51:09.3547888Z     #Experimental API method com.intellij.collaboration.ui.codereview.list.search.ReviewListSearchPanelFactory.createFilters(CoroutineScope) is overridden
2024-02-06T00:51:09.3550382Z         Experimental API method com.intellij.collaboration.ui.codereview.list.search.ReviewListSearchPanelFactory.createFilters(kotlinx.coroutines.CoroutineScope arg0) : java.util.List is overridden in class com.dsoftware.ghmanager.ui.panels.filters.WfRunsFiltersFactory. This method can be changed in a future release leading to incompatibilities
2024-02-06T00:51:09.3553137Z     #Experimental API method com.intellij.collaboration.ui.codereview.list.search.DropDownComponentFactory.create$default(DropDownComponentFactory, CoroutineScope, String, List, Function0, Function1, Function1, int, Object) invocation
2024-02-06T00:51:09.3557412Z         Experimental API method com.intellij.collaboration.ui.codereview.list.search.DropDownComponentFactory.create$default(com.intellij.collaboration.ui.codereview.list.search.DropDownComponentFactory arg0, kotlinx.coroutines.CoroutineScope arg1, java.lang.String arg2, java.util.List arg3, kotlin.jvm.functions.Function0 arg4, kotlin.jvm.functions.Function1 arg5, kotlin.jvm.functions.Function1 arg6, int arg7, java.lang.Object arg8) : javax.swing.JComponent is invoked in com.dsoftware.ghmanager.ui.panels.filters.WfRunsFiltersFactory.createFilters(CoroutineScope) : List. This method can be changed in a future release leading to incompatibilities
2024-02-06T00:51:09.3561155Z     #Experimental API interface com.intellij.collaboration.ui.codereview.list.search.ReviewListSearchHistoryModel reference
2024-02-06T00:51:09.3563365Z         Experimental API interface com.intellij.collaboration.ui.codereview.list.search.ReviewListSearchHistoryModel is referenced in com.dsoftware.ghmanager.ui.panels.filters.WfRunsSearchPanelViewModel.<init>(CoroutineScope, WorkflowRunSelectionContext). This interface can be changed in a future release leading to incompatibilities
2024-02-06T00:51:09.3565678Z     #Experimental API method com.intellij.collaboration.ui.codereview.list.search.ReviewListSearchValue.getSearchQuery() is overridden
2024-02-06T00:51:09.3567864Z         Experimental API method com.intellij.collaboration.ui.codereview.list.search.ReviewListSearchValue.getSearchQuery() : java.lang.String is overridden in class com.dsoftware.ghmanager.ui.panels.filters.WfRunsListSearchValue. This method can be changed in a future release leading to incompatibilities
2024-02-06T00:51:09.3570261Z     #Experimental API constructor com.intellij.collaboration.ui.icon.AsyncImageIconsProvider.<init>(CoroutineScope, AsyncImageIconsProvider.AsyncImageLoader) invocation
2024-02-06T00:51:09.3573131Z         Experimental API constructor com.intellij.collaboration.ui.icon.AsyncImageIconsProvider.<init>(kotlinx.coroutines.CoroutineScope scope, com.intellij.collaboration.ui.icon.AsyncImageIconsProvider.AsyncImageLoader loader) is invoked in com.dsoftware.ghmanager.ui.panels.filters.WfRunsFiltersFactory.createFilters(CoroutineScope) : List. This constructor can be changed in a future release leading to incompatibilities
2024-02-06T00:51:09.3575790Z     #Experimental API constructor com.intellij.collaboration.ui.codereview.list.search.ReviewListSearchPanelFactory.<init>(VM) invocation
2024-02-06T00:51:09.3578086Z         Experimental API constructor com.intellij.collaboration.ui.codereview.list.search.ReviewListSearchPanelFactory.<init>(VM vm) is invoked in com.dsoftware.ghmanager.ui.panels.filters.WfRunsFiltersFactory.<init>(WfRunsSearchPanelViewModel). This constructor can be changed in a future release leading to incompatibilities
2024-02-06T00:51:09.3580153Z     Plugin can probably be enabled or disabled without IDE restart
2024-02-06T00:51:09.3580537Z
2024-02-06T00:51:09.3581471Z 2024-02-06T00:51:09 [main] INFO  verification - Total time spent downloading plugins and their dependencies: 0 ms
2024-02-06T00:51:09.3582666Z 2024-02-06T00:51:09 [main] INFO  verification - Total amount of plugins and dependencies downloaded: 0 B
2024-02-06T00:51:09.3583743Z 2024-02-06T00:51:09 [main] INFO  verification - Total amount of space used for plugins and dependencies: 692.08 KB
2024-02-06T00:51:09.3585373Z 2024-02-06T00:51:09 [main] INFO  verification - Verification reports for com.dsoftware.ghtoolbar:1.15.3 saved to /home/runner/work/ghactions-manager/ghactions-manager/build/reports/pluginVerifier/IC-233.14015.23
2024-02-06T00:51:09.3586937Z 2024-02-06T00:51:09 [main] INFO  verification - Total time spent in plugin verification: 10 s 691 ms
2024-02-06T00:51:09.6663051Z
2024-02-06T00:51:09.6664347Z BUILD SUCCESSFUL in 14s
2024-02-06T00:51:09.6665393Z 19 actionable tasks: 7 executed, 12 up-to-date
2024-02-06T00:51:09.6666251Z Configuration cache entry stored.
2024-02-06T00:51:09.6821849Z ##[group]Run actions/upload-artifact@v4
2024-02-06T00:51:09.6822447Z with:
2024-02-06T00:51:09.6822844Z   name: pluginVerifier-result
2024-02-06T00:51:09.6823813Z   path: /home/runner/work/ghactions-manager/ghactions-manager/build/reports/pluginVerifier
2024-02-06T00:51:09.6824857Z   if-no-files-found: warn
2024-02-06T00:51:09.6825364Z   compression-level: 6
2024-02-06T00:51:09.6825811Z   overwrite: false
2024-02-06T00:51:09.6826188Z env:
2024-02-06T00:51:09.6826692Z   JAVA_HOME: /opt/hostedtoolcache/Java_Zulu_jdk/17.0.10-7/x64
2024-02-06T00:51:09.6827603Z   JAVA_HOME_17_X64: /opt/hostedtoolcache/Java_Zulu_jdk/17.0.10-7/x64
2024-02-06T00:51:09.6828354Z ##[endgroup]
2024-02-06T00:51:09.8908576Z With the provided path, there will be 5 files uploaded
2024-02-06T00:51:09.8914173Z Artifact name is valid!
2024-02-06T00:51:09.8915231Z Root directory input is valid!
2024-02-06T00:51:09.9693535Z Beginning upload of artifact content to blob storage
2024-02-06T00:51:10.0233761Z Uploaded bytes 10519
2024-02-06T00:51:10.0394706Z Finished uploading artifact content to blob storage!
2024-02-06T00:51:10.0400272Z SHA256 hash of uploaded artifact zip is c9d448811f568a0b81e6f04d9b113e518a3cb241bfe34c3dd514a2d3b6fe7e40
2024-02-06T00:51:10.0401693Z Finalizing artifact upload
2024-02-06T00:51:10.1124113Z Artifact pluginVerifier-result.zip successfully finalized. Artifact ID 1222165056
2024-02-06T00:51:10.1126022Z Artifact pluginVerifier-result has been successfully uploaded! Final size is 10519 bytes. Artifact ID is 1222165056
2024-02-06T00:51:10.1131281Z Artifact download URL: https://github.com/cunla/ghactions-manager/actions/runs/7792954290/artifacts/1222165056
2024-02-06T00:51:10.1236603Z ##[group]Run cd /home/runner/work/ghactions-manager/ghactions-manager/build/distributions
2024-02-06T00:51:10.1237716Z [36;1mcd /home/runner/work/ghactions-manager/ghactions-manager/build/distributions[0m
2024-02-06T00:51:10.1238324Z [36;1mFILENAME=`ls *.zip`[0m
2024-02-06T00:51:10.1238640Z [36;1munzip "$FILENAME" -d content[0m
2024-02-06T00:51:10.1238965Z [36;1m[0m
2024-02-06T00:51:10.1239280Z [36;1mecho "filename=${FILENAME:0:-4}" >> $GITHUB_OUTPUT[0m
2024-02-06T00:51:10.1264711Z shell: /usr/bin/bash --noprofile --norc -e -o pipefail {0}
2024-02-06T00:51:10.1265119Z env:
2024-02-06T00:51:10.1265428Z   JAVA_HOME: /opt/hostedtoolcache/Java_Zulu_jdk/17.0.10-7/x64
2024-02-06T00:51:10.1265961Z   JAVA_HOME_17_X64: /opt/hostedtoolcache/Java_Zulu_jdk/17.0.10-7/x64
2024-02-06T00:51:10.1266391Z ##[endgroup]
2024-02-06T00:51:10.1533228Z Archive:  github-actions-manager-1.15.3.zip
2024-02-06T00:51:10.1534352Z    creating: content/github-actions-manager/
2024-02-06T00:51:10.1535404Z    creating: content/github-actions-manager/lib/
2024-02-06T00:51:10.1536680Z   inflating: content/github-actions-manager/lib/mockk-core-jvm-1.13.9.jar
2024-02-06T00:51:10.1665543Z   inflating: content/github-actions-manager/lib/kotlin-stdlib-1.9.21.jar
2024-02-06T00:51:10.1680219Z   inflating: content/github-actions-manager/lib/junit-platform-engine-1.8.2.jar
2024-02-06T00:51:10.1681342Z   inflating: content/github-actions-manager/lib/kotlin-stdlib-jdk8-1.9.10.jar
2024-02-06T00:51:10.1684077Z   inflating: content/github-actions-manager/lib/annotations-24.1.0.jar
2024-02-06T00:51:10.1719553Z   inflating: content/github-actions-manager/lib/mockk-dsl-jvm-1.13.9.jar
2024-02-06T00:51:10.1759883Z   inflating: content/github-actions-manager/lib/junit-jupiter-params-5.8.2.jar
2024-02-06T00:51:10.1760984Z   inflating: content/github-actions-manager/lib/kotlin-stdlib-jdk7-1.9.10.jar
2024-02-06T00:51:10.1993516Z   inflating: content/github-actions-manager/lib/kotlin-reflect-1.9.10.jar
2024-02-06T00:51:10.1994803Z   inflating: content/github-actions-manager/lib/opentest4j-1.2.0.jar
2024-02-06T00:51:10.2315292Z   inflating: content/github-actions-manager/lib/byte-buddy-1.14.6.jar
2024-02-06T00:51:10.2329740Z   inflating: content/github-actions-manager/lib/junit-jupiter-api-5.8.2.jar
2024-02-06T00:51:10.2336761Z   inflating: content/github-actions-manager/lib/mockk-agent-jvm-1.13.9.jar
2024-02-06T00:51:10.2369780Z   inflating: content/github-actions-manager/lib/instrumented-ghactions-manager-1.15.3.jar
2024-02-06T00:51:10.2377465Z   inflating: content/github-actions-manager/lib/junit-platform-commons-1.8.2.jar
2024-02-06T00:51:10.2489436Z   inflating: content/github-actions-manager/lib/kotlinx-coroutines-core-jvm-1.6.4.jar
2024-02-06T00:51:10.2490938Z   inflating: content/github-actions-manager/lib/junit-jupiter-5.8.2.jar
2024-02-06T00:51:10.2494845Z   inflating: content/github-actions-manager/lib/objenesis-3.3.jar
2024-02-06T00:51:10.2514174Z   inflating: content/github-actions-manager/lib/byte-buddy-agent-1.14.6.jar
2024-02-06T00:51:10.2552825Z   inflating: content/github-actions-manager/lib/mockk-jvm-1.13.9.jar
2024-02-06T00:51:10.2580512Z   inflating: content/github-actions-manager/lib/junit-4.13.2.jar
2024-02-06T00:51:10.2584456Z   inflating: content/github-actions-manager/lib/hamcrest-core-1.3.jar
2024-02-06T00:51:10.2588743Z   inflating: content/github-actions-manager/lib/mockk-agent-api-jvm-1.13.9.jar
2024-02-06T00:51:10.2606084Z   inflating: content/github-actions-manager/lib/junit-jupiter-engine-5.8.2.jar
2024-02-06T00:51:10.2607102Z   inflating: content/github-actions-manager/lib/searchableOptions-1.15.3.jar
2024-02-06T00:51:10.2659102Z ##[group]Run actions/upload-artifact@v4
2024-02-06T00:51:10.2659469Z with:
2024-02-06T00:51:10.2659727Z   name: github-actions-manager-1.15.3
2024-02-06T00:51:10.2660111Z   path: ./build/distributions/content/*/*
2024-02-06T00:51:10.2660467Z   if-no-files-found: warn
2024-02-06T00:51:10.2660752Z   compression-level: 6
2024-02-06T00:51:10.2661022Z   overwrite: false
2024-02-06T00:51:10.2661259Z env:
2024-02-06T00:51:10.2661579Z   JAVA_HOME: /opt/hostedtoolcache/Java_Zulu_jdk/17.0.10-7/x64
2024-02-06T00:51:10.2662117Z   JAVA_HOME_17_X64: /opt/hostedtoolcache/Java_Zulu_jdk/17.0.10-7/x64
2024-02-06T00:51:10.2662544Z ##[endgroup]
2024-02-06T00:51:10.4757358Z With the provided path, there will be 25 files uploaded
2024-02-06T00:51:10.4764049Z Artifact name is valid!
2024-02-06T00:51:10.4765035Z Root directory input is valid!
2024-02-06T00:51:10.5548824Z Beginning upload of artifact content to blob storage
2024-02-06T00:51:11.0528577Z Uploaded bytes 8388608
2024-02-06T00:51:11.2250792Z Uploaded bytes 12694043
2024-02-06T00:51:11.2421746Z Finished uploading artifact content to blob storage!
2024-02-06T00:51:11.2429266Z SHA256 hash of uploaded artifact zip is 3334d3208d7149cc3ac9120781788afc3a4d0f0f43eb4c2a1d0b35754529bcc5
2024-02-06T00:51:11.2431646Z Finalizing artifact upload
2024-02-06T00:51:11.3184286Z Artifact github-actions-manager-1.15.3.zip successfully finalized. Artifact ID 1222165082
2024-02-06T00:51:11.3186605Z Artifact github-actions-manager-1.15.3 has been successfully uploaded! Final size is 12694043 bytes. Artifact ID is 1222165082
2024-02-06T00:51:11.3193807Z Artifact download URL: https://github.com/cunla/ghactions-manager/actions/runs/7792954290/artifacts/1222165082
2024-02-06T00:51:11.3952977Z Post job cleanup.
2024-02-06T00:51:11.5135994Z Cache hit occurred on the primary key plugin-verifier-9a305983231f0d6cf534a9fd59cc676edc3526015adcd345873334dba070b40f, not saving cache.
2024-02-06T00:51:11.5262146Z Post job cleanup.
2024-02-06T00:51:11.6789951Z Cache hit occurred on the primary key setup-java-Linux-gradle-5692ce608cf1a87ae7313a2527bf681efc1c5dfa44e5c41df2bc168e5700fa63, not saving cache.
2024-02-06T00:51:11.6947086Z Post job cleanup.
2024-02-06T00:51:11.7682000Z [command]/usr/bin/git version
2024-02-06T00:51:11.7721422Z git version 2.43.0
2024-02-06T00:51:11.7762076Z Temporarily overriding HOME='/home/runner/work/_temp/05dc2046-0f24-4d00-87bb-270cb0378720' before making global git config changes
2024-02-06T00:51:11.7763715Z Adding repository directory to the temporary git global config as a safe directory
2024-02-06T00:51:11.7766785Z [command]/usr/bin/git config --global --add safe.directory /home/runner/work/ghactions-manager/ghactions-manager
2024-02-06T00:51:11.7800308Z [command]/usr/bin/git config --local --name-only --get-regexp core\.sshCommand
2024-02-06T00:51:11.7831785Z [command]/usr/bin/git submodule foreach --recursive sh -c "git config --local --name-only --get-regexp 'core\.sshCommand' && git config --local --unset-all 'core.sshCommand' || :"
2024-02-06T00:51:11.8075594Z [command]/usr/bin/git config --local --name-only --get-regexp http\.https\:\/\/github\.com\/\.extraheader
2024-02-06T00:51:11.8096252Z http.https://github.com/.extraheader
2024-02-06T00:51:11.8107223Z [command]/usr/bin/git config --local --unset-all http.https://github.com/.extraheader
2024-02-06T00:51:11.8136493Z [command]/usr/bin/git submodule foreach --recursive sh -c "git config --local --name-only --get-regexp 'http\.https\:\/\/github\.com\/\.extraheader' && git config --local --unset-all 'http.https://github.com/.extraheader' || :"
2024-02-06T00:51:11.8594630Z Evaluate and set job outputs
2024-02-06T00:51:11.8605348Z Set output 'version'
2024-02-06T00:51:11.8606535Z Cleaning up orphan processes
2024-02-06T00:51:11.8972267Z Terminate orphan process: pid (1814) (java)
2024-02-06T00:51:11.9015178Z Terminate orphan process: pid (2014) (java)
